******************************************************************************
                  TI ARM Linker PC v18.1.3                     
******************************************************************************
>> Linked Wed Oct 17 21:41:43 2018

OUTPUT FILE NAME:   <Lab4Servo.out>
ENTRY POINT SYMBOL: "_c_int00_noargs"  address: 00000c01


MEMORY CONFIGURATION

         name            origin    length      used     unused   attr    fill
----------------------  --------  ---------  --------  --------  ----  --------
  MAIN                  00000000   00040000  00000ef4  0003f10c  R  X
  INFO                  00200000   00004000  00000000  00004000  R  X
  SRAM_CODE             01000000   00010000  00000204  0000fdfc  RW X
  SRAM_DATA             20000000   00010000  00000204  0000fdfc  RW  


SEGMENT ALLOCATION MAP

run origin  load origin   length   init length attrs members
----------  ----------- ---------- ----------- ----- -------
00000000    00000000    00000ef4   00000ef4    r-x
  00000000    00000000    000000e4   000000e4    r-- .intvecs
  000000e4    000000e4    00000d68   00000d68    r-x .text
  00000e4c    00000e4c    00000094   00000094    r-- .const
  00000ee0    00000ee0    00000014   00000014    r-- .cinit
20000000    20000000    00000004   00000000    rw-
  20000000    20000000    00000004   00000000    rw- .bss
2000fe00    2000fe00    00000200   00000000    rw-
  2000fe00    2000fe00    00000200   00000000    rw- .stack


SECTION ALLOCATION MAP

 output                                  attributes/
section   page    origin      length       input sections
--------  ----  ----------  ----------   ----------------
.intvecs   0    00000000    000000e4     
                  00000000    000000e4     startup_msp432p401r_ccs.obj (.intvecs:retain)

.text      0    000000e4    00000d68     
                  000000e4    0000019c     msp432p4xx_driverlib.lib : cs.o (.text:CS_setDCOFrequency)
                  00000280    00000168     printf.obj (.text:printf)
                  000003e8    00000130     msp432p4xx_driverlib.lib : cs.o (.text:CS_initClockSignal)
                  00000518    00000120     msp432p401x_p1_01.obj (.text:EUSCIA0_IRQHandler)
                  00000638    000000fc     msp432p4xx_driverlib.lib : uart.o (.text:UART_initModule)
                  00000734    00000094                              : sysctl_a.o (.text:SysCtl_A_getTLVInfo)
                  000007c8    00000088                              : cs.o (.text:CS_tuneDCOFrequency)
                  00000850    00000088                              : gpio.o (.text:GPIO_setAsPeripheralModuleFunctionInputPin)
                  000008d8    00000088                              : gpio.o (.text:GPIO_setAsPeripheralModuleFunctionOutputPin)
                  00000960    00000080                              : interrupt.o (.text:Interrupt_enableInterrupt)
                  000009e0    0000007c     printf.obj (.text:xtoa)
                  00000a5c    00000078     system_msp432p401r.obj (.text:SystemInit)
                  00000ad4    00000056     msp432p4xx_driverlib.lib : uart.o (.text:UART_getEnabledInterruptStatus)
                  00000b2a    00000002     startup_msp432p401r_ccs.obj (.text:Default_Handler)
                  00000b2c    00000054     msp432p401x_p1_01.obj (.text:main)
                  00000b80    00000044     rtsv7M4_T_le_v4SPD16_eabi.lib : autoinit.c.obj (.text:__TI_auto_init_nobinit_nopinit:__TI_auto_init_nobinit_nopinit)
                  00000bc4    0000003c     msp432p401x_p1_01.obj (.text:configTimerA0forPWM)
                  00000c00    00000038     rtsv7M4_T_le_v4SPD16_eabi.lib : boot_cortex_m.c.obj (.text:_c_int00_noargs:_c_int00_noargs)
                  00000c38    00000034     msp432p4xx_driverlib.lib : cs.o (.text:CS_setDCOCenteredFrequency)
                  00000c6c    00000034                              : uart.o (.text:UART_transmitData)
                  00000ca0    00000034     msp432p401x_p1_01.obj (.text:configUART)
                  00000cd4    00000030     msp432p4xx_driverlib.lib : uart.o (.text:UART_enableInterrupt)
                  00000d04    00000030                              : uart.o (.text:UART_receiveData)
                  00000d34    00000024                              : wdt_a.o (.text:WDT_A_holdTimer)
                  00000d58    00000024     printf.obj (.text:puts)
                  00000d7c    0000001c     printf.obj (.text:puth)
                  00000d98    00000018     msp432p4xx_driverlib.lib : uart.o (.text:UART_getInterruptStatus)
                  00000db0    00000016                              : uart.o (.text:UART_clearInterruptFlag)
                  00000dc6    00000016                              : uart.o (.text:UART_enableModule)
                  00000ddc    00000014     printf.obj (.text:sendByte)
                  00000df0    00000012     rtsv7M4_T_le_v4SPD16_eabi.lib : copy_zero_init.c.obj (.text:decompress:ZI:__TI_zero_init_nomemset:__TI_zero_init_nomemset)
                  00000e02    00000012     printf.obj (.text:putc)
                  00000e14    00000010     msp432p4xx_driverlib.lib : interrupt.o (.text:Interrupt_enableMaster)
                  00000e24    0000000c                              : cpu.o (.text:CPU_cpsie)
                  00000e30    0000000c     startup_msp432p401r_ccs.obj (.text:Reset_Handler)
                  00000e3c    00000008     msp432p401x_p1_01.obj (.text:disableWDT)
                  00000e44    00000004     rtsv7M4_T_le_v4SPD16_eabi.lib : pre_init.c.obj (.text:_system_pre_init)
                  00000e48    00000004                                   : exit.c.obj (.text:abort:abort)

.const     0    00000e4c    00000094     
                  00000e4c    00000030     msp432p4xx_driverlib.lib : gpio.o (.const:GPIO_PORT_TO_BASE)
                  00000e7c    00000028     printf.obj (.const:dv)
                  00000ea4    00000024     msp432p401x_p1_01.obj (.const:uartConfig)
                  00000ec8    00000010     printf.obj (.const:.string:hex$1)
                  00000ed8    00000008     msp432p4xx_driverlib.lib : interrupt.o (.const:g_pulEnRegs)

.cinit     0    00000ee0    00000014     
                  00000ee0    00000008     (.cinit..bss.load) [load image, compression = zero_init]
                  00000ee8    00000004     (__TI_handler_table)
                  00000eec    00000008     (__TI_cinit_table)

.init_array 
*          0    00000000    00000000     UNINITIALIZED

.binit     0    00000000    00000000     

.bss       0    20000000    00000004     UNINITIALIZED
                  20000000    00000004     msp432p401x_p1_01.obj (.bss)

.stack     0    2000fe00    00000200     UNINITIALIZED
                  2000fe00    00000004     rtsv7M4_T_le_v4SPD16_eabi.lib : boot_cortex_m.c.obj (.stack)
                  2000fe04    000001fc     --HOLE--

MODULE SUMMARY

       Module                        code   ro data   rw data
       ------                        ----   -------   -------
    .\
       printf.obj                    586    56        0      
       msp432p401x_p1_01.obj         492    36        8      
       system_msp432p401r.obj        120    0         0      
    +--+-----------------------------+------+---------+---------+
       Total:                        1198   92        8      
                                                             
    .\ccs\
       startup_msp432p401r_ccs.obj   14     228       0      
    +--+-----------------------------+------+---------+---------+
       Total:                        14     228       0      
                                                             
    C:/ti/simplelink_msp432p4_sdk_2_20_00_12/source/ti/devices/msp432p4xx/driverlib/ccs/msp432p4xx_driverlib.lib
       cs.o                          904    0         0      
       uart.o                        554    0         0      
       gpio.o                        272    48        0      
       interrupt.o                   144    8         0      
       sysctl_a.o                    148    0         0      
       wdt_a.o                       36     0         0      
       cpu.o                         12     0         0      
    +--+-----------------------------+------+---------+---------+
       Total:                        2070   56        0      
                                                             
    C:\ti\ccsv8\tools\compiler\ti-cgt-arm_18.1.3.LTS\lib\rtsv7M4_T_le_v4SPD16_eabi.lib
       autoinit.c.obj                68     0         0      
       boot_cortex_m.c.obj           56     0         0      
       copy_zero_init.c.obj          18     0         0      
       exit.c.obj                    4      0         0      
       pre_init.c.obj                4      0         0      
    +--+-----------------------------+------+---------+---------+
       Total:                        150    0         0      
                                                             
       Stack:                        0      0         1024   
       Linker Generated:             0      20        0      
    +--+-----------------------------+------+---------+---------+
       Grand Total:                  3432   396       1032   


LINKER GENERATED COPY TABLES

__TI_cinit_table @ 00000eec records: 1, size/record: 8, table size: 8
	.bss: load addr=00000ee0, load size=00000008 bytes, run addr=20000000, run size=00000004 bytes, compression=zero_init


LINKER GENERATED HANDLER TABLE

__TI_handler_table @ 00000ee8 records: 1, size/record: 4, table size: 4
	index: 0, handler: __TI_zero_init


GLOBAL SYMBOLS: SORTED ALPHABETICALLY BY Name 

address   name                                       
-------   ----                                       
00000b2b  ADC14_IRQHandler                           
00000b2b  AES256_IRQHandler                          
00000b2b  BusFault_Handler                           
00000e49  C$$EXIT                                    
00000b2b  COMP_E0_IRQHandler                         
00000b2b  COMP_E1_IRQHandler                         
00000e25  CPU_cpsie                                  
00000b2b  CS_IRQHandler                              
000003e9  CS_initClockSignal                         
00000c39  CS_setDCOCenteredFrequency                 
000000e5  CS_setDCOFrequency                         
000007c9  CS_tuneDCOFrequency                        
00000b2b  DMA_ERR_IRQHandler                         
00000b2b  DMA_INT0_IRQHandler                        
00000b2b  DMA_INT1_IRQHandler                        
00000b2b  DMA_INT2_IRQHandler                        
00000b2b  DMA_INT3_IRQHandler                        
00000b2b  DebugMon_Handler                           
00000b2b  Default_Handler                            
00000519  EUSCIA0_IRQHandler                         
00000519  EUSCIA0_IRQHandler                         
00000b2b  EUSCIA1_IRQHandler                         
00000b2b  EUSCIA2_IRQHandler                         
00000b2b  EUSCIA3_IRQHandler                         
00000b2b  EUSCIB0_IRQHandler                         
00000b2b  EUSCIB1_IRQHandler                         
00000b2b  EUSCIB2_IRQHandler                         
00000b2b  EUSCIB3_IRQHandler                         
00000b2b  FLCTL_IRQHandler                           
00000b2b  FPU_IRQHandler                             
00000851  GPIO_setAsPeripheralModuleFunctionInputPin 
000008d9  GPIO_setAsPeripheralModuleFunctionOutputPin
00000b2b  HardFault_Handler                          
00000961  Interrupt_enableInterrupt                  
00000e15  Interrupt_enableMaster                     
00000b2b  MemManage_Handler                          
00000b2b  NMI_Handler                                
00000b2b  PCM_IRQHandler                             
00000b2b  PORT1_IRQHandler                           
00000b2b  PORT2_IRQHandler                           
00000b2b  PORT3_IRQHandler                           
00000b2b  PORT4_IRQHandler                           
00000b2b  PORT5_IRQHandler                           
00000b2b  PORT6_IRQHandler                           
00000b2b  PSS_IRQHandler                             
00000b2b  PendSV_Handler                             
00000b2b  RTC_C_IRQHandler                           
00000e31  Reset_Handler                              
00000b2b  SVC_Handler                                
00000735  SysCtl_A_getTLVInfo                        
00000b2b  SysTick_Handler                            
00000a5d  SystemInit                                 
00000b2b  T32_INT1_IRQHandler                        
00000b2b  T32_INT2_IRQHandler                        
00000b2b  T32_INTC_IRQHandler                        
00000b2b  TA0_0_IRQHandler                           
00000b2b  TA0_N_IRQHandler                           
00000b2b  TA1_0_IRQHandler                           
00000b2b  TA1_N_IRQHandler                           
00000b2b  TA2_0_IRQHandler                           
00000b2b  TA2_N_IRQHandler                           
00000b2b  TA3_0_IRQHandler                           
00000b2b  TA3_N_IRQHandler                           
00000db1  UART_clearInterruptFlag                    
00000cd5  UART_enableInterrupt                       
00000dc7  UART_enableModule                          
00000ad5  UART_getEnabledInterruptStatus             
00000d99  UART_getInterruptStatus                    
00000639  UART_initModule                            
00000d05  UART_receiveData                           
00000c6d  UART_transmitData                          
00000b2b  UsageFault_Handler                         
4000480c  WDTCTL_SYM                                 
00000b2b  WDT_A_IRQHandler                           
00000d35  WDT_A_holdTimer                            
20010000  __STACK_END                                
00000200  __STACK_SIZE                               
00000eec  __TI_CINIT_Base                            
00000ef4  __TI_CINIT_Limit                           
00000ee8  __TI_Handler_Table_Base                    
00000eec  __TI_Handler_Table_Limit                   
00000b81  __TI_auto_init_nobinit_nopinit             
ffffffff  __TI_pprof_out_hndl                        
ffffffff  __TI_prof_data_size                        
ffffffff  __TI_prof_data_start                       
00000000  __TI_static_base__                         
00000df1  __TI_zero_init_nomemset                    
ffffffff  __binit__                                  
ffffffff  __c_args__                                 
UNDEFED   __mpu_init                                 
2000fe00  __stack                                    
00000c01  _c_int00_noargs                            
UNDEFED   _system_post_cinit                         
00000e45  _system_pre_init                           
00000e49  abort                                      
ffffffff  binit                                      
00000bc5  configTimerA0forPWM                        
00000ca1  configUART                                 
00000e3d  disableWDT                                 
00000000  interruptVectors                           
00000b2d  main                                       
00000281  printf                                     
00000e03  putc                                       
00000d59  puts                                       
00000ddd  sendByte                                   
00000ea4  uartConfig                                 


GLOBAL SYMBOLS: SORTED BY Symbol Address 

address   name                                       
-------   ----                                       
00000000  __TI_static_base__                         
00000000  interruptVectors                           
000000e5  CS_setDCOFrequency                         
00000200  __STACK_SIZE                               
00000281  printf                                     
000003e9  CS_initClockSignal                         
00000519  EUSCIA0_IRQHandler                         
00000519  EUSCIA0_IRQHandler                         
00000639  UART_initModule                            
00000735  SysCtl_A_getTLVInfo                        
000007c9  CS_tuneDCOFrequency                        
00000851  GPIO_setAsPeripheralModuleFunctionInputPin 
000008d9  GPIO_setAsPeripheralModuleFunctionOutputPin
00000961  Interrupt_enableInterrupt                  
00000a5d  SystemInit                                 
00000ad5  UART_getEnabledInterruptStatus             
00000b2b  ADC14_IRQHandler                           
00000b2b  AES256_IRQHandler                          
00000b2b  BusFault_Handler                           
00000b2b  COMP_E0_IRQHandler                         
00000b2b  COMP_E1_IRQHandler                         
00000b2b  CS_IRQHandler                              
00000b2b  DMA_ERR_IRQHandler                         
00000b2b  DMA_INT0_IRQHandler                        
00000b2b  DMA_INT1_IRQHandler                        
00000b2b  DMA_INT2_IRQHandler                        
00000b2b  DMA_INT3_IRQHandler                        
00000b2b  DebugMon_Handler                           
00000b2b  Default_Handler                            
00000b2b  EUSCIA1_IRQHandler                         
00000b2b  EUSCIA2_IRQHandler                         
00000b2b  EUSCIA3_IRQHandler                         
00000b2b  EUSCIB0_IRQHandler                         
00000b2b  EUSCIB1_IRQHandler                         
00000b2b  EUSCIB2_IRQHandler                         
00000b2b  EUSCIB3_IRQHandler                         
00000b2b  FLCTL_IRQHandler                           
00000b2b  FPU_IRQHandler                             
00000b2b  HardFault_Handler                          
00000b2b  MemManage_Handler                          
00000b2b  NMI_Handler                                
00000b2b  PCM_IRQHandler                             
00000b2b  PORT1_IRQHandler                           
00000b2b  PORT2_IRQHandler                           
00000b2b  PORT3_IRQHandler                           
00000b2b  PORT4_IRQHandler                           
00000b2b  PORT5_IRQHandler                           
00000b2b  PORT6_IRQHandler                           
00000b2b  PSS_IRQHandler                             
00000b2b  PendSV_Handler                             
00000b2b  RTC_C_IRQHandler                           
00000b2b  SVC_Handler                                
00000b2b  SysTick_Handler                            
00000b2b  T32_INT1_IRQHandler                        
00000b2b  T32_INT2_IRQHandler                        
00000b2b  T32_INTC_IRQHandler                        
00000b2b  TA0_0_IRQHandler                           
00000b2b  TA0_N_IRQHandler                           
00000b2b  TA1_0_IRQHandler                           
00000b2b  TA1_N_IRQHandler                           
00000b2b  TA2_0_IRQHandler                           
00000b2b  TA2_N_IRQHandler                           
00000b2b  TA3_0_IRQHandler                           
00000b2b  TA3_N_IRQHandler                           
00000b2b  UsageFault_Handler                         
00000b2b  WDT_A_IRQHandler                           
00000b2d  main                                       
00000b81  __TI_auto_init_nobinit_nopinit             
00000bc5  configTimerA0forPWM                        
00000c01  _c_int00_noargs                            
00000c39  CS_setDCOCenteredFrequency                 
00000c6d  UART_transmitData                          
00000ca1  configUART                                 
00000cd5  UART_enableInterrupt                       
00000d05  UART_receiveData                           
00000d35  WDT_A_holdTimer                            
00000d59  puts                                       
00000d99  UART_getInterruptStatus                    
00000db1  UART_clearInterruptFlag                    
00000dc7  UART_enableModule                          
00000ddd  sendByte                                   
00000df1  __TI_zero_init_nomemset                    
00000e03  putc                                       
00000e15  Interrupt_enableMaster                     
00000e25  CPU_cpsie                                  
00000e31  Reset_Handler                              
00000e3d  disableWDT                                 
00000e45  _system_pre_init                           
00000e49  C$$EXIT                                    
00000e49  abort                                      
00000ea4  uartConfig                                 
00000ee8  __TI_Handler_Table_Base                    
00000eec  __TI_CINIT_Base                            
00000eec  __TI_Handler_Table_Limit                   
00000ef4  __TI_CINIT_Limit                           
2000fe00  __stack                                    
20010000  __STACK_END                                
4000480c  WDTCTL_SYM                                 
ffffffff  __TI_pprof_out_hndl                        
ffffffff  __TI_prof_data_size                        
ffffffff  __TI_prof_data_start                       
ffffffff  __binit__                                  
ffffffff  __c_args__                                 
ffffffff  binit                                      
UNDEFED   __mpu_init                                 
UNDEFED   _system_post_cinit                         

[106 symbols]
