******************************************************************************
                  TI ARM Linker PC v18.1.3                     
******************************************************************************
>> Linked Tue Oct 30 12:41:27 2018

OUTPUT FILE NAME:   <Lab5.out>
ENTRY POINT SYMBOL: "_c_int00_noargs"  address: 00000e1d


MEMORY CONFIGURATION

         name            origin    length      used     unused   attr    fill
----------------------  --------  ---------  --------  --------  ----  --------
  MAIN                  00000000   00040000  00001230  0003edd0  R  X
  INFO                  00200000   00004000  00000000  00004000  R  X
  SRAM_CODE             01000000   00010000  00000204  0000fdfc  RW X
  SRAM_DATA             20000000   00010000  00000204  0000fdfc  RW  


SEGMENT ALLOCATION MAP

run origin  load origin   length   init length attrs members
----------  ----------- ---------- ----------- ----- -------
00000000    00000000    00001234   00001234    r-x
  00000000    00000000    000000e4   000000e4    r-- .intvecs
  000000e4    000000e4    000010a4   000010a4    r-x .text
  00001188    00001188    00000094   00000094    r-- .const
  00001220    00001220    00000014   00000014    r-- .cinit
20000000    20000000    00000004   00000000    rw-
  20000000    20000000    00000004   00000000    rw- .bss
2000fe00    2000fe00    00000200   00000000    rw-
  2000fe00    2000fe00    00000200   00000000    rw- .stack


SECTION ALLOCATION MAP

 output                                  attributes/
section   page    origin      length       input sections
--------  ----  ----------  ----------   ----------------
.intvecs   0    00000000    000000e4     
                  00000000    000000e4     startup_msp432p401r_ccs.obj (.intvecs:retain)

.text      0    000000e4    000010a4     
                  000000e4    000001c4     main.obj (.text:EUSCIA0_IRQHandler)
                  000002a8    0000019c     msp432p4xx_driverlib.lib : cs.o (.text:CS_setDCOFrequency)
                  00000444    00000168     printf.obj (.text:printf)
                  000005ac    00000130     msp432p4xx_driverlib.lib : cs.o (.text:CS_initClockSignal)
                  000006dc    000000fc                              : uart.o (.text:UART_initModule)
                  000007d8    00000094                              : sysctl_a.o (.text:SysCtl_A_getTLVInfo)
                  0000086c    00000088                              : cs.o (.text:CS_tuneDCOFrequency)
                  000008f4    00000088                              : gpio.o (.text:GPIO_setAsPeripheralModuleFunctionInputPin)
                  0000097c    00000088                              : gpio.o (.text:GPIO_setAsPeripheralModuleFunctionOutputPin)
                  00000a04    00000080                              : interrupt.o (.text:Interrupt_enableInterrupt)
                  00000a84    0000007c     printf.obj (.text:xtoa)
                  00000b00    00000078     system_msp432p401r.obj (.text:SystemInit)
                  00000b78    00000074     main.obj (.text:configTA0forMotorPWM)
                  00000bec    0000006c     main.obj (.text:setMotorPWM)
                  00000c58    00000056     msp432p4xx_driverlib.lib : uart.o (.text:UART_getEnabledInterruptStatus)
                  00000cae    00000002     startup_msp432p401r_ccs.obj (.text:Default_Handler)
                  00000cb0    00000054     main.obj (.text:main)
                  00000d04    00000050     main.obj (.text:configADC)
                  00000d54    00000044     main.obj (.text:ADC14_IRQHandler)
                  00000d98    00000044     rtsv7M4_T_le_v4SPD16_eabi.lib : autoinit.c.obj (.text:__TI_auto_init_nobinit_nopinit:__TI_auto_init_nobinit_nopinit)
                  00000ddc    00000040     msp432p4xx_driverlib.lib : gpio.o (.text:GPIO_setAsOutputPin)
                  00000e1c    00000038     rtsv7M4_T_le_v4SPD16_eabi.lib : boot_cortex_m.c.obj (.text:_c_int00_noargs:_c_int00_noargs)
                  00000e54    00000034     msp432p4xx_driverlib.lib : cs.o (.text:CS_setDCOCenteredFrequency)
                  00000e88    00000034                              : uart.o (.text:UART_transmitData)
                  00000ebc    00000034     main.obj (.text:configClocks)
                  00000ef0    00000034     main.obj (.text:configUART)
                  00000f24    00000030     msp432p4xx_driverlib.lib : cs.o (.text:CS_setReferenceOscillatorFrequency)
                  00000f54    00000030                              : uart.o (.text:UART_enableInterrupt)
                  00000f84    00000030                              : uart.o (.text:UART_receiveData)
                  00000fb4    00000030     main.obj (.text:configTimerA3PWMForADC)
                  00000fe4    00000028     msp432p4xx_driverlib.lib : gpio.o (.text:GPIO_setOutputHighOnPin)
                  0000100c    00000028                              : gpio.o (.text:GPIO_setOutputLowOnPin)
                  00001034    00000028                              : pcm.o (.text:PCM_gotoLPM0)
                  0000105c    00000024                              : wdt_a.o (.text:WDT_A_holdTimer)
                  00001080    00000024     printf.obj (.text:puts)
                  000010a4    0000001c     printf.obj (.text:puth)
                  000010c0    00000018     msp432p4xx_driverlib.lib : uart.o (.text:UART_getInterruptStatus)
                  000010d8    00000018     main.obj (.text:configOutput)
                  000010f0    00000016     msp432p4xx_driverlib.lib : uart.o (.text:UART_clearInterruptFlag)
                  00001106    00000016                              : uart.o (.text:UART_enableModule)
                  0000111c    00000014     printf.obj (.text:sendByte)
                  00001130    00000012     rtsv7M4_T_le_v4SPD16_eabi.lib : copy_zero_init.c.obj (.text:decompress:ZI:__TI_zero_init_nomemset:__TI_zero_init_nomemset)
                  00001142    00000012     printf.obj (.text:putc)
                  00001154    00000010     msp432p4xx_driverlib.lib : interrupt.o (.text:Interrupt_enableMaster)
                  00001164    0000000c                              : cpu.o (.text:CPU_cpsie)
                  00001170    0000000c     startup_msp432p401r_ccs.obj (.text:Reset_Handler)
                  0000117c    00000004     msp432p4xx_driverlib.lib : cpu.o (.text:CPU_wfi)
                  00001180    00000004     rtsv7M4_T_le_v4SPD16_eabi.lib : pre_init.c.obj (.text:_system_pre_init)
                  00001184    00000004                                   : exit.c.obj (.text:abort:abort)

.const     0    00001188    00000094     
                  00001188    00000030     msp432p4xx_driverlib.lib : gpio.o (.const:GPIO_PORT_TO_BASE)
                  000011b8    00000028     printf.obj (.const:dv)
                  000011e0    00000024     main.obj (.const:uartConfig)
                  00001204    00000010     printf.obj (.const:.string:hex$1)
                  00001214    00000008     msp432p4xx_driverlib.lib : interrupt.o (.const:g_pulEnRegs)

.cinit     0    00001220    00000014     
                  00001220    00000008     (.cinit..bss.load) [load image, compression = zero_init]
                  00001228    00000004     (__TI_handler_table)
                  0000122c    00000008     (__TI_cinit_table)

.init_array 
*          0    00000000    00000000     UNINITIALIZED

.binit     0    00000000    00000000     

.bss       0    20000000    00000004     UNINITIALIZED
                  20000000    00000004     main.obj (.bss)

.stack     0    2000fe00    00000200     UNINITIALIZED
                  2000fe00    00000004     rtsv7M4_T_le_v4SPD16_eabi.lib : boot_cortex_m.c.obj (.stack)
                  2000fe04    000001fc     --HOLE--

MODULE SUMMARY

       Module                        code   ro data   rw data
       ------                        ----   -------   -------
    .\
       main.obj                      1084   36        8      
       printf.obj                    586    56        0      
       system_msp432p401r.obj        120    0         0      
    +--+-----------------------------+------+---------+---------+
       Total:                        1790   92        8      
                                                             
    .\ccs\
       startup_msp432p401r_ccs.obj   14     228       0      
    +--+-----------------------------+------+---------+---------+
       Total:                        14     228       0      
                                                             
    C:/ti/simplelink_msp432p4_sdk_2_20_00_12/source/ti/devices/msp432p4xx/driverlib/ccs/msp432p4xx_driverlib.lib
       cs.o                          952    0         0      
       uart.o                        554    0         0      
       gpio.o                        416    48        0      
       interrupt.o                   144    8         0      
       sysctl_a.o                    148    0         0      
       pcm.o                         40     0         0      
       wdt_a.o                       36     0         0      
       cpu.o                         16     0         0      
    +--+-----------------------------+------+---------+---------+
       Total:                        2306   56        0      
                                                             
    C:\ti\ccsv8\tools\compiler\ti-cgt-arm_18.1.3.LTS\lib\rtsv7M4_T_le_v4SPD16_eabi.lib
       autoinit.c.obj                68     0         0      
       boot_cortex_m.c.obj           56     0         0      
       copy_zero_init.c.obj          18     0         0      
       exit.c.obj                    4      0         0      
       pre_init.c.obj                4      0         0      
    +--+-----------------------------+------+---------+---------+
       Total:                        150    0         0      
                                                             
       Stack:                        0      0         1024   
       Linker Generated:             0      20        0      
    +--+-----------------------------+------+---------+---------+
       Grand Total:                  4260   396       1032   


LINKER GENERATED COPY TABLES

__TI_cinit_table @ 0000122c records: 1, size/record: 8, table size: 8
	.bss: load addr=00001220, load size=00000008 bytes, run addr=20000000, run size=00000004 bytes, compression=zero_init


LINKER GENERATED HANDLER TABLE

__TI_handler_table @ 00001228 records: 1, size/record: 4, table size: 4
	index: 0, handler: __TI_zero_init


GLOBAL SYMBOLS: SORTED ALPHABETICALLY BY Name 

address   name                                       
-------   ----                                       
00000d55  ADC14_IRQHandler                           
00000d55  ADC14_IRQHandler                           
00000caf  AES256_IRQHandler                          
00000caf  BusFault_Handler                           
00001185  C$$EXIT                                    
00000caf  COMP_E0_IRQHandler                         
00000caf  COMP_E1_IRQHandler                         
00001165  CPU_cpsie                                  
0000117d  CPU_wfi                                    
00000caf  CS_IRQHandler                              
000005ad  CS_initClockSignal                         
00000e55  CS_setDCOCenteredFrequency                 
000002a9  CS_setDCOFrequency                         
00000f25  CS_setReferenceOscillatorFrequency         
0000086d  CS_tuneDCOFrequency                        
00000caf  DMA_ERR_IRQHandler                         
00000caf  DMA_INT0_IRQHandler                        
00000caf  DMA_INT1_IRQHandler                        
00000caf  DMA_INT2_IRQHandler                        
00000caf  DMA_INT3_IRQHandler                        
00000caf  DebugMon_Handler                           
00000caf  Default_Handler                            
000000e5  EUSCIA0_IRQHandler                         
000000e5  EUSCIA0_IRQHandler                         
00000caf  EUSCIA1_IRQHandler                         
00000caf  EUSCIA2_IRQHandler                         
00000caf  EUSCIA3_IRQHandler                         
00000caf  EUSCIB0_IRQHandler                         
00000caf  EUSCIB1_IRQHandler                         
00000caf  EUSCIB2_IRQHandler                         
00000caf  EUSCIB3_IRQHandler                         
00000caf  FLCTL_IRQHandler                           
00000caf  FPU_IRQHandler                             
00000ddd  GPIO_setAsOutputPin                        
000008f5  GPIO_setAsPeripheralModuleFunctionInputPin 
0000097d  GPIO_setAsPeripheralModuleFunctionOutputPin
00000fe5  GPIO_setOutputHighOnPin                    
0000100d  GPIO_setOutputLowOnPin                     
00000caf  HardFault_Handler                          
00000a05  Interrupt_enableInterrupt                  
00001155  Interrupt_enableMaster                     
00000caf  MemManage_Handler                          
00000caf  NMI_Handler                                
00000caf  PCM_IRQHandler                             
00001035  PCM_gotoLPM0                               
00000caf  PORT1_IRQHandler                           
00000caf  PORT2_IRQHandler                           
00000caf  PORT3_IRQHandler                           
00000caf  PORT4_IRQHandler                           
00000caf  PORT5_IRQHandler                           
00000caf  PORT6_IRQHandler                           
00000caf  PSS_IRQHandler                             
00000caf  PendSV_Handler                             
00000caf  RTC_C_IRQHandler                           
00001171  Reset_Handler                              
00000caf  SVC_Handler                                
000007d9  SysCtl_A_getTLVInfo                        
00000caf  SysTick_Handler                            
00000b01  SystemInit                                 
00000caf  T32_INT1_IRQHandler                        
00000caf  T32_INT2_IRQHandler                        
00000caf  T32_INTC_IRQHandler                        
00000caf  TA0_0_IRQHandler                           
00000caf  TA0_N_IRQHandler                           
00000caf  TA1_0_IRQHandler                           
00000caf  TA1_N_IRQHandler                           
00000caf  TA2_0_IRQHandler                           
00000caf  TA2_N_IRQHandler                           
00000caf  TA3_0_IRQHandler                           
00000caf  TA3_N_IRQHandler                           
000010f1  UART_clearInterruptFlag                    
00000f55  UART_enableInterrupt                       
00001107  UART_enableModule                          
00000c59  UART_getEnabledInterruptStatus             
000010c1  UART_getInterruptStatus                    
000006dd  UART_initModule                            
00000f85  UART_receiveData                           
00000e89  UART_transmitData                          
00000caf  UsageFault_Handler                         
4000480c  WDTCTL_SYM                                 
00000caf  WDT_A_IRQHandler                           
0000105d  WDT_A_holdTimer                            
20010000  __STACK_END                                
00000200  __STACK_SIZE                               
0000122c  __TI_CINIT_Base                            
00001234  __TI_CINIT_Limit                           
00001228  __TI_Handler_Table_Base                    
0000122c  __TI_Handler_Table_Limit                   
00000d99  __TI_auto_init_nobinit_nopinit             
ffffffff  __TI_pprof_out_hndl                        
ffffffff  __TI_prof_data_size                        
ffffffff  __TI_prof_data_start                       
00000000  __TI_static_base__                         
00001131  __TI_zero_init_nomemset                    
ffffffff  __binit__                                  
ffffffff  __c_args__                                 
UNDEFED   __mpu_init                                 
2000fe00  __stack                                    
00000e1d  _c_int00_noargs                            
UNDEFED   _system_post_cinit                         
00001181  _system_pre_init                           
00001185  abort                                      
ffffffff  binit                                      
00000d05  configADC                                  
00000ebd  configClocks                               
000010d9  configOutput                               
00000b79  configTA0forMotorPWM                       
00000fb5  configTimerA3PWMForADC                     
00000ef1  configUART                                 
00000000  interruptVectors                           
00000cb1  main                                       
00000445  printf                                     
00001143  putc                                       
00001081  puts                                       
0000111d  sendByte                                   
00000bed  setMotorPWM                                
000011e0  uartConfig                                 


GLOBAL SYMBOLS: SORTED BY Symbol Address 

address   name                                       
-------   ----                                       
00000000  __TI_static_base__                         
00000000  interruptVectors                           
000000e5  EUSCIA0_IRQHandler                         
000000e5  EUSCIA0_IRQHandler                         
00000200  __STACK_SIZE                               
000002a9  CS_setDCOFrequency                         
00000445  printf                                     
000005ad  CS_initClockSignal                         
000006dd  UART_initModule                            
000007d9  SysCtl_A_getTLVInfo                        
0000086d  CS_tuneDCOFrequency                        
000008f5  GPIO_setAsPeripheralModuleFunctionInputPin 
0000097d  GPIO_setAsPeripheralModuleFunctionOutputPin
00000a05  Interrupt_enableInterrupt                  
00000b01  SystemInit                                 
00000b79  configTA0forMotorPWM                       
00000bed  setMotorPWM                                
00000c59  UART_getEnabledInterruptStatus             
00000caf  AES256_IRQHandler                          
00000caf  BusFault_Handler                           
00000caf  COMP_E0_IRQHandler                         
00000caf  COMP_E1_IRQHandler                         
00000caf  CS_IRQHandler                              
00000caf  DMA_ERR_IRQHandler                         
00000caf  DMA_INT0_IRQHandler                        
00000caf  DMA_INT1_IRQHandler                        
00000caf  DMA_INT2_IRQHandler                        
00000caf  DMA_INT3_IRQHandler                        
00000caf  DebugMon_Handler                           
00000caf  Default_Handler                            
00000caf  EUSCIA1_IRQHandler                         
00000caf  EUSCIA2_IRQHandler                         
00000caf  EUSCIA3_IRQHandler                         
00000caf  EUSCIB0_IRQHandler                         
00000caf  EUSCIB1_IRQHandler                         
00000caf  EUSCIB2_IRQHandler                         
00000caf  EUSCIB3_IRQHandler                         
00000caf  FLCTL_IRQHandler                           
00000caf  FPU_IRQHandler                             
00000caf  HardFault_Handler                          
00000caf  MemManage_Handler                          
00000caf  NMI_Handler                                
00000caf  PCM_IRQHandler                             
00000caf  PORT1_IRQHandler                           
00000caf  PORT2_IRQHandler                           
00000caf  PORT3_IRQHandler                           
00000caf  PORT4_IRQHandler                           
00000caf  PORT5_IRQHandler                           
00000caf  PORT6_IRQHandler                           
00000caf  PSS_IRQHandler                             
00000caf  PendSV_Handler                             
00000caf  RTC_C_IRQHandler                           
00000caf  SVC_Handler                                
00000caf  SysTick_Handler                            
00000caf  T32_INT1_IRQHandler                        
00000caf  T32_INT2_IRQHandler                        
00000caf  T32_INTC_IRQHandler                        
00000caf  TA0_0_IRQHandler                           
00000caf  TA0_N_IRQHandler                           
00000caf  TA1_0_IRQHandler                           
00000caf  TA1_N_IRQHandler                           
00000caf  TA2_0_IRQHandler                           
00000caf  TA2_N_IRQHandler                           
00000caf  TA3_0_IRQHandler                           
00000caf  TA3_N_IRQHandler                           
00000caf  UsageFault_Handler                         
00000caf  WDT_A_IRQHandler                           
00000cb1  main                                       
00000d05  configADC                                  
00000d55  ADC14_IRQHandler                           
00000d55  ADC14_IRQHandler                           
00000d99  __TI_auto_init_nobinit_nopinit             
00000ddd  GPIO_setAsOutputPin                        
00000e1d  _c_int00_noargs                            
00000e55  CS_setDCOCenteredFrequency                 
00000e89  UART_transmitData                          
00000ebd  configClocks                               
00000ef1  configUART                                 
00000f25  CS_setReferenceOscillatorFrequency         
00000f55  UART_enableInterrupt                       
00000f85  UART_receiveData                           
00000fb5  configTimerA3PWMForADC                     
00000fe5  GPIO_setOutputHighOnPin                    
0000100d  GPIO_setOutputLowOnPin                     
00001035  PCM_gotoLPM0                               
0000105d  WDT_A_holdTimer                            
00001081  puts                                       
000010c1  UART_getInterruptStatus                    
000010d9  configOutput                               
000010f1  UART_clearInterruptFlag                    
00001107  UART_enableModule                          
0000111d  sendByte                                   
00001131  __TI_zero_init_nomemset                    
00001143  putc                                       
00001155  Interrupt_enableMaster                     
00001165  CPU_cpsie                                  
00001171  Reset_Handler                              
0000117d  CPU_wfi                                    
00001181  _system_pre_init                           
00001185  C$$EXIT                                    
00001185  abort                                      
000011e0  uartConfig                                 
00001228  __TI_Handler_Table_Base                    
0000122c  __TI_CINIT_Base                            
0000122c  __TI_Handler_Table_Limit                   
00001234  __TI_CINIT_Limit                           
2000fe00  __stack                                    
20010000  __STACK_END                                
4000480c  WDTCTL_SYM                                 
ffffffff  __TI_pprof_out_hndl                        
ffffffff  __TI_prof_data_size                        
ffffffff  __TI_prof_data_start                       
ffffffff  __binit__                                  
ffffffff  __c_args__                                 
ffffffff  binit                                      
UNDEFED   __mpu_init                                 
UNDEFED   _system_post_cinit                         

[117 symbols]
