<?xml version="1.0" encoding="ISO-8859-1" ?>
<link_info>
   <banner>TI ARM Linker PC v18.1.3.LTS</banner>
   <copyright>Copyright (c) 1996-2017 Texas Instruments Incorporated</copyright>
   <link_time>0x5c6c612b</link_time>
   <link_errors>0x0</link_errors>
   <output_file>LabPID.out</output_file>
   <entry_point>
      <name>_c_int00_noargs</name>
      <address>0x1b25</address>
   </entry_point>
   <input_file_list>
      <input_file id="fl-2">
         <path>.\</path>
         <kind>object</kind>
         <file>main.obj</file>
         <name>main.obj</name>
      </input_file>
      <input_file id="fl-3">
         <path>.\</path>
         <kind>object</kind>
         <file>printf.obj</file>
         <name>printf.obj</name>
      </input_file>
      <input_file id="fl-4">
         <path>.\</path>
         <kind>object</kind>
         <file>system_msp432p401r.obj</file>
         <name>system_msp432p401r.obj</name>
      </input_file>
      <input_file id="fl-5">
         <path>.\ccs\</path>
         <kind>object</kind>
         <file>startup_msp432p401r_ccs.obj</file>
         <name>startup_msp432p401r_ccs.obj</name>
      </input_file>
      <input_file id="fl-f">
         <kind>object</kind>
         <file>&lt;internal&gt;</file>
         <name>&lt;internal&gt;</name>
      </input_file>
      <input_file id="fl-10">
         <path>C:\ti\simplelink_msp432p4_sdk_2_20_00_12\source\ti\devices\msp432p4xx\driverlib\ccs\</path>
         <kind>archive</kind>
         <file>msp432p4xx_driverlib.lib</file>
         <name>cs.o</name>
      </input_file>
      <input_file id="fl-11">
         <path>C:\ti\simplelink_msp432p4_sdk_2_20_00_12\source\ti\devices\msp432p4xx\driverlib\ccs\</path>
         <kind>archive</kind>
         <file>msp432p4xx_driverlib.lib</file>
         <name>gpio.o</name>
      </input_file>
      <input_file id="fl-12">
         <path>C:\ti\simplelink_msp432p4_sdk_2_20_00_12\source\ti\devices\msp432p4xx\driverlib\ccs\</path>
         <kind>archive</kind>
         <file>msp432p4xx_driverlib.lib</file>
         <name>interrupt.o</name>
      </input_file>
      <input_file id="fl-13">
         <path>C:\ti\simplelink_msp432p4_sdk_2_20_00_12\source\ti\devices\msp432p4xx\driverlib\ccs\</path>
         <kind>archive</kind>
         <file>msp432p4xx_driverlib.lib</file>
         <name>pcm.o</name>
      </input_file>
      <input_file id="fl-14">
         <path>C:\ti\simplelink_msp432p4_sdk_2_20_00_12\source\ti\devices\msp432p4xx\driverlib\ccs\</path>
         <kind>archive</kind>
         <file>msp432p4xx_driverlib.lib</file>
         <name>rtc_c.o</name>
      </input_file>
      <input_file id="fl-15">
         <path>C:\ti\simplelink_msp432p4_sdk_2_20_00_12\source\ti\devices\msp432p4xx\driverlib\ccs\</path>
         <kind>archive</kind>
         <file>msp432p4xx_driverlib.lib</file>
         <name>sysctl_a.o</name>
      </input_file>
      <input_file id="fl-16">
         <path>C:\ti\simplelink_msp432p4_sdk_2_20_00_12\source\ti\devices\msp432p4xx\driverlib\ccs\</path>
         <kind>archive</kind>
         <file>msp432p4xx_driverlib.lib</file>
         <name>timer32.o</name>
      </input_file>
      <input_file id="fl-17">
         <path>C:\ti\simplelink_msp432p4_sdk_2_20_00_12\source\ti\devices\msp432p4xx\driverlib\ccs\</path>
         <kind>archive</kind>
         <file>msp432p4xx_driverlib.lib</file>
         <name>timer_a.o</name>
      </input_file>
      <input_file id="fl-18">
         <path>C:\ti\simplelink_msp432p4_sdk_2_20_00_12\source\ti\devices\msp432p4xx\driverlib\ccs\</path>
         <kind>archive</kind>
         <file>msp432p4xx_driverlib.lib</file>
         <name>uart.o</name>
      </input_file>
      <input_file id="fl-19">
         <path>C:\ti\simplelink_msp432p4_sdk_2_20_00_12\source\ti\devices\msp432p4xx\driverlib\ccs\</path>
         <kind>archive</kind>
         <file>msp432p4xx_driverlib.lib</file>
         <name>wdt_a.o</name>
      </input_file>
      <input_file id="fl-1a">
         <path>C:\ti\simplelink_msp432p4_sdk_2_20_00_12\source\ti\devices\msp432p4xx\driverlib\ccs\</path>
         <kind>archive</kind>
         <file>msp432p4xx_driverlib.lib</file>
         <name>cpu.o</name>
      </input_file>
      <input_file id="fl-d0">
         <path>C:\ti\ccsv8\tools\compiler\ti-cgt-arm_18.1.3.LTS\lib\</path>
         <kind>archive</kind>
         <file>rtsv7M4_T_le_v4SPD16_eabi.lib</file>
         <name>copy_zero_init.c.obj</name>
      </input_file>
      <input_file id="fl-d1">
         <path>C:\ti\ccsv8\tools\compiler\ti-cgt-arm_18.1.3.LTS\lib\</path>
         <kind>archive</kind>
         <file>rtsv7M4_T_le_v4SPD16_eabi.lib</file>
         <name>copy_decompress_none.c.obj</name>
      </input_file>
      <input_file id="fl-d2">
         <path>C:\ti\ccsv8\tools\compiler\ti-cgt-arm_18.1.3.LTS\lib\</path>
         <kind>archive</kind>
         <file>rtsv7M4_T_le_v4SPD16_eabi.lib</file>
         <name>copy_decompress_lzss.c.obj</name>
      </input_file>
      <input_file id="fl-d3">
         <path>C:\ti\ccsv8\tools\compiler\ti-cgt-arm_18.1.3.LTS\lib\</path>
         <kind>archive</kind>
         <file>rtsv7M4_T_le_v4SPD16_eabi.lib</file>
         <name>boot_cortex_m.c.obj</name>
      </input_file>
      <input_file id="fl-d4">
         <path>C:\ti\ccsv8\tools\compiler\ti-cgt-arm_18.1.3.LTS\lib\</path>
         <kind>archive</kind>
         <file>rtsv7M4_T_le_v4SPD16_eabi.lib</file>
         <name>memset_t2.asm.obj</name>
      </input_file>
      <input_file id="fl-d5">
         <path>C:\ti\ccsv8\tools\compiler\ti-cgt-arm_18.1.3.LTS\lib\</path>
         <kind>archive</kind>
         <file>rtsv7M4_T_le_v4SPD16_eabi.lib</file>
         <name>memcpy_t2.asm.obj</name>
      </input_file>
      <input_file id="fl-d6">
         <path>C:\ti\ccsv8\tools\compiler\ti-cgt-arm_18.1.3.LTS\lib\</path>
         <kind>archive</kind>
         <file>rtsv7M4_T_le_v4SPD16_eabi.lib</file>
         <name>autoinit.c.obj</name>
      </input_file>
      <input_file id="fl-d7">
         <path>C:\ti\ccsv8\tools\compiler\ti-cgt-arm_18.1.3.LTS\lib\</path>
         <kind>archive</kind>
         <file>rtsv7M4_T_le_v4SPD16_eabi.lib</file>
         <name>pre_init.c.obj</name>
      </input_file>
      <input_file id="fl-d8">
         <path>C:\ti\ccsv8\tools\compiler\ti-cgt-arm_18.1.3.LTS\lib\</path>
         <kind>archive</kind>
         <file>rtsv7M4_T_le_v4SPD16_eabi.lib</file>
         <name>cpy_tbl.c.obj</name>
      </input_file>
      <input_file id="fl-d9">
         <path>C:\ti\ccsv8\tools\compiler\ti-cgt-arm_18.1.3.LTS\lib\</path>
         <kind>archive</kind>
         <file>rtsv7M4_T_le_v4SPD16_eabi.lib</file>
         <name>exit.c.obj</name>
      </input_file>
      <input_file id="fl-da">
         <path>C:\ti\ccsv8\tools\compiler\ti-cgt-arm_18.1.3.LTS\lib\</path>
         <kind>archive</kind>
         <file>rtsv7M4_T_le_v4SPD16_eabi.lib</file>
         <name>_lock.c.obj</name>
      </input_file>
      <input_file id="fl-db">
         <path>C:\ti\ccsv8\tools\compiler\ti-cgt-arm_18.1.3.LTS\lib\</path>
         <kind>archive</kind>
         <file>rtsv7M4_T_le_v4SPD16_eabi.lib</file>
         <name>args_main.c.obj</name>
      </input_file>
   </input_file_list>
   <object_component_list>
      <object_component id="oc-23">
         <name>.intvecs:retain</name>
         <load_address>0x0</load_address>
         <run_address>0x0</run_address>
         <size>0xe4</size>
         <input_file_ref idref="fl-5"/>
      </object_component>
      <object_component id="oc-7c">
         <name>.text:EUSCIA0_IRQHandler</name>
         <load_address>0xe4</load_address>
         <run_address>0xe4</run_address>
         <size>0x5a0</size>
         <input_file_ref idref="fl-2"/>
      </object_component>
      <object_component id="oc-88">
         <name>.text:PORT5_IRQHandler</name>
         <load_address>0x684</load_address>
         <run_address>0x684</run_address>
         <size>0x1f0</size>
         <input_file_ref idref="fl-2"/>
      </object_component>
      <object_component id="oc-252">
         <name>.text:CS_setDCOFrequency</name>
         <load_address>0x874</load_address>
         <run_address>0x874</run_address>
         <size>0x19c</size>
         <input_file_ref idref="fl-10"/>
      </object_component>
      <object_component id="oc-13f">
         <name>.text:updatePIDController</name>
         <load_address>0xa10</load_address>
         <run_address>0xa10</run_address>
         <size>0x16c</size>
         <input_file_ref idref="fl-2"/>
      </object_component>
      <object_component id="oc-f6">
         <name>.text:printf</name>
         <load_address>0xb7c</load_address>
         <run_address>0xb7c</run_address>
         <size>0x168</size>
         <input_file_ref idref="fl-3"/>
      </object_component>
      <object_component id="oc-258">
         <name>.text:CS_initClockSignal</name>
         <load_address>0xce4</load_address>
         <run_address>0xce4</run_address>
         <size>0x130</size>
         <input_file_ref idref="fl-10"/>
      </object_component>
      <object_component id="oc-ba">
         <name>.text:main</name>
         <load_address>0xe14</load_address>
         <run_address>0xe14</run_address>
         <size>0x12c</size>
         <input_file_ref idref="fl-2"/>
      </object_component>
      <object_component id="oc-273">
         <name>.text:UART_initModule</name>
         <load_address>0xf40</load_address>
         <run_address>0xf40</run_address>
         <size>0xfc</size>
         <input_file_ref idref="fl-18"/>
      </object_component>
      <object_component id="oc-193">
         <name>.text:configEncoderGPIOInputs</name>
         <load_address>0x103c</load_address>
         <run_address>0x103c</run_address>
         <size>0xc4</size>
         <input_file_ref idref="fl-2"/>
      </object_component>
      <object_component id="oc-dd">
         <name>.text:packageDataOntoBuffer</name>
         <load_address>0x1100</load_address>
         <run_address>0x1100</run_address>
         <size>0x98</size>
         <input_file_ref idref="fl-2"/>
      </object_component>
      <object_component id="oc-310">
         <name>.text:SysCtl_A_getTLVInfo</name>
         <load_address>0x1198</load_address>
         <run_address>0x1198</run_address>
         <size>0x94</size>
         <input_file_ref idref="fl-15"/>
      </object_component>
      <object_component id="oc-31c">
         <name>.text:CS_tuneDCOFrequency</name>
         <load_address>0x122c</load_address>
         <run_address>0x122c</run_address>
         <size>0x88</size>
         <input_file_ref idref="fl-10"/>
      </object_component>
      <object_component id="oc-279">
         <name>.text:GPIO_setAsPeripheralModuleFunctionInputPin</name>
         <load_address>0x12b4</load_address>
         <run_address>0x12b4</run_address>
         <size>0x88</size>
         <input_file_ref idref="fl-11"/>
      </object_component>
      <object_component id="oc-26c">
         <name>.text:GPIO_setAsPeripheralModuleFunctionOutputPin</name>
         <load_address>0x133c</load_address>
         <run_address>0x133c</run_address>
         <size>0x88</size>
         <input_file_ref idref="fl-11"/>
      </object_component>
      <object_component id="oc-8e">
         <name>.text:PORT6_IRQHandler</name>
         <load_address>0x13c4</load_address>
         <run_address>0x13c4</run_address>
         <size>0x88</size>
         <input_file_ref idref="fl-2"/>
      </object_component>
      <object_component id="oc-127">
         <name>.text:GPIO_getEnabledInterruptStatus</name>
         <load_address>0x144c</load_address>
         <run_address>0x144c</run_address>
         <size>0x84</size>
         <input_file_ref idref="fl-11"/>
      </object_component>
      <object_component id="oc-28b">
         <name>.text:Interrupt_enableInterrupt</name>
         <load_address>0x14d0</load_address>
         <run_address>0x14d0</run_address>
         <size>0x80</size>
         <input_file_ref idref="fl-12"/>
      </object_component>
      <object_component id="oc-18d">
         <name>.text:configTA2andGPIOsForUltrasoundDistSensor</name>
         <load_address>0x1550</load_address>
         <run_address>0x1550</run_address>
         <size>0x80</size>
         <input_file_ref idref="fl-2"/>
      </object_component>
      <object_component id="oc-175">
         <name>.text:configTA0forMotorPWM</name>
         <load_address>0x15d0</load_address>
         <run_address>0x15d0</run_address>
         <size>0x7c</size>
         <input_file_ref idref="fl-2"/>
      </object_component>
      <object_component id="oc-224">
         <name>.text:xtoa</name>
         <load_address>0x164c</load_address>
         <run_address>0x164c</run_address>
         <size>0x7c</size>
         <input_file_ref idref="fl-3"/>
      </object_component>
      <object_component id="oc-ae">
         <name>.text</name>
         <load_address>0x16c8</load_address>
         <run_address>0x16c8</run_address>
         <size>0x7a</size>
         <input_file_ref idref="fl-d4"/>
      </object_component>
      <object_component id="oc-6a">
         <name>.text:Default_Handler</name>
         <load_address>0x1742</load_address>
         <run_address>0x1742</run_address>
         <size>0x2</size>
         <input_file_ref idref="fl-5"/>
      </object_component>
      <object_component id="oc-cc">
         <name>.text:SystemInit</name>
         <load_address>0x1744</load_address>
         <run_address>0x1744</run_address>
         <size>0x78</size>
         <input_file_ref idref="fl-4"/>
      </object_component>
      <object_component id="oc-19f">
         <name>.text:configTA1forLiveTuning</name>
         <load_address>0x17bc</load_address>
         <run_address>0x17bc</run_address>
         <size>0x78</size>
         <input_file_ref idref="fl-2"/>
      </object_component>
      <object_component id="oc-2ab">
         <name>.text:Timer32_initModule</name>
         <load_address>0x1834</load_address>
         <run_address>0x1834</run_address>
         <size>0x68</size>
         <input_file_ref idref="fl-16"/>
      </object_component>
      <object_component id="oc-fc">
         <name>.text:driveIndefinitely</name>
         <load_address>0x189c</load_address>
         <run_address>0x189c</run_address>
         <size>0x64</size>
         <input_file_ref idref="fl-2"/>
      </object_component>
      <object_component id="oc-e4">
         <name>.text:UART_getEnabledInterruptStatus</name>
         <load_address>0x1900</load_address>
         <run_address>0x1900</run_address>
         <size>0x56</size>
         <input_file_ref idref="fl-18"/>
      </object_component>
      <object_component id="oc-181">
         <name>.text:configADC</name>
         <load_address>0x1958</load_address>
         <run_address>0x1958</run_address>
         <size>0x50</size>
         <input_file_ref idref="fl-2"/>
      </object_component>
      <object_component id="oc-297">
         <name>.text:GPIO_setAsInputPin</name>
         <load_address>0x19a8</load_address>
         <run_address>0x19a8</run_address>
         <size>0x4c</size>
         <input_file_ref idref="fl-11"/>
      </object_component>
      <object_component id="oc-1d4">
         <name>.text:__TI_auto_init_nobinit_nopinit:__TI_auto_init_nobinit_nopinit</name>
         <load_address>0x19f4</load_address>
         <run_address>0x19f4</run_address>
         <size>0x44</size>
         <input_file_ref idref="fl-d6"/>
      </object_component>
      <object_component id="oc-265">
         <name>.text:GPIO_setAsOutputPin</name>
         <load_address>0x1a38</load_address>
         <run_address>0x1a38</run_address>
         <size>0x40</size>
         <input_file_ref idref="fl-11"/>
      </object_component>
      <object_component id="oc-139">
         <name>.text:GPIO_interruptEdgeSelect</name>
         <load_address>0x1a78</load_address>
         <run_address>0x1a78</run_address>
         <size>0x3c</size>
         <input_file_ref idref="fl-11"/>
      </object_component>
      <object_component id="oc-70">
         <name>.text:TA1_0_IRQHandler</name>
         <load_address>0x1ab4</load_address>
         <run_address>0x1ab4</run_address>
         <size>0x38</size>
         <input_file_ref idref="fl-2"/>
      </object_component>
      <object_component id="oc-1ab">
         <name>.text:Timer32_startTimer</name>
         <load_address>0x1aec</load_address>
         <run_address>0x1aec</run_address>
         <size>0x38</size>
         <input_file_ref idref="fl-16"/>
      </object_component>
      <object_component id="oc-52">
         <name>.text:_c_int00_noargs:_c_int00_noargs</name>
         <load_address>0x1b24</load_address>
         <run_address>0x1b24</run_address>
         <size>0x38</size>
         <input_file_ref idref="fl-d3"/>
      </object_component>
      <object_component id="oc-82">
         <name>.text:ADC14_IRQHandler</name>
         <load_address>0x1b5c</load_address>
         <run_address>0x1b5c</run_address>
         <size>0x34</size>
         <input_file_ref idref="fl-2"/>
      </object_component>
      <object_component id="oc-316">
         <name>.text:CS_setDCOCenteredFrequency</name>
         <load_address>0x1b90</load_address>
         <run_address>0x1b90</run_address>
         <size>0x34</size>
         <input_file_ref idref="fl-10"/>
      </object_component>
      <object_component id="oc-367">
         <name>.text:UART_transmitData</name>
         <load_address>0x1bc4</load_address>
         <run_address>0x1bc4</run_address>
         <size>0x34</size>
         <input_file_ref idref="fl-18"/>
      </object_component>
      <object_component id="oc-169">
         <name>.text:configClocks</name>
         <load_address>0x1bf8</load_address>
         <run_address>0x1bf8</run_address>
         <size>0x34</size>
         <input_file_ref idref="fl-2"/>
      </object_component>
      <object_component id="oc-17b">
         <name>.text:configUART</name>
         <load_address>0x1c2c</load_address>
         <run_address>0x1c2c</run_address>
         <size>0x34</size>
         <input_file_ref idref="fl-2"/>
      </object_component>
      <object_component id="oc-25e">
         <name>.text:CS_setReferenceOscillatorFrequency</name>
         <load_address>0x1c60</load_address>
         <run_address>0x1c60</run_address>
         <size>0x30</size>
         <input_file_ref idref="fl-10"/>
      </object_component>
      <object_component id="oc-2a4">
         <name>.text:GPIO_getInputPinValue</name>
         <load_address>0x1c90</load_address>
         <run_address>0x1c90</run_address>
         <size>0x30</size>
         <input_file_ref idref="fl-11"/>
      </object_component>
      <object_component id="oc-285">
         <name>.text:UART_enableInterrupt</name>
         <load_address>0x1cc0</load_address>
         <run_address>0x1cc0</run_address>
         <size>0x30</size>
         <input_file_ref idref="fl-18"/>
      </object_component>
      <object_component id="oc-f0">
         <name>.text:UART_receiveData</name>
         <load_address>0x1cf0</load_address>
         <run_address>0x1cf0</run_address>
         <size>0x30</size>
         <input_file_ref idref="fl-18"/>
      </object_component>
      <object_component id="oc-187">
         <name>.text:configTimerA3PWMForADC</name>
         <load_address>0x1d20</load_address>
         <run_address>0x1d20</run_address>
         <size>0x30</size>
         <input_file_ref idref="fl-2"/>
      </object_component>
      <object_component id="oc-11a">
         <name>.text:currentK</name>
         <load_address>0x1d50</load_address>
         <run_address>0x1d50</run_address>
         <size>0x30</size>
         <input_file_ref idref="fl-2"/>
      </object_component>
      <object_component id="oc-12d">
         <name>.text:GPIO_clearInterruptFlag</name>
         <load_address>0x1d80</load_address>
         <run_address>0x1d80</run_address>
         <size>0x28</size>
         <input_file_ref idref="fl-11"/>
      </object_component>
      <object_component id="oc-29d">
         <name>.text:GPIO_enableInterrupt</name>
         <load_address>0x1da8</load_address>
         <run_address>0x1da8</run_address>
         <size>0x28</size>
         <input_file_ref idref="fl-11"/>
      </object_component>
      <object_component id="oc-102">
         <name>.text:GPIO_setOutputHighOnPin</name>
         <load_address>0x1dd0</load_address>
         <run_address>0x1dd0</run_address>
         <size>0x28</size>
         <input_file_ref idref="fl-11"/>
      </object_component>
      <object_component id="oc-108">
         <name>.text:GPIO_setOutputLowOnPin</name>
         <load_address>0x1df8</load_address>
         <run_address>0x1df8</run_address>
         <size>0x28</size>
         <input_file_ref idref="fl-11"/>
      </object_component>
      <object_component id="oc-2c2">
         <name>.text:PCM_gotoLPM0</name>
         <load_address>0x1e20</load_address>
         <run_address>0x1e20</run_address>
         <size>0x28</size>
         <input_file_ref idref="fl-13"/>
      </object_component>
      <object_component id="oc-243">
         <name>.text:GPIO_getInterruptStatus</name>
         <load_address>0x1e48</load_address>
         <run_address>0x1e48</run_address>
         <size>0x24</size>
         <input_file_ref idref="fl-11"/>
      </object_component>
      <object_component id="oc-163">
         <name>.text:WDT_A_holdTimer</name>
         <load_address>0x1e6c</load_address>
         <run_address>0x1e6c</run_address>
         <size>0x24</size>
         <input_file_ref idref="fl-19"/>
      </object_component>
      <object_component id="oc-218">
         <name>.text:puts</name>
         <load_address>0x1e90</load_address>
         <run_address>0x1e90</run_address>
         <size>0x24</size>
         <input_file_ref idref="fl-3"/>
      </object_component>
      <object_component id="oc-76">
         <name>.text:TA2_0_IRQHandler</name>
         <load_address>0x1eb4</load_address>
         <run_address>0x1eb4</run_address>
         <size>0x20</size>
         <input_file_ref idref="fl-2"/>
      </object_component>
      <object_component id="oc-1b7">
         <name>.text:PCM_gotoLPM0InterruptSafe</name>
         <load_address>0x1ed4</load_address>
         <run_address>0x1ed4</run_address>
         <size>0x1c</size>
         <input_file_ref idref="fl-13"/>
      </object_component>
      <object_component id="oc-22a">
         <name>.text:puth</name>
         <load_address>0x1ef0</load_address>
         <run_address>0x1ef0</run_address>
         <size>0x1c</size>
         <input_file_ref idref="fl-3"/>
      </object_component>
      <object_component id="oc-20f">
         <name>.text:UART_getInterruptStatus</name>
         <load_address>0x1f0c</load_address>
         <run_address>0x1f0c</run_address>
         <size>0x18</size>
         <input_file_ref idref="fl-18"/>
      </object_component>
      <object_component id="oc-16f">
         <name>.text:configGPIOOutput</name>
         <load_address>0x1f24</load_address>
         <run_address>0x1f24</run_address>
         <size>0x18</size>
         <input_file_ref idref="fl-2"/>
      </object_component>
      <object_component id="oc-10e">
         <name>.text:Timer_A_startCounter</name>
         <load_address>0x1f3c</load_address>
         <run_address>0x1f3c</run_address>
         <size>0x16</size>
         <input_file_ref idref="fl-17"/>
      </object_component>
      <object_component id="oc-ea">
         <name>.text:UART_clearInterruptFlag</name>
         <load_address>0x1f52</load_address>
         <run_address>0x1f52</run_address>
         <size>0x16</size>
         <input_file_ref idref="fl-18"/>
      </object_component>
      <object_component id="oc-27f">
         <name>.text:UART_enableModule</name>
         <load_address>0x1f68</load_address>
         <run_address>0x1f68</run_address>
         <size>0x16</size>
         <input_file_ref idref="fl-18"/>
      </object_component>
      <object_component id="oc-114">
         <name>.text:Timer_A_stopTimer</name>
         <load_address>0x1f7e</load_address>
         <run_address>0x1f7e</run_address>
         <size>0x14</size>
         <input_file_ref idref="fl-17"/>
      </object_component>
      <object_component id="oc-199">
         <name>.text:configT32_1ForEncoder</name>
         <load_address>0x1f94</load_address>
         <run_address>0x1f94</run_address>
         <size>0x14</size>
         <input_file_ref idref="fl-2"/>
      </object_component>
      <object_component id="oc-2fb">
         <name>.text:sendByte</name>
         <load_address>0x1fa8</load_address>
         <run_address>0x1fa8</run_address>
         <size>0x14</size>
         <input_file_ref idref="fl-3"/>
      </object_component>
      <object_component id="oc-21e">
         <name>.text:putc</name>
         <load_address>0x1fbc</load_address>
         <run_address>0x1fbc</run_address>
         <size>0x12</size>
         <input_file_ref idref="fl-3"/>
      </object_component>
      <object_component id="oc-2bc">
         <name>.text:Interrupt_disableMaster</name>
         <load_address>0x1fce</load_address>
         <run_address>0x1fce</run_address>
         <size>0x10</size>
         <input_file_ref idref="fl-12"/>
      </object_component>
      <object_component id="oc-1a5">
         <name>.text:Interrupt_disableSleepOnIsrExit</name>
         <load_address>0x1fe0</load_address>
         <run_address>0x1fe0</run_address>
         <size>0x10</size>
         <input_file_ref idref="fl-12"/>
      </object_component>
      <object_component id="oc-1b1">
         <name>.text:Interrupt_enableMaster</name>
         <load_address>0x1ff0</load_address>
         <run_address>0x1ff0</run_address>
         <size>0x10</size>
         <input_file_ref idref="fl-12"/>
      </object_component>
      <object_component id="oc-133">
         <name>.text:Timer32_getValue</name>
         <load_address>0x2000</load_address>
         <run_address>0x2000</run_address>
         <size>0xe</size>
         <input_file_ref idref="fl-16"/>
      </object_component>
      <object_component id="oc-338">
         <name>.text:CPU_cpsid</name>
         <load_address>0x200e</load_address>
         <run_address>0x200e</run_address>
         <size>0xc</size>
         <input_file_ref idref="fl-1a"/>
      </object_component>
      <object_component id="oc-2b5">
         <name>.text:CPU_cpsie</name>
         <load_address>0x201a</load_address>
         <run_address>0x201a</run_address>
         <size>0xc</size>
         <input_file_ref idref="fl-1a"/>
      </object_component>
      <object_component id="oc-64">
         <name>.text:Reset_Handler</name>
         <load_address>0x2026</load_address>
         <run_address>0x2026</run_address>
         <size>0xc</size>
         <input_file_ref idref="fl-5"/>
      </object_component>
      <object_component id="oc-46">
         <name>.text:decompress:ZI:__TI_zero_init</name>
         <load_address>0x2032</load_address>
         <run_address>0x2032</run_address>
         <size>0xc</size>
         <input_file_ref idref="fl-d0"/>
      </object_component>
      <object_component id="oc-33f">
         <name>.text:CPU_wfi</name>
         <load_address>0x203e</load_address>
         <run_address>0x203e</run_address>
         <size>0x4</size>
         <input_file_ref idref="fl-1a"/>
      </object_component>
      <object_component id="oc-b4">
         <name>.text:_system_pre_init</name>
         <load_address>0x2042</load_address>
         <run_address>0x2042</run_address>
         <size>0x4</size>
         <input_file_ref idref="fl-d7"/>
      </object_component>
      <object_component id="oc-1c8">
         <name>.text:abort:abort</name>
         <load_address>0x2046</load_address>
         <run_address>0x2046</run_address>
         <size>0x4</size>
         <input_file_ref idref="fl-d9"/>
      </object_component>
      <object_component id="oc-23b">
         <name>.const:GPIO_PORT_TO_BASE</name>
         <load_address>0x204c</load_address>
         <run_address>0x204c</run_address>
         <size>0x30</size>
         <input_file_ref idref="fl-11"/>
      </object_component>
      <object_component id="oc-230">
         <name>.const:dv</name>
         <load_address>0x207c</load_address>
         <run_address>0x207c</run_address>
         <size>0x28</size>
         <input_file_ref idref="fl-3"/>
      </object_component>
      <object_component id="oc-291">
         <name>.const:uartConfig</name>
         <load_address>0x20a4</load_address>
         <run_address>0x20a4</run_address>
         <size>0x24</size>
         <input_file_ref idref="fl-2"/>
      </object_component>
      <object_component id="oc-304">
         <name>.const:.string:hex$1</name>
         <load_address>0x20c8</load_address>
         <run_address>0x20c8</run_address>
         <size>0x10</size>
         <input_file_ref idref="fl-3"/>
      </object_component>
      <object_component id="oc-32d">
         <name>.const:g_pulEnRegs</name>
         <load_address>0x20d8</load_address>
         <run_address>0x20d8</run_address>
         <size>0x8</size>
         <input_file_ref idref="fl-12"/>
      </object_component>
      <object_component id="oc-24d">
         <name>.const</name>
         <load_address>0x20e0</load_address>
         <run_address>0x20e0</run_address>
         <size>0x8</size>
         <input_file_ref idref="fl-2"/>
      </object_component>
      <object_component id="oc-3ca">
         <name>.cinit..bss.load</name>
         <load_address>0x20e8</load_address>
         <run_address>0x20e8</run_address>
         <size>0x8</size>
      </object_component>
      <object_component id="oc-3c8">
         <name>__TI_handler_table</name>
         <load_address>0x20f0</load_address>
         <run_address>0x20f0</run_address>
         <size>0x4</size>
      </object_component>
      <object_component id="oc-3c9">
         <name>__TI_cinit_table</name>
         <load_address>0x20f4</load_address>
         <run_address>0x20f4</run_address>
         <size>0x8</size>
      </object_component>
      <object_component id="oc-39d">
         <name>.binit</name>
         <load_address>0x0</load_address>
         <run_address>0x0</run_address>
         <size>0x0</size>
      </object_component>
      <object_component id="oc-d4">
         <name>.bss</name>
         <uninitialized>true</uninitialized>
         <run_address>0x200007d0</run_address>
         <size>0x34</size>
         <input_file_ref idref="fl-2"/>
      </object_component>
      <object_component id="oc-1c1">
         <name>.common:circBuff</name>
         <uninitialized>true</uninitialized>
         <run_address>0x20000000</run_address>
         <size>0x7d0</size>
      </object_component>
      <object_component id="oc-1c0">
         <name>.common:index_WriteNext</name>
         <uninitialized>true</uninitialized>
         <run_address>0x20000805</run_address>
         <size>0x1</size>
      </object_component>
      <object_component id="oc-1bd">
         <name>.common:index_TransmitNext</name>
         <uninitialized>true</uninitialized>
         <run_address>0x20000804</run_address>
         <size>0x1</size>
      </object_component>
      <object_component id="oc-26">
         <name>.stack</name>
         <uninitialized>true</uninitialized>
         <run_address>0x2000fe00</run_address>
         <size>0x4</size>
         <input_file_ref idref="fl-d3"/>
      </object_component>
      <object_component id="oc-3cb">
         <name>.stack</name>
         <uninitialized>true</uninitialized>
         <run_address>0x2000fe00</run_address>
         <size>0x0</size>
      </object_component>
      <object_component id="oc-1be">
         <name>.debug_info</name>
         <load_address>0x0</load_address>
         <run_address>0x0</run_address>
         <size>0xe1a</size>
         <input_file_ref idref="fl-2"/>
      </object_component>
      <object_component id="oc-d5">
         <name>.debug_info</name>
         <load_address>0xe1a</load_address>
         <run_address>0xe1a</run_address>
         <size>0x46a</size>
         <input_file_ref idref="fl-2"/>
      </object_component>
      <object_component id="oc-24e">
         <name>.debug_info</name>
         <load_address>0x1284</load_address>
         <run_address>0x1284</run_address>
         <size>0x10c</size>
         <input_file_ref idref="fl-2"/>
      </object_component>
      <object_component id="oc-292">
         <name>.debug_info</name>
         <load_address>0x1390</load_address>
         <run_address>0x1390</run_address>
         <size>0xcd</size>
         <input_file_ref idref="fl-2"/>
      </object_component>
      <object_component id="oc-16b">
         <name>.debug_info</name>
         <load_address>0x145d</load_address>
         <run_address>0x145d</run_address>
         <size>0x188</size>
         <input_file_ref idref="fl-2"/>
      </object_component>
      <object_component id="oc-11c">
         <name>.debug_info</name>
         <load_address>0x15e5</load_address>
         <run_address>0x15e5</run_address>
         <size>0xf7</size>
         <input_file_ref idref="fl-2"/>
      </object_component>
      <object_component id="oc-df">
         <name>.debug_info</name>
         <load_address>0x16dc</load_address>
         <run_address>0x16dc</run_address>
         <size>0x130</size>
         <input_file_ref idref="fl-2"/>
      </object_component>
      <object_component id="oc-188">
         <name>.debug_info</name>
         <load_address>0x180c</load_address>
         <run_address>0x180c</run_address>
         <size>0x10f</size>
         <input_file_ref idref="fl-2"/>
      </object_component>
      <object_component id="oc-17c">
         <name>.debug_info</name>
         <load_address>0x191b</load_address>
         <run_address>0x191b</run_address>
         <size>0x191</size>
         <input_file_ref idref="fl-2"/>
      </object_component>
      <object_component id="oc-182">
         <name>.debug_info</name>
         <load_address>0x1aac</load_address>
         <run_address>0x1aac</run_address>
         <size>0x146</size>
         <input_file_ref idref="fl-2"/>
      </object_component>
      <object_component id="oc-1a0">
         <name>.debug_info</name>
         <load_address>0x1bf2</load_address>
         <run_address>0x1bf2</run_address>
         <size>0x166</size>
         <input_file_ref idref="fl-2"/>
      </object_component>
      <object_component id="oc-18e">
         <name>.debug_info</name>
         <load_address>0x1d58</load_address>
         <run_address>0x1d58</run_address>
         <size>0x1f9</size>
         <input_file_ref idref="fl-2"/>
      </object_component>
      <object_component id="oc-170">
         <name>.debug_info</name>
         <load_address>0x1f51</load_address>
         <run_address>0x1f51</run_address>
         <size>0x183</size>
         <input_file_ref idref="fl-2"/>
      </object_component>
      <object_component id="oc-176">
         <name>.debug_info</name>
         <load_address>0x20d4</load_address>
         <run_address>0x20d4</run_address>
         <size>0x140</size>
         <input_file_ref idref="fl-2"/>
      </object_component>
      <object_component id="oc-194">
         <name>.debug_info</name>
         <load_address>0x2214</load_address>
         <run_address>0x2214</run_address>
         <size>0x26f</size>
         <input_file_ref idref="fl-2"/>
      </object_component>
      <object_component id="oc-19a">
         <name>.debug_info</name>
         <load_address>0x2483</load_address>
         <run_address>0x2483</run_address>
         <size>0x129</size>
         <input_file_ref idref="fl-2"/>
      </object_component>
      <object_component id="oc-bb">
         <name>.debug_info</name>
         <load_address>0x25ac</load_address>
         <run_address>0x25ac</run_address>
         <size>0x2f5</size>
         <input_file_ref idref="fl-2"/>
      </object_component>
      <object_component id="oc-77">
         <name>.debug_info</name>
         <load_address>0x28a1</load_address>
         <run_address>0x28a1</run_address>
         <size>0x122</size>
         <input_file_ref idref="fl-2"/>
      </object_component>
      <object_component id="oc-71">
         <name>.debug_info</name>
         <load_address>0x29c3</load_address>
         <run_address>0x29c3</run_address>
         <size>0x118</size>
         <input_file_ref idref="fl-2"/>
      </object_component>
      <object_component id="oc-fd">
         <name>.debug_info</name>
         <load_address>0x2adb</load_address>
         <run_address>0x2adb</run_address>
         <size>0x1cc</size>
         <input_file_ref idref="fl-2"/>
      </object_component>
      <object_component id="oc-140">
         <name>.debug_info</name>
         <load_address>0x2ca7</load_address>
         <run_address>0x2ca7</run_address>
         <size>0x15a</size>
         <input_file_ref idref="fl-2"/>
      </object_component>
      <object_component id="oc-8f">
         <name>.debug_info</name>
         <load_address>0x2e01</load_address>
         <run_address>0x2e01</run_address>
         <size>0x1eb</size>
         <input_file_ref idref="fl-2"/>
      </object_component>
      <object_component id="oc-89">
         <name>.debug_info</name>
         <load_address>0x2fec</load_address>
         <run_address>0x2fec</run_address>
         <size>0x2eb</size>
         <input_file_ref idref="fl-2"/>
      </object_component>
      <object_component id="oc-7d">
         <name>.debug_info</name>
         <load_address>0x32d7</load_address>
         <run_address>0x32d7</run_address>
         <size>0x523</size>
         <input_file_ref idref="fl-2"/>
      </object_component>
      <object_component id="oc-83">
         <name>.debug_info</name>
         <load_address>0x37fa</load_address>
         <run_address>0x37fa</run_address>
         <size>0x11c</size>
         <input_file_ref idref="fl-2"/>
      </object_component>
      <object_component id="oc-1c3">
         <name>.debug_info</name>
         <load_address>0x3916</load_address>
         <run_address>0x3916</run_address>
         <size>0x109</size>
         <input_file_ref idref="fl-2"/>
      </object_component>
      <object_component id="oc-2cb">
         <name>.debug_info</name>
         <load_address>0x3a1f</load_address>
         <run_address>0x3a1f</run_address>
         <size>0x37e2</size>
         <input_file_ref idref="fl-2"/>
      </object_component>
      <object_component id="oc-14e">
         <name>.debug_info</name>
         <load_address>0x7201</load_address>
         <run_address>0x7201</run_address>
         <size>0x26b</size>
         <input_file_ref idref="fl-2"/>
      </object_component>
      <object_component id="oc-2d0">
         <name>.debug_info</name>
         <load_address>0x746c</load_address>
         <run_address>0x746c</run_address>
         <size>0x1055</size>
         <input_file_ref idref="fl-2"/>
      </object_component>
      <object_component id="oc-121">
         <name>.debug_info</name>
         <load_address>0x84c1</load_address>
         <run_address>0x84c1</run_address>
         <size>0x8b</size>
         <input_file_ref idref="fl-2"/>
      </object_component>
      <object_component id="oc-209">
         <name>.debug_info</name>
         <load_address>0x854c</load_address>
         <run_address>0x854c</run_address>
         <size>0x297</size>
         <input_file_ref idref="fl-2"/>
      </object_component>
      <object_component id="oc-146">
         <name>.debug_info</name>
         <load_address>0x87e3</load_address>
         <run_address>0x87e3</run_address>
         <size>0xef</size>
         <input_file_ref idref="fl-2"/>
      </object_component>
      <object_component id="oc-d8">
         <name>.debug_info</name>
         <load_address>0x88d2</load_address>
         <run_address>0x88d2</run_address>
         <size>0xbb</size>
         <input_file_ref idref="fl-2"/>
      </object_component>
      <object_component id="oc-2d5">
         <name>.debug_info</name>
         <load_address>0x898d</load_address>
         <run_address>0x898d</run_address>
         <size>0xee</size>
         <input_file_ref idref="fl-2"/>
      </object_component>
      <object_component id="oc-234">
         <name>.debug_info</name>
         <load_address>0x8a7b</load_address>
         <run_address>0x8a7b</run_address>
         <size>0x598</size>
         <input_file_ref idref="fl-3"/>
      </object_component>
      <object_component id="oc-231">
         <name>.debug_info</name>
         <load_address>0x9013</load_address>
         <run_address>0x9013</run_address>
         <size>0xbe</size>
         <input_file_ref idref="fl-3"/>
      </object_component>
      <object_component id="oc-2fc">
         <name>.debug_info</name>
         <load_address>0x90d1</load_address>
         <run_address>0x90d1</run_address>
         <size>0x173</size>
         <input_file_ref idref="fl-3"/>
      </object_component>
      <object_component id="oc-219">
         <name>.debug_info</name>
         <load_address>0x9244</load_address>
         <run_address>0x9244</run_address>
         <size>0x16e</size>
         <input_file_ref idref="fl-3"/>
      </object_component>
      <object_component id="oc-21f">
         <name>.debug_info</name>
         <load_address>0x93b2</load_address>
         <run_address>0x93b2</run_address>
         <size>0x162</size>
         <input_file_ref idref="fl-3"/>
      </object_component>
      <object_component id="oc-225">
         <name>.debug_info</name>
         <load_address>0x9514</load_address>
         <run_address>0x9514</run_address>
         <size>0x19b</size>
         <input_file_ref idref="fl-3"/>
      </object_component>
      <object_component id="oc-22b">
         <name>.debug_info</name>
         <load_address>0x96af</load_address>
         <run_address>0x96af</run_address>
         <size>0x172</size>
         <input_file_ref idref="fl-3"/>
      </object_component>
      <object_component id="oc-f8">
         <name>.debug_info</name>
         <load_address>0x9821</load_address>
         <run_address>0x9821</run_address>
         <size>0x215</size>
         <input_file_ref idref="fl-3"/>
      </object_component>
      <object_component id="oc-2f">
         <name>.debug_info</name>
         <load_address>0x9a36</load_address>
         <run_address>0x9a36</run_address>
         <size>0x84</size>
         <input_file_ref idref="fl-3"/>
      </object_component>
      <object_component id="oc-235">
         <name>.debug_info</name>
         <load_address>0x9aba</load_address>
         <run_address>0x9aba</run_address>
         <size>0x2c</size>
         <input_file_ref idref="fl-3"/>
      </object_component>
      <object_component id="oc-cf">
         <name>.debug_info</name>
         <load_address>0x9ae6</load_address>
         <run_address>0x9ae6</run_address>
         <size>0x124</size>
         <input_file_ref idref="fl-4"/>
      </object_component>
      <object_component id="oc-96">
         <name>.debug_info</name>
         <load_address>0x9c0a</load_address>
         <run_address>0x9c0a</run_address>
         <size>0x2c4</size>
         <input_file_ref idref="fl-5"/>
      </object_component>
      <object_component id="oc-24">
         <name>.debug_info</name>
         <load_address>0x9ece</load_address>
         <run_address>0x9ece</run_address>
         <size>0xf0</size>
         <input_file_ref idref="fl-5"/>
      </object_component>
      <object_component id="oc-66">
         <name>.debug_info</name>
         <load_address>0x9fbe</load_address>
         <run_address>0x9fbe</run_address>
         <size>0x153</size>
         <input_file_ref idref="fl-5"/>
      </object_component>
      <object_component id="oc-6c">
         <name>.debug_info</name>
         <load_address>0xa111</load_address>
         <run_address>0xa111</run_address>
         <size>0x13b</size>
         <input_file_ref idref="fl-5"/>
      </object_component>
      <object_component id="oc-323">
         <name>.debug_info</name>
         <load_address>0xa24c</load_address>
         <run_address>0xa24c</run_address>
         <size>0x803</size>
         <input_file_ref idref="fl-10"/>
      </object_component>
      <object_component id="oc-259">
         <name>.debug_info</name>
         <load_address>0xaa4f</load_address>
         <run_address>0xaa4f</run_address>
         <size>0x299</size>
         <input_file_ref idref="fl-10"/>
      </object_component>
      <object_component id="oc-260">
         <name>.debug_info</name>
         <load_address>0xace8</load_address>
         <run_address>0xace8</run_address>
         <size>0x21d</size>
         <input_file_ref idref="fl-10"/>
      </object_component>
      <object_component id="oc-318">
         <name>.debug_info</name>
         <load_address>0xaf05</load_address>
         <run_address>0xaf05</run_address>
         <size>0x1e1</size>
         <input_file_ref idref="fl-10"/>
      </object_component>
      <object_component id="oc-31e">
         <name>.debug_info</name>
         <load_address>0xb0e6</load_address>
         <run_address>0xb0e6</run_address>
         <size>0x22f</size>
         <input_file_ref idref="fl-10"/>
      </object_component>
      <object_component id="oc-254">
         <name>.debug_info</name>
         <load_address>0xb315</load_address>
         <run_address>0xb315</run_address>
         <size>0x3bb</size>
         <input_file_ref idref="fl-10"/>
      </object_component>
      <object_component id="oc-370">
         <name>.debug_info</name>
         <load_address>0xb6d0</load_address>
         <run_address>0xb6d0</run_address>
         <size>0x431a</size>
         <input_file_ref idref="fl-10"/>
      </object_component>
      <object_component id="oc-37b">
         <name>.debug_info</name>
         <load_address>0xf9ea</load_address>
         <run_address>0xf9ea</run_address>
         <size>0x1b5</size>
         <input_file_ref idref="fl-10"/>
      </object_component>
      <object_component id="oc-30c">
         <name>.debug_info</name>
         <load_address>0xfb9f</load_address>
         <run_address>0xfb9f</run_address>
         <size>0x6fd</size>
         <input_file_ref idref="fl-11"/>
      </object_component>
      <object_component id="oc-23c">
         <name>.debug_info</name>
         <load_address>0x1029c</load_address>
         <run_address>0x1029c</run_address>
         <size>0x131</size>
         <input_file_ref idref="fl-11"/>
      </object_component>
      <object_component id="oc-267">
         <name>.debug_info</name>
         <load_address>0x103cd</load_address>
         <run_address>0x103cd</run_address>
         <size>0x24e</size>
         <input_file_ref idref="fl-11"/>
      </object_component>
      <object_component id="oc-299">
         <name>.debug_info</name>
         <load_address>0x1061b</load_address>
         <run_address>0x1061b</run_address>
         <size>0x24c</size>
         <input_file_ref idref="fl-11"/>
      </object_component>
      <object_component id="oc-26e">
         <name>.debug_info</name>
         <load_address>0x10867</load_address>
         <run_address>0x10867</run_address>
         <size>0x2a1</size>
         <input_file_ref idref="fl-11"/>
      </object_component>
      <object_component id="oc-27b">
         <name>.debug_info</name>
         <load_address>0x10b08</load_address>
         <run_address>0x10b08</run_address>
         <size>0x29f</size>
         <input_file_ref idref="fl-11"/>
      </object_component>
      <object_component id="oc-105">
         <name>.debug_info</name>
         <load_address>0x10da7</load_address>
         <run_address>0x10da7</run_address>
         <size>0x256</size>
         <input_file_ref idref="fl-11"/>
      </object_component>
      <object_component id="oc-10a">
         <name>.debug_info</name>
         <load_address>0x10ffd</load_address>
         <run_address>0x10ffd</run_address>
         <size>0x254</size>
         <input_file_ref idref="fl-11"/>
      </object_component>
      <object_component id="oc-2a6">
         <name>.debug_info</name>
         <load_address>0x11251</load_address>
         <run_address>0x11251</run_address>
         <size>0x27a</size>
         <input_file_ref idref="fl-11"/>
      </object_component>
      <object_component id="oc-29f">
         <name>.debug_info</name>
         <load_address>0x114cb</load_address>
         <run_address>0x114cb</run_address>
         <size>0x250</size>
         <input_file_ref idref="fl-11"/>
      </object_component>
      <object_component id="oc-246">
         <name>.debug_info</name>
         <load_address>0x1171b</load_address>
         <run_address>0x1171b</run_address>
         <size>0x25a</size>
         <input_file_ref idref="fl-11"/>
      </object_component>
      <object_component id="oc-130">
         <name>.debug_info</name>
         <load_address>0x11975</load_address>
         <run_address>0x11975</run_address>
         <size>0x256</size>
         <input_file_ref idref="fl-11"/>
      </object_component>
      <object_component id="oc-13c">
         <name>.debug_info</name>
         <load_address>0x11bcb</load_address>
         <run_address>0x11bcb</run_address>
         <size>0x294</size>
         <input_file_ref idref="fl-11"/>
      </object_component>
      <object_component id="oc-12a">
         <name>.debug_info</name>
         <load_address>0x11e5f</load_address>
         <run_address>0x11e5f</run_address>
         <size>0x260</size>
         <input_file_ref idref="fl-11"/>
      </object_component>
      <object_component id="oc-384">
         <name>.debug_info</name>
         <load_address>0x120bf</load_address>
         <run_address>0x120bf</run_address>
         <size>0x68b</size>
         <input_file_ref idref="fl-12"/>
      </object_component>
      <object_component id="oc-32e">
         <name>.debug_info</name>
         <load_address>0x1274a</load_address>
         <run_address>0x1274a</run_address>
         <size>0x12a</size>
         <input_file_ref idref="fl-12"/>
      </object_component>
      <object_component id="oc-1b2">
         <name>.debug_info</name>
         <load_address>0x12874</load_address>
         <run_address>0x12874</run_address>
         <size>0x1d1</size>
         <input_file_ref idref="fl-12"/>
      </object_component>
      <object_component id="oc-2bd">
         <name>.debug_info</name>
         <load_address>0x12a45</load_address>
         <run_address>0x12a45</run_address>
         <size>0x1d3</size>
         <input_file_ref idref="fl-12"/>
      </object_component>
      <object_component id="oc-28c">
         <name>.debug_info</name>
         <load_address>0x12c18</load_address>
         <run_address>0x12c18</run_address>
         <size>0x215</size>
         <input_file_ref idref="fl-12"/>
      </object_component>
      <object_component id="oc-1a7">
         <name>.debug_info</name>
         <load_address>0x12e2d</load_address>
         <run_address>0x12e2d</run_address>
         <size>0x1d2</size>
         <input_file_ref idref="fl-12"/>
      </object_component>
      <object_component id="oc-2c5">
         <name>.debug_info</name>
         <load_address>0x12fff</load_address>
         <run_address>0x12fff</run_address>
         <size>0x1ac</size>
         <input_file_ref idref="fl-13"/>
      </object_component>
      <object_component id="oc-1ba">
         <name>.debug_info</name>
         <load_address>0x131ab</load_address>
         <run_address>0x131ab</run_address>
         <size>0x250</size>
         <input_file_ref idref="fl-13"/>
      </object_component>
      <object_component id="oc-376">
         <name>.debug_info</name>
         <load_address>0x133fb</load_address>
         <run_address>0x133fb</run_address>
         <size>0x5c5</size>
         <input_file_ref idref="fl-15"/>
      </object_component>
      <object_component id="oc-311">
         <name>.debug_info</name>
         <load_address>0x139c0</load_address>
         <run_address>0x139c0</run_address>
         <size>0x294</size>
         <input_file_ref idref="fl-15"/>
      </object_component>
      <object_component id="oc-2ae">
         <name>.debug_info</name>
         <load_address>0x13c54</load_address>
         <run_address>0x13c54</run_address>
         <size>0x26b</size>
         <input_file_ref idref="fl-16"/>
      </object_component>
      <object_component id="oc-136">
         <name>.debug_info</name>
         <load_address>0x13ebf</load_address>
         <run_address>0x13ebf</run_address>
         <size>0x1d6</size>
         <input_file_ref idref="fl-16"/>
      </object_component>
      <object_component id="oc-1ae">
         <name>.debug_info</name>
         <load_address>0x14095</load_address>
         <run_address>0x14095</run_address>
         <size>0x205</size>
         <input_file_ref idref="fl-16"/>
      </object_component>
      <object_component id="oc-10f">
         <name>.debug_info</name>
         <load_address>0x1429a</load_address>
         <run_address>0x1429a</run_address>
         <size>0x210</size>
         <input_file_ref idref="fl-17"/>
      </object_component>
      <object_component id="oc-115">
         <name>.debug_info</name>
         <load_address>0x144aa</load_address>
         <run_address>0x144aa</run_address>
         <size>0x1d6</size>
         <input_file_ref idref="fl-17"/>
      </object_component>
      <object_component id="oc-329">
         <name>.debug_info</name>
         <load_address>0x14680</load_address>
         <run_address>0x14680</run_address>
         <size>0x6e7</size>
         <input_file_ref idref="fl-18"/>
      </object_component>
      <object_component id="oc-274">
         <name>.debug_info</name>
         <load_address>0x14d67</load_address>
         <run_address>0x14d67</run_address>
         <size>0x230</size>
         <input_file_ref idref="fl-18"/>
      </object_component>
      <object_component id="oc-368">
         <name>.debug_info</name>
         <load_address>0x14f97</load_address>
         <run_address>0x14f97</run_address>
         <size>0x232</size>
         <input_file_ref idref="fl-18"/>
      </object_component>
      <object_component id="oc-f1">
         <name>.debug_info</name>
         <load_address>0x151c9</load_address>
         <run_address>0x151c9</run_address>
         <size>0x1f1</size>
         <input_file_ref idref="fl-18"/>
      </object_component>
      <object_component id="oc-280">
         <name>.debug_info</name>
         <load_address>0x153ba</load_address>
         <run_address>0x153ba</run_address>
         <size>0x1ef</size>
         <input_file_ref idref="fl-18"/>
      </object_component>
      <object_component id="oc-287">
         <name>.debug_info</name>
         <load_address>0x155a9</load_address>
         <run_address>0x155a9</run_address>
         <size>0x230</size>
         <input_file_ref idref="fl-18"/>
      </object_component>
      <object_component id="oc-210">
         <name>.debug_info</name>
         <load_address>0x157d9</load_address>
         <run_address>0x157d9</run_address>
         <size>0x225</size>
         <input_file_ref idref="fl-18"/>
      </object_component>
      <object_component id="oc-e5">
         <name>.debug_info</name>
         <load_address>0x159fe</load_address>
         <run_address>0x159fe</run_address>
         <size>0x268</size>
         <input_file_ref idref="fl-18"/>
      </object_component>
      <object_component id="oc-eb">
         <name>.debug_info</name>
         <load_address>0x15c66</load_address>
         <run_address>0x15c66</run_address>
         <size>0x221</size>
         <input_file_ref idref="fl-18"/>
      </object_component>
      <object_component id="oc-164">
         <name>.debug_info</name>
         <load_address>0x15e87</load_address>
         <run_address>0x15e87</run_address>
         <size>0x1c5</size>
         <input_file_ref idref="fl-19"/>
      </object_component>
      <object_component id="oc-339">
         <name>.debug_info</name>
         <load_address>0x1604c</load_address>
         <run_address>0x1604c</run_address>
         <size>0x195</size>
         <input_file_ref idref="fl-1a"/>
      </object_component>
      <object_component id="oc-2b7">
         <name>.debug_info</name>
         <load_address>0x161e1</load_address>
         <run_address>0x161e1</run_address>
         <size>0x196</size>
         <input_file_ref idref="fl-1a"/>
      </object_component>
      <object_component id="oc-341">
         <name>.debug_info</name>
         <load_address>0x16377</load_address>
         <run_address>0x16377</run_address>
         <size>0x190</size>
         <input_file_ref idref="fl-1a"/>
      </object_component>
      <object_component id="oc-ad">
         <name>.debug_info</name>
         <load_address>0x16507</load_address>
         <run_address>0x16507</run_address>
         <size>0x313</size>
         <input_file_ref idref="fl-d0"/>
      </object_component>
      <object_component id="oc-48">
         <name>.debug_info</name>
         <load_address>0x1681a</load_address>
         <run_address>0x1681a</run_address>
         <size>0x1aa</size>
         <input_file_ref idref="fl-d0"/>
      </object_component>
      <object_component id="oc-a8">
         <name>.debug_info</name>
         <load_address>0x169c4</load_address>
         <run_address>0x169c4</run_address>
         <size>0x46</size>
         <input_file_ref idref="fl-d0"/>
      </object_component>
      <object_component id="oc-15a">
         <name>.debug_info</name>
         <load_address>0x16a0a</load_address>
         <run_address>0x16a0a</run_address>
         <size>0x2c</size>
         <input_file_ref idref="fl-d0"/>
      </object_component>
      <object_component id="oc-27">
         <name>.debug_info</name>
         <load_address>0x16a36</load_address>
         <run_address>0x16a36</run_address>
         <size>0x100</size>
         <input_file_ref idref="fl-d3"/>
      </object_component>
      <object_component id="oc-54">
         <name>.debug_info</name>
         <load_address>0x16b36</load_address>
         <run_address>0x16b36</run_address>
         <size>0x1a4</size>
         <input_file_ref idref="fl-d3"/>
      </object_component>
      <object_component id="oc-af">
         <name>.debug_info</name>
         <load_address>0x16cda</load_address>
         <run_address>0x16cda</run_address>
         <size>0x13f</size>
         <input_file_ref idref="fl-d4"/>
      </object_component>
      <object_component id="oc-2e5">
         <name>.debug_info</name>
         <load_address>0x16e19</load_address>
         <run_address>0x16e19</run_address>
         <size>0x547</size>
         <input_file_ref idref="fl-d6"/>
      </object_component>
      <object_component id="oc-1d8">
         <name>.debug_info</name>
         <load_address>0x17360</load_address>
         <run_address>0x17360</run_address>
         <size>0x19b</size>
         <input_file_ref idref="fl-d6"/>
      </object_component>
      <object_component id="oc-356">
         <name>.debug_info</name>
         <load_address>0x174fb</load_address>
         <run_address>0x174fb</run_address>
         <size>0x39</size>
         <input_file_ref idref="fl-d6"/>
      </object_component>
      <object_component id="oc-38a">
         <name>.debug_info</name>
         <load_address>0x17534</load_address>
         <run_address>0x17534</run_address>
         <size>0x39</size>
         <input_file_ref idref="fl-d6"/>
      </object_component>
      <object_component id="oc-35b">
         <name>.debug_info</name>
         <load_address>0x1756d</load_address>
         <run_address>0x1756d</run_address>
         <size>0x39</size>
         <input_file_ref idref="fl-d6"/>
      </object_component>
      <object_component id="oc-360">
         <name>.debug_info</name>
         <load_address>0x175a6</load_address>
         <run_address>0x175a6</run_address>
         <size>0xcd</size>
         <input_file_ref idref="fl-d6"/>
      </object_component>
      <object_component id="oc-b5">
         <name>.debug_info</name>
         <load_address>0x17673</load_address>
         <run_address>0x17673</run_address>
         <size>0x148</size>
         <input_file_ref idref="fl-d7"/>
      </object_component>
      <object_component id="oc-1c9">
         <name>.debug_info</name>
         <load_address>0x177bb</load_address>
         <run_address>0x177bb</run_address>
         <size>0x117</size>
         <input_file_ref idref="fl-d9"/>
      </object_component>
      <object_component id="oc-3cc">
         <name>.debug_info</name>
         <load_address>0x178d2</load_address>
         <run_address>0x178d2</run_address>
         <size>0x9b</size>
      </object_component>
      <object_component id="oc-2ca">
         <name>.debug_line</name>
         <load_address>0x0</load_address>
         <run_address>0x0</run_address>
         <size>0x315</size>
         <input_file_ref idref="fl-2"/>
      </object_component>
      <object_component id="oc-208">
         <name>.debug_line</name>
         <load_address>0x315</load_address>
         <run_address>0x315</run_address>
         <size>0x2d</size>
         <input_file_ref idref="fl-2"/>
      </object_component>
      <object_component id="oc-30f">
         <name>.debug_line</name>
         <load_address>0x342</load_address>
         <run_address>0x342</run_address>
         <size>0x2d</size>
         <input_file_ref idref="fl-2"/>
      </object_component>
      <object_component id="oc-332">
         <name>.debug_line</name>
         <load_address>0x36f</load_address>
         <run_address>0x36f</run_address>
         <size>0x2d</size>
         <input_file_ref idref="fl-2"/>
      </object_component>
      <object_component id="oc-16a">
         <name>.debug_line</name>
         <load_address>0x39c</load_address>
         <run_address>0x39c</run_address>
         <size>0x49</size>
         <input_file_ref idref="fl-2"/>
      </object_component>
      <object_component id="oc-11b">
         <name>.debug_line</name>
         <load_address>0x3e5</load_address>
         <run_address>0x3e5</run_address>
         <size>0x4d</size>
         <input_file_ref idref="fl-2"/>
      </object_component>
      <object_component id="oc-de">
         <name>.debug_line</name>
         <load_address>0x432</load_address>
         <run_address>0x432</run_address>
         <size>0x5a</size>
         <input_file_ref idref="fl-2"/>
      </object_component>
      <object_component id="oc-18b">
         <name>.debug_line</name>
         <load_address>0x48c</load_address>
         <run_address>0x48c</run_address>
         <size>0x48</size>
         <input_file_ref idref="fl-2"/>
      </object_component>
      <object_component id="oc-17f">
         <name>.debug_line</name>
         <load_address>0x4d4</load_address>
         <run_address>0x4d4</run_address>
         <size>0x49</size>
         <input_file_ref idref="fl-2"/>
      </object_component>
      <object_component id="oc-185">
         <name>.debug_line</name>
         <load_address>0x51d</load_address>
         <run_address>0x51d</run_address>
         <size>0x4c</size>
         <input_file_ref idref="fl-2"/>
      </object_component>
      <object_component id="oc-1a3">
         <name>.debug_line</name>
         <load_address>0x569</load_address>
         <run_address>0x569</run_address>
         <size>0x50</size>
         <input_file_ref idref="fl-2"/>
      </object_component>
      <object_component id="oc-191">
         <name>.debug_line</name>
         <load_address>0x5b9</load_address>
         <run_address>0x5b9</run_address>
         <size>0x51</size>
         <input_file_ref idref="fl-2"/>
      </object_component>
      <object_component id="oc-173">
         <name>.debug_line</name>
         <load_address>0x60a</load_address>
         <run_address>0x60a</run_address>
         <size>0x46</size>
         <input_file_ref idref="fl-2"/>
      </object_component>
      <object_component id="oc-179">
         <name>.debug_line</name>
         <load_address>0x650</load_address>
         <run_address>0x650</run_address>
         <size>0x50</size>
         <input_file_ref idref="fl-2"/>
      </object_component>
      <object_component id="oc-197">
         <name>.debug_line</name>
         <load_address>0x6a0</load_address>
         <run_address>0x6a0</run_address>
         <size>0x67</size>
         <input_file_ref idref="fl-2"/>
      </object_component>
      <object_component id="oc-19d">
         <name>.debug_line</name>
         <load_address>0x707</load_address>
         <run_address>0x707</run_address>
         <size>0x45</size>
         <input_file_ref idref="fl-2"/>
      </object_component>
      <object_component id="oc-be">
         <name>.debug_line</name>
         <load_address>0x74c</load_address>
         <run_address>0x74c</run_address>
         <size>0x71</size>
         <input_file_ref idref="fl-2"/>
      </object_component>
      <object_component id="oc-7a">
         <name>.debug_line</name>
         <load_address>0x7bd</load_address>
         <run_address>0x7bd</run_address>
         <size>0x4c</size>
         <input_file_ref idref="fl-2"/>
      </object_component>
      <object_component id="oc-74">
         <name>.debug_line</name>
         <load_address>0x809</load_address>
         <run_address>0x809</run_address>
         <size>0x4c</size>
         <input_file_ref idref="fl-2"/>
      </object_component>
      <object_component id="oc-100">
         <name>.debug_line</name>
         <load_address>0x855</load_address>
         <run_address>0x855</run_address>
         <size>0x56</size>
         <input_file_ref idref="fl-2"/>
      </object_component>
      <object_component id="oc-143">
         <name>.debug_line</name>
         <load_address>0x8ab</load_address>
         <run_address>0x8ab</run_address>
         <size>0x67</size>
         <input_file_ref idref="fl-2"/>
      </object_component>
      <object_component id="oc-92">
         <name>.debug_line</name>
         <load_address>0x912</load_address>
         <run_address>0x912</run_address>
         <size>0x5d</size>
         <input_file_ref idref="fl-2"/>
      </object_component>
      <object_component id="oc-8c">
         <name>.debug_line</name>
         <load_address>0x96f</load_address>
         <run_address>0x96f</run_address>
         <size>0xa7</size>
         <input_file_ref idref="fl-2"/>
      </object_component>
      <object_component id="oc-80">
         <name>.debug_line</name>
         <load_address>0xa16</load_address>
         <run_address>0xa16</run_address>
         <size>0x26b</size>
         <input_file_ref idref="fl-2"/>
      </object_component>
      <object_component id="oc-86">
         <name>.debug_line</name>
         <load_address>0xc81</load_address>
         <run_address>0xc81</run_address>
         <size>0x4a</size>
         <input_file_ref idref="fl-2"/>
      </object_component>
      <object_component id="oc-1c6">
         <name>.debug_line</name>
         <load_address>0xccb</load_address>
         <run_address>0xccb</run_address>
         <size>0x2d</size>
         <input_file_ref idref="fl-2"/>
      </object_component>
      <object_component id="oc-2ce">
         <name>.debug_line</name>
         <load_address>0xcf8</load_address>
         <run_address>0xcf8</run_address>
         <size>0x7b</size>
         <input_file_ref idref="fl-2"/>
      </object_component>
      <object_component id="oc-151">
         <name>.debug_line</name>
         <load_address>0xd73</load_address>
         <run_address>0xd73</run_address>
         <size>0x69</size>
         <input_file_ref idref="fl-2"/>
      </object_component>
      <object_component id="oc-2d3">
         <name>.debug_line</name>
         <load_address>0xddc</load_address>
         <run_address>0xddc</run_address>
         <size>0x78</size>
         <input_file_ref idref="fl-2"/>
      </object_component>
      <object_component id="oc-124">
         <name>.debug_line</name>
         <load_address>0xe54</load_address>
         <run_address>0xe54</run_address>
         <size>0x20</size>
         <input_file_ref idref="fl-2"/>
      </object_component>
      <object_component id="oc-20c">
         <name>.debug_line</name>
         <load_address>0xe74</load_address>
         <run_address>0xe74</run_address>
         <size>0x6d</size>
         <input_file_ref idref="fl-2"/>
      </object_component>
      <object_component id="oc-149">
         <name>.debug_line</name>
         <load_address>0xee1</load_address>
         <run_address>0xee1</run_address>
         <size>0x69</size>
         <input_file_ref idref="fl-2"/>
      </object_component>
      <object_component id="oc-db">
         <name>.debug_line</name>
         <load_address>0xf4a</load_address>
         <run_address>0xf4a</run_address>
         <size>0x6a</size>
         <input_file_ref idref="fl-2"/>
      </object_component>
      <object_component id="oc-2d8">
         <name>.debug_line</name>
         <load_address>0xfb4</load_address>
         <run_address>0xfb4</run_address>
         <size>0x7a</size>
         <input_file_ref idref="fl-2"/>
      </object_component>
      <object_component id="oc-309">
         <name>.debug_line</name>
         <load_address>0x102e</load_address>
         <run_address>0x102e</run_address>
         <size>0x7a</size>
         <input_file_ref idref="fl-3"/>
      </object_component>
      <object_component id="oc-307">
         <name>.debug_line</name>
         <load_address>0x10a8</load_address>
         <run_address>0x10a8</run_address>
         <size>0x2f</size>
         <input_file_ref idref="fl-3"/>
      </object_component>
      <object_component id="oc-2ff">
         <name>.debug_line</name>
         <load_address>0x10d7</load_address>
         <run_address>0x10d7</run_address>
         <size>0x44</size>
         <input_file_ref idref="fl-3"/>
      </object_component>
      <object_component id="oc-21c">
         <name>.debug_line</name>
         <load_address>0x111b</load_address>
         <run_address>0x111b</run_address>
         <size>0x4c</size>
         <input_file_ref idref="fl-3"/>
      </object_component>
      <object_component id="oc-222">
         <name>.debug_line</name>
         <load_address>0x1167</load_address>
         <run_address>0x1167</run_address>
         <size>0x46</size>
         <input_file_ref idref="fl-3"/>
      </object_component>
      <object_component id="oc-228">
         <name>.debug_line</name>
         <load_address>0x11ad</load_address>
         <run_address>0x11ad</run_address>
         <size>0x68</size>
         <input_file_ref idref="fl-3"/>
      </object_component>
      <object_component id="oc-22e">
         <name>.debug_line</name>
         <load_address>0x1215</load_address>
         <run_address>0x1215</run_address>
         <size>0x46</size>
         <input_file_ref idref="fl-3"/>
      </object_component>
      <object_component id="oc-f7">
         <name>.debug_line</name>
         <load_address>0x125b</load_address>
         <run_address>0x125b</run_address>
         <size>0x9e</size>
         <input_file_ref idref="fl-3"/>
      </object_component>
      <object_component id="oc-32">
         <name>.debug_line</name>
         <load_address>0x12f9</load_address>
         <run_address>0x12f9</run_address>
         <size>0x20</size>
         <input_file_ref idref="fl-3"/>
      </object_component>
      <object_component id="oc-238">
         <name>.debug_line</name>
         <load_address>0x1319</load_address>
         <run_address>0x1319</run_address>
         <size>0x65</size>
         <input_file_ref idref="fl-3"/>
      </object_component>
      <object_component id="oc-ce">
         <name>.debug_line</name>
         <load_address>0x137e</load_address>
         <run_address>0x137e</run_address>
         <size>0x66</size>
         <input_file_ref idref="fl-4"/>
      </object_component>
      <object_component id="oc-14d">
         <name>.debug_line</name>
         <load_address>0x13e4</load_address>
         <run_address>0x13e4</run_address>
         <size>0x44</size>
         <input_file_ref idref="fl-5"/>
      </object_component>
      <object_component id="oc-95">
         <name>.debug_line</name>
         <load_address>0x1428</load_address>
         <run_address>0x1428</run_address>
         <size>0x44</size>
         <input_file_ref idref="fl-5"/>
      </object_component>
      <object_component id="oc-68">
         <name>.debug_line</name>
         <load_address>0x146c</load_address>
         <run_address>0x146c</run_address>
         <size>0x5d</size>
         <input_file_ref idref="fl-5"/>
      </object_component>
      <object_component id="oc-6e">
         <name>.debug_line</name>
         <load_address>0x14c9</load_address>
         <run_address>0x14c9</run_address>
         <size>0x59</size>
         <input_file_ref idref="fl-5"/>
      </object_component>
      <object_component id="oc-37a">
         <name>.debug_line</name>
         <load_address>0x1522</load_address>
         <run_address>0x1522</run_address>
         <size>0x8b</size>
         <input_file_ref idref="fl-10"/>
      </object_component>
      <object_component id="oc-25c">
         <name>.debug_line</name>
         <load_address>0x15ad</load_address>
         <run_address>0x15ad</run_address>
         <size>0xe2</size>
         <input_file_ref idref="fl-10"/>
      </object_component>
      <object_component id="oc-262">
         <name>.debug_line</name>
         <load_address>0x168f</load_address>
         <run_address>0x168f</run_address>
         <size>0x69</size>
         <input_file_ref idref="fl-10"/>
      </object_component>
      <object_component id="oc-31a">
         <name>.debug_line</name>
         <load_address>0x16f8</load_address>
         <run_address>0x16f8</run_address>
         <size>0x69</size>
         <input_file_ref idref="fl-10"/>
      </object_component>
      <object_component id="oc-320">
         <name>.debug_line</name>
         <load_address>0x1761</load_address>
         <run_address>0x1761</run_address>
         <size>0x7e</size>
         <input_file_ref idref="fl-10"/>
      </object_component>
      <object_component id="oc-256">
         <name>.debug_line</name>
         <load_address>0x17df</load_address>
         <run_address>0x17df</run_address>
         <size>0xd5</size>
         <input_file_ref idref="fl-10"/>
      </object_component>
      <object_component id="oc-373">
         <name>.debug_line</name>
         <load_address>0x18b4</load_address>
         <run_address>0x18b4</run_address>
         <size>0x51</size>
         <input_file_ref idref="fl-10"/>
      </object_component>
      <object_component id="oc-37e">
         <name>.debug_line</name>
         <load_address>0x1905</load_address>
         <run_address>0x1905</run_address>
         <size>0x55</size>
         <input_file_ref idref="fl-10"/>
      </object_component>
      <object_component id="oc-36f">
         <name>.debug_line</name>
         <load_address>0x195a</load_address>
         <run_address>0x195a</run_address>
         <size>0x56</size>
         <input_file_ref idref="fl-11"/>
      </object_component>
      <object_component id="oc-30b">
         <name>.debug_line</name>
         <load_address>0x19b0</load_address>
         <run_address>0x19b0</run_address>
         <size>0x51</size>
         <input_file_ref idref="fl-11"/>
      </object_component>
      <object_component id="oc-26a">
         <name>.debug_line</name>
         <load_address>0x1a01</load_address>
         <run_address>0x1a01</run_address>
         <size>0x6e</size>
         <input_file_ref idref="fl-11"/>
      </object_component>
      <object_component id="oc-29c">
         <name>.debug_line</name>
         <load_address>0x1a6f</load_address>
         <run_address>0x1a6f</run_address>
         <size>0x6f</size>
         <input_file_ref idref="fl-11"/>
      </object_component>
      <object_component id="oc-271">
         <name>.debug_line</name>
         <load_address>0x1ade</load_address>
         <run_address>0x1ade</run_address>
         <size>0x78</size>
         <input_file_ref idref="fl-11"/>
      </object_component>
      <object_component id="oc-27e">
         <name>.debug_line</name>
         <load_address>0x1b56</load_address>
         <run_address>0x1b56</run_address>
         <size>0x78</size>
         <input_file_ref idref="fl-11"/>
      </object_component>
      <object_component id="oc-104">
         <name>.debug_line</name>
         <load_address>0x1bce</load_address>
         <run_address>0x1bce</run_address>
         <size>0x6c</size>
         <input_file_ref idref="fl-11"/>
      </object_component>
      <object_component id="oc-10d">
         <name>.debug_line</name>
         <load_address>0x1c3a</load_address>
         <run_address>0x1c3a</run_address>
         <size>0x6c</size>
         <input_file_ref idref="fl-11"/>
      </object_component>
      <object_component id="oc-2a9">
         <name>.debug_line</name>
         <load_address>0x1ca6</load_address>
         <run_address>0x1ca6</run_address>
         <size>0x73</size>
         <input_file_ref idref="fl-11"/>
      </object_component>
      <object_component id="oc-2a2">
         <name>.debug_line</name>
         <load_address>0x1d19</load_address>
         <run_address>0x1d19</run_address>
         <size>0x6c</size>
         <input_file_ref idref="fl-11"/>
      </object_component>
      <object_component id="oc-245">
         <name>.debug_line</name>
         <load_address>0x1d85</load_address>
         <run_address>0x1d85</run_address>
         <size>0x6c</size>
         <input_file_ref idref="fl-11"/>
      </object_component>
      <object_component id="oc-12f">
         <name>.debug_line</name>
         <load_address>0x1df1</load_address>
         <run_address>0x1df1</run_address>
         <size>0x6c</size>
         <input_file_ref idref="fl-11"/>
      </object_component>
      <object_component id="oc-13b">
         <name>.debug_line</name>
         <load_address>0x1e5d</load_address>
         <run_address>0x1e5d</run_address>
         <size>0x70</size>
         <input_file_ref idref="fl-11"/>
      </object_component>
      <object_component id="oc-129">
         <name>.debug_line</name>
         <load_address>0x1ecd</load_address>
         <run_address>0x1ecd</run_address>
         <size>0x78</size>
         <input_file_ref idref="fl-11"/>
      </object_component>
      <object_component id="oc-39a">
         <name>.debug_line</name>
         <load_address>0x1f45</load_address>
         <run_address>0x1f45</run_address>
         <size>0x50</size>
         <input_file_ref idref="fl-12"/>
      </object_component>
      <object_component id="oc-383">
         <name>.debug_line</name>
         <load_address>0x1f95</load_address>
         <run_address>0x1f95</run_address>
         <size>0x56</size>
         <input_file_ref idref="fl-12"/>
      </object_component>
      <object_component id="oc-1b5">
         <name>.debug_line</name>
         <load_address>0x1feb</load_address>
         <run_address>0x1feb</run_address>
         <size>0x6e</size>
         <input_file_ref idref="fl-12"/>
      </object_component>
      <object_component id="oc-2c0">
         <name>.debug_line</name>
         <load_address>0x2059</load_address>
         <run_address>0x2059</run_address>
         <size>0x6e</size>
         <input_file_ref idref="fl-12"/>
      </object_component>
      <object_component id="oc-28f">
         <name>.debug_line</name>
         <load_address>0x20c7</load_address>
         <run_address>0x20c7</run_address>
         <size>0x95</size>
         <input_file_ref idref="fl-12"/>
[...]
      </symbol>
      <symbol id="sm-239">
         <name>index_TransmitNext</name>
         <value>0x20000804</value>
      </symbol>
      <symbol id="sm-23a">
         <name>configTimerA3PWMForADC</name>
         <value>0x1d21</value>
         <object_component_ref idref="oc-187"/>
      </symbol>
      <symbol id="sm-23b">
         <name>uartConfig</name>
         <value>0x20a4</value>
         <object_component_ref idref="oc-291"/>
      </symbol>
      <symbol id="sm-23c">
         <name>TA2_0_IRQHandler</name>
         <value>0x1eb5</value>
         <object_component_ref idref="oc-76"/>
      </symbol>
      <symbol id="sm-23d">
         <name>packageDataOntoBuffer</name>
         <value>0x1101</value>
         <object_component_ref idref="oc-dd"/>
      </symbol>
      <symbol id="sm-23e">
         <name>configTA0forMotorPWM</name>
         <value>0x15d1</value>
         <object_component_ref idref="oc-175"/>
      </symbol>
      <symbol id="sm-23f">
         <name>currentK</name>
         <value>0x1d51</value>
         <object_component_ref idref="oc-11a"/>
      </symbol>
      <symbol id="sm-240">
         <name>updatePIDController</name>
         <value>0xa11</value>
         <object_component_ref idref="oc-13f"/>
      </symbol>
      <symbol id="sm-241">
         <name>main</name>
         <value>0xe15</value>
         <object_component_ref idref="oc-ba"/>
      </symbol>
      <symbol id="sm-242">
         <name>configTA2andGPIOsForUltrasoundDistSensor</name>
         <value>0x1551</value>
         <object_component_ref idref="oc-18d"/>
      </symbol>
      <symbol id="sm-243">
         <name>ADC14_IRQHandler</name>
         <value>0x1b5d</value>
         <object_component_ref idref="oc-82"/>
      </symbol>
      <symbol id="sm-244">
         <name>configADC</name>
         <value>0x1959</value>
         <object_component_ref idref="oc-181"/>
      </symbol>
      <symbol id="sm-245">
         <name>EUSCIA0_IRQHandler</name>
         <value>0xe5</value>
         <object_component_ref idref="oc-7c"/>
      </symbol>
      <symbol id="sm-246">
         <name>PORT5_IRQHandler</name>
         <value>0x685</value>
         <object_component_ref idref="oc-88"/>
      </symbol>
      <symbol id="sm-247">
         <name>TA1_0_IRQHandler</name>
         <value>0x1ab5</value>
         <object_component_ref idref="oc-70"/>
      </symbol>
      <symbol id="sm-248">
         <name>configTA1forLiveTuning</name>
         <value>0x17bd</value>
         <object_component_ref idref="oc-19f"/>
      </symbol>
      <symbol id="sm-249">
         <name>PORT6_IRQHandler</name>
         <value>0x13c5</value>
         <object_component_ref idref="oc-8e"/>
      </symbol>
      <symbol id="sm-24a">
         <name>configGPIOOutput</name>
         <value>0x1f25</value>
         <object_component_ref idref="oc-16f"/>
      </symbol>
      <symbol id="sm-24b">
         <name>configUART</name>
         <value>0x1c2d</value>
         <object_component_ref idref="oc-17b"/>
      </symbol>
      <symbol id="sm-24c">
         <name>configClocks</name>
         <value>0x1bf9</value>
         <object_component_ref idref="oc-169"/>
      </symbol>
      <symbol id="sm-24d">
         <name>driveIndefinitely</name>
         <value>0x189d</value>
         <object_component_ref idref="oc-fc"/>
      </symbol>
      <symbol id="sm-24e">
         <name>configEncoderGPIOInputs</name>
         <value>0x103d</value>
         <object_component_ref idref="oc-193"/>
      </symbol>
      <symbol id="sm-24f">
         <name>configT32_1ForEncoder</name>
         <value>0x1f95</value>
         <object_component_ref idref="oc-199"/>
      </symbol>
      <symbol id="sm-2b3">
         <name>puts</name>
         <value>0x1e91</value>
         <object_component_ref idref="oc-218"/>
      </symbol>
      <symbol id="sm-2b4">
         <name>putc</name>
         <value>0x1fbd</value>
         <object_component_ref idref="oc-21e"/>
      </symbol>
      <symbol id="sm-2b5">
         <name>printf</name>
         <value>0xb7d</value>
         <object_component_ref idref="oc-f6"/>
      </symbol>
      <symbol id="sm-2b6">
         <name>sendByte</name>
         <value>0x1fa9</value>
         <object_component_ref idref="oc-2fb"/>
      </symbol>
      <symbol id="sm-2c9">
         <name>SystemInit</name>
         <value>0x1745</value>
         <object_component_ref idref="oc-cc"/>
      </symbol>
      <symbol id="sm-2e5">
         <name>Reset_Handler</name>
         <value>0x2027</value>
         <object_component_ref idref="oc-64"/>
      </symbol>
      <symbol id="sm-2e6">
         <name>Default_Handler</name>
         <value>0x1743</value>
         <object_component_ref idref="oc-6a"/>
      </symbol>
      <symbol id="sm-2e7">
         <name>interruptVectors</name>
         <value>0x0</value>
         <object_component_ref idref="oc-23"/>
      </symbol>
      <symbol id="sm-362">
         <name>CS_setDCOFrequency</name>
         <value>0x875</value>
         <object_component_ref idref="oc-252"/>
      </symbol>
      <symbol id="sm-363">
         <name>CS_setDCOCenteredFrequency</name>
         <value>0x1b91</value>
         <object_component_ref idref="oc-316"/>
      </symbol>
      <symbol id="sm-364">
         <name>CS_setReferenceOscillatorFrequency</name>
         <value>0x1c61</value>
         <object_component_ref idref="oc-25e"/>
      </symbol>
      <symbol id="sm-365">
         <name>CS_tuneDCOFrequency</name>
         <value>0x122d</value>
         <object_component_ref idref="oc-31c"/>
      </symbol>
      <symbol id="sm-366">
         <name>CS_initClockSignal</name>
         <value>0xce5</value>
         <object_component_ref idref="oc-258"/>
      </symbol>
      <symbol id="sm-401">
         <name>GPIO_setAsInputPin</name>
         <value>0x19a9</value>
         <object_component_ref idref="oc-297"/>
      </symbol>
      <symbol id="sm-402">
         <name>GPIO_setOutputHighOnPin</name>
         <value>0x1dd1</value>
         <object_component_ref idref="oc-102"/>
      </symbol>
      <symbol id="sm-403">
         <name>GPIO_getInterruptStatus</name>
         <value>0x1e49</value>
         <object_component_ref idref="oc-243"/>
      </symbol>
      <symbol id="sm-404">
         <name>GPIO_enableInterrupt</name>
         <value>0x1da9</value>
         <object_component_ref idref="oc-29d"/>
      </symbol>
      <symbol id="sm-405">
         <name>GPIO_getEnabledInterruptStatus</name>
         <value>0x144d</value>
         <object_component_ref idref="oc-127"/>
      </symbol>
      <symbol id="sm-406">
         <name>GPIO_setAsOutputPin</name>
         <value>0x1a39</value>
         <object_component_ref idref="oc-265"/>
      </symbol>
      <symbol id="sm-407">
         <name>GPIO_interruptEdgeSelect</name>
         <value>0x1a79</value>
         <object_component_ref idref="oc-139"/>
      </symbol>
      <symbol id="sm-408">
         <name>GPIO_setOutputLowOnPin</name>
         <value>0x1df9</value>
         <object_component_ref idref="oc-108"/>
      </symbol>
      <symbol id="sm-409">
         <name>GPIO_clearInterruptFlag</name>
         <value>0x1d81</value>
         <object_component_ref idref="oc-12d"/>
      </symbol>
      <symbol id="sm-40a">
         <name>GPIO_setAsPeripheralModuleFunctionOutputPin</name>
         <value>0x133d</value>
         <object_component_ref idref="oc-26c"/>
      </symbol>
      <symbol id="sm-40b">
         <name>GPIO_getInputPinValue</name>
         <value>0x1c91</value>
         <object_component_ref idref="oc-2a4"/>
      </symbol>
      <symbol id="sm-40c">
         <name>GPIO_setAsPeripheralModuleFunctionInputPin</name>
         <value>0x12b5</value>
         <object_component_ref idref="oc-279"/>
      </symbol>
      <symbol id="sm-445">
         <name>Interrupt_disableMaster</name>
         <value>0x1fcf</value>
         <object_component_ref idref="oc-2bc"/>
      </symbol>
      <symbol id="sm-446">
         <name>Interrupt_enableMaster</name>
         <value>0x1ff1</value>
         <object_component_ref idref="oc-1b1"/>
      </symbol>
      <symbol id="sm-447">
         <name>Interrupt_enableInterrupt</name>
         <value>0x14d1</value>
         <object_component_ref idref="oc-28b"/>
      </symbol>
      <symbol id="sm-448">
         <name>Interrupt_disableSleepOnIsrExit</name>
         <value>0x1fe1</value>
         <object_component_ref idref="oc-1a5"/>
      </symbol>
      <symbol id="sm-45f">
         <name>PCM_gotoLPM0InterruptSafe</name>
         <value>0x1ed5</value>
         <object_component_ref idref="oc-1b7"/>
      </symbol>
      <symbol id="sm-460">
         <name>PCM_gotoLPM0</name>
         <value>0x1e21</value>
         <object_component_ref idref="oc-2c2"/>
      </symbol>
      <symbol id="sm-477">
         <name>SysCtl_A_getTLVInfo</name>
         <value>0x1199</value>
         <object_component_ref idref="oc-310"/>
      </symbol>
      <symbol id="sm-49c">
         <name>Timer32_startTimer</name>
         <value>0x1aed</value>
         <object_component_ref idref="oc-1ab"/>
      </symbol>
      <symbol id="sm-49d">
         <name>Timer32_getValue</name>
         <value>0x2001</value>
         <object_component_ref idref="oc-133"/>
      </symbol>
      <symbol id="sm-49e">
         <name>Timer32_initModule</name>
         <value>0x1835</value>
         <object_component_ref idref="oc-2ab"/>
      </symbol>
      <symbol id="sm-4b0">
         <name>Timer_A_startCounter</name>
         <value>0x1f3d</value>
         <object_component_ref idref="oc-10e"/>
      </symbol>
      <symbol id="sm-4b1">
         <name>Timer_A_stopTimer</name>
         <value>0x1f7f</value>
         <object_component_ref idref="oc-114"/>
      </symbol>
      <symbol id="sm-512">
         <name>UART_enableInterrupt</name>
         <value>0x1cc1</value>
         <object_component_ref idref="oc-285"/>
      </symbol>
      <symbol id="sm-513">
         <name>UART_receiveData</name>
         <value>0x1cf1</value>
         <object_component_ref idref="oc-f0"/>
      </symbol>
      <symbol id="sm-514">
         <name>UART_enableModule</name>
         <value>0x1f69</value>
         <object_component_ref idref="oc-27f"/>
      </symbol>
      <symbol id="sm-515">
         <name>UART_getEnabledInterruptStatus</name>
         <value>0x1901</value>
         <object_component_ref idref="oc-e4"/>
      </symbol>
      <symbol id="sm-516">
         <name>UART_transmitData</name>
         <value>0x1bc5</value>
         <object_component_ref idref="oc-367"/>
      </symbol>
      <symbol id="sm-517">
         <name>UART_getInterruptStatus</name>
         <value>0x1f0d</value>
         <object_component_ref idref="oc-20f"/>
      </symbol>
      <symbol id="sm-518">
         <name>UART_initModule</name>
         <value>0xf41</value>
         <object_component_ref idref="oc-273"/>
      </symbol>
      <symbol id="sm-519">
         <name>UART_clearInterruptFlag</name>
         <value>0x1f53</value>
         <object_component_ref idref="oc-ea"/>
      </symbol>
      <symbol id="sm-525">
         <name>WDT_A_holdTimer</name>
         <value>0x1e6d</value>
         <object_component_ref idref="oc-163"/>
      </symbol>
      <symbol id="sm-53f">
         <name>CPU_wfi</name>
         <value>0x203f</value>
         <object_component_ref idref="oc-33f"/>
      </symbol>
      <symbol id="sm-540">
         <name>CPU_cpsie</name>
         <value>0x201b</value>
         <object_component_ref idref="oc-2b5"/>
      </symbol>
      <symbol id="sm-541">
         <name>CPU_cpsid</name>
         <value>0x200f</value>
         <object_component_ref idref="oc-338"/>
      </symbol>
      <symbol id="sm-558">
         <name>__TI_zero_init</name>
         <value>0x2033</value>
         <object_component_ref idref="oc-46"/>
      </symbol>
      <symbol id="sm-56d">
         <name>__stack</name>
         <value>0x2000fe00</value>
         <object_component_ref idref="oc-26"/>
      </symbol>
      <symbol id="sm-56e">
         <name>_c_int00_noargs</name>
         <value>0x1b25</value>
         <object_component_ref idref="oc-52"/>
      </symbol>
      <symbol id="sm-57d">
         <name>__aeabi_memset</name>
         <value>0x16cb</value>
         <object_component_ref idref="oc-ae"/>
      </symbol>
      <symbol id="sm-57e">
         <name>memset</name>
         <value>0x16d1</value>
         <object_component_ref idref="oc-ae"/>
      </symbol>
      <symbol id="sm-57f">
         <name>__aeabi_memset8</name>
         <value>0x16cb</value>
         <object_component_ref idref="oc-ae"/>
      </symbol>
      <symbol id="sm-580">
         <name>__aeabi_memset4</name>
         <value>0x16cb</value>
         <object_component_ref idref="oc-ae"/>
      </symbol>
      <symbol id="sm-581">
         <name>__aeabi_memclr8</name>
         <value>0x16c9</value>
         <object_component_ref idref="oc-ae"/>
      </symbol>
      <symbol id="sm-582">
         <name>__aeabi_memclr4</name>
         <value>0x16c9</value>
         <object_component_ref idref="oc-ae"/>
      </symbol>
      <symbol id="sm-583">
         <name>__aeabi_memclr</name>
         <value>0x16c9</value>
         <object_component_ref idref="oc-ae"/>
      </symbol>
      <symbol id="sm-5ac">
         <name>__TI_auto_init_nobinit_nopinit</name>
         <value>0x19f5</value>
         <object_component_ref idref="oc-1d4"/>
      </symbol>
      <symbol id="sm-5b6">
         <name>_system_pre_init</name>
         <value>0x2043</value>
         <object_component_ref idref="oc-b4"/>
      </symbol>
      <symbol id="sm-5c2">
         <name>C$$EXIT</name>
         <value>0x2047</value>
         <object_component_ref idref="oc-1c8"/>
      </symbol>
      <symbol id="sm-5c3">
         <name>abort</name>
         <value>0x2047</value>
         <object_component_ref idref="oc-1c8"/>
      </symbol>
      <symbol id="sm-5c6">
         <name>__TI_static_base__</name>
         <value>0x0</value>
      </symbol>
      <symbol id="sm-5c8">
         <name>__mpu_init</name>
         <value>0x0</value>
      </symbol>
      <symbol id="sm-5c9">
         <name>_system_post_cinit</name>
         <value>0x0</value>
      </symbol>
      <symbol id="sm-5ca">
         <name>NMI_Handler</name>
         <value>0x1743</value>
      </symbol>
      <symbol id="sm-5cb">
         <name>HardFault_Handler</name>
         <value>0x1743</value>
      </symbol>
      <symbol id="sm-5cc">
         <name>MemManage_Handler</name>
         <value>0x1743</value>
      </symbol>
      <symbol id="sm-5cd">
         <name>BusFault_Handler</name>
         <value>0x1743</value>
      </symbol>
      <symbol id="sm-5ce">
         <name>UsageFault_Handler</name>
         <value>0x1743</value>
      </symbol>
      <symbol id="sm-5cf">
         <name>SVC_Handler</name>
         <value>0x1743</value>
      </symbol>
      <symbol id="sm-5d0">
         <name>DebugMon_Handler</name>
         <value>0x1743</value>
      </symbol>
      <symbol id="sm-5d1">
         <name>PendSV_Handler</name>
         <value>0x1743</value>
      </symbol>
      <symbol id="sm-5d2">
         <name>SysTick_Handler</name>
         <value>0x1743</value>
      </symbol>
      <symbol id="sm-5d3">
         <name>PSS_IRQHandler</name>
         <value>0x1743</value>
      </symbol>
      <symbol id="sm-5d4">
         <name>CS_IRQHandler</name>
         <value>0x1743</value>
      </symbol>
      <symbol id="sm-5d5">
         <name>PCM_IRQHandler</name>
         <value>0x1743</value>
      </symbol>
      <symbol id="sm-5d6">
         <name>WDT_A_IRQHandler</name>
         <value>0x1743</value>
      </symbol>
      <symbol id="sm-5d7">
         <name>FPU_IRQHandler</name>
         <value>0x1743</value>
      </symbol>
      <symbol id="sm-5d8">
         <name>FLCTL_IRQHandler</name>
         <value>0x1743</value>
      </symbol>
      <symbol id="sm-5d9">
         <name>COMP_E0_IRQHandler</name>
         <value>0x1743</value>
      </symbol>
      <symbol id="sm-5da">
         <name>COMP_E1_IRQHandler</name>
         <value>0x1743</value>
      </symbol>
      <symbol id="sm-5db">
         <name>TA0_0_IRQHandler</name>
         <value>0x1743</value>
      </symbol>
      <symbol id="sm-5dc">
         <name>TA0_N_IRQHandler</name>
         <value>0x1743</value>
      </symbol>
      <symbol id="sm-5dd">
         <name>TA1_0_IRQHandler</name>
         <value>0x1ab5</value>
      </symbol>
      <symbol id="sm-5de">
         <name>TA1_N_IRQHandler</name>
         <value>0x1743</value>
      </symbol>
      <symbol id="sm-5df">
         <name>TA2_0_IRQHandler</name>
         <value>0x1eb5</value>
      </symbol>
      <symbol id="sm-5e0">
         <name>TA2_N_IRQHandler</name>
         <value>0x1743</value>
      </symbol>
      <symbol id="sm-5e1">
         <name>TA3_0_IRQHandler</name>
         <value>0x1743</value>
      </symbol>
      <symbol id="sm-5e2">
         <name>TA3_N_IRQHandler</name>
         <value>0x1743</value>
      </symbol>
      <symbol id="sm-5e3">
         <name>EUSCIA0_IRQHandler</name>
         <value>0xe5</value>
      </symbol>
      <symbol id="sm-5e4">
         <name>EUSCIA1_IRQHandler</name>
         <value>0x1743</value>
      </symbol>
      <symbol id="sm-5e5">
         <name>EUSCIA2_IRQHandler</name>
         <value>0x1743</value>
      </symbol>
      <symbol id="sm-5e6">
         <name>EUSCIA3_IRQHandler</name>
         <value>0x1743</value>
      </symbol>
      <symbol id="sm-5e7">
         <name>EUSCIB0_IRQHandler</name>
         <value>0x1743</value>
      </symbol>
      <symbol id="sm-5e8">
         <name>EUSCIB1_IRQHandler</name>
         <value>0x1743</value>
      </symbol>
      <symbol id="sm-5e9">
         <name>EUSCIB2_IRQHandler</name>
         <value>0x1743</value>
      </symbol>
      <symbol id="sm-5ea">
         <name>EUSCIB3_IRQHandler</name>
         <value>0x1743</value>
      </symbol>
      <symbol id="sm-5eb">
         <name>ADC14_IRQHandler</name>
         <value>0x1b5d</value>
      </symbol>
      <symbol id="sm-5ec">
         <name>T32_INT1_IRQHandler</name>
         <value>0x1743</value>
      </symbol>
      <symbol id="sm-5ed">
         <name>T32_INT2_IRQHandler</name>
         <value>0x1743</value>
      </symbol>
      <symbol id="sm-5ee">
         <name>T32_INTC_IRQHandler</name>
         <value>0x1743</value>
      </symbol>
      <symbol id="sm-5ef">
         <name>AES256_IRQHandler</name>
         <value>0x1743</value>
      </symbol>
      <symbol id="sm-5f0">
         <name>RTC_C_IRQHandler</name>
         <value>0x1743</value>
      </symbol>
      <symbol id="sm-5f1">
         <name>DMA_ERR_IRQHandler</name>
         <value>0x1743</value>
      </symbol>
      <symbol id="sm-5f2">
         <name>DMA_INT3_IRQHandler</name>
         <value>0x1743</value>
      </symbol>
      <symbol id="sm-5f3">
         <name>DMA_INT2_IRQHandler</name>
         <value>0x1743</value>
      </symbol>
      <symbol id="sm-5f4">
         <name>DMA_INT1_IRQHandler</name>
         <value>0x1743</value>
      </symbol>
      <symbol id="sm-5f5">
         <name>DMA_INT0_IRQHandler</name>
         <value>0x1743</value>
      </symbol>
      <symbol id="sm-5f6">
         <name>PORT1_IRQHandler</name>
         <value>0x1743</value>
      </symbol>
      <symbol id="sm-5f7">
         <name>PORT2_IRQHandler</name>
         <value>0x1743</value>
      </symbol>
      <symbol id="sm-5f8">
         <name>PORT3_IRQHandler</name>
         <value>0x1743</value>
      </symbol>
      <symbol id="sm-5f9">
         <name>PORT4_IRQHandler</name>
         <value>0x1743</value>
      </symbol>
      <symbol id="sm-5fa">
         <name>PORT5_IRQHandler</name>
         <value>0x685</value>
      </symbol>
      <symbol id="sm-5fb">
         <name>PORT6_IRQHandler</name>
         <value>0x13c5</value>
      </symbol>
   </symbol_table>
   <title>Link successful</title>
</link_info>
