******************************************************************************
                  TI ARM Linker PC v18.1.3                     
******************************************************************************
>> Linked Tue Feb 19 15:03:55 2019

OUTPUT FILE NAME:   <LabPID.out>
ENTRY POINT SYMBOL: "_c_int00_noargs"  address: 00001b25


MEMORY CONFIGURATION

         name            origin    length      used     unused   attr    fill
----------------------  --------  ---------  --------  --------  ----  --------
  MAIN                  00000000   00040000  000020fa  0003df06  R  X
  INFO                  00200000   00004000  00000000  00004000  R  X
  SRAM_CODE             01000000   00010000  00000a06  0000f5fa  RW X
  SRAM_DATA             20000000   00010000  00000a06  0000f5fa  RW  


SEGMENT ALLOCATION MAP

run origin  load origin   length   init length attrs members
----------  ----------- ---------- ----------- ----- -------
00000000    00000000    000020fc   000020fc    r-x
  00000000    00000000    000000e4   000000e4    r-- .intvecs
  000000e4    000000e4    00001f66   00001f66    r-x .text
  0000204c    0000204c    0000009c   0000009c    r-- .const
  000020e8    000020e8    00000014   00000014    r-- .cinit
20000000    20000000    00000806   00000000    rw-
  20000000    20000000    00000806   00000000    rw- .bss
2000fe00    2000fe00    00000200   00000000    rw-
  2000fe00    2000fe00    00000200   00000000    rw- .stack


SECTION ALLOCATION MAP

 output                                  attributes/
section   page    origin      length       input sections
--------  ----  ----------  ----------   ----------------
.intvecs   0    00000000    000000e4     
                  00000000    000000e4     startup_msp432p401r_ccs.obj (.intvecs:retain)

.text      0    000000e4    00001f66     
                  000000e4    000005a0     main.obj (.text:EUSCIA0_IRQHandler)
                  00000684    000001f0     main.obj (.text:PORT5_IRQHandler)
                  00000874    0000019c     msp432p4xx_driverlib.lib : cs.o (.text:CS_setDCOFrequency)
                  00000a10    0000016c     main.obj (.text:updatePIDController)
                  00000b7c    00000168     printf.obj (.text:printf)
                  00000ce4    00000130     msp432p4xx_driverlib.lib : cs.o (.text:CS_initClockSignal)
                  00000e14    0000012c     main.obj (.text:main)
                  00000f40    000000fc     msp432p4xx_driverlib.lib : uart.o (.text:UART_initModule)
                  0000103c    000000c4     main.obj (.text:configEncoderGPIOInputs)
                  00001100    00000098     main.obj (.text:packageDataOntoBuffer)
                  00001198    00000094     msp432p4xx_driverlib.lib : sysctl_a.o (.text:SysCtl_A_getTLVInfo)
                  0000122c    00000088                              : cs.o (.text:CS_tuneDCOFrequency)
                  000012b4    00000088                              : gpio.o (.text:GPIO_setAsPeripheralModuleFunctionInputPin)
                  0000133c    00000088                              : gpio.o (.text:GPIO_setAsPeripheralModuleFunctionOutputPin)
                  000013c4    00000088     main.obj (.text:PORT6_IRQHandler)
                  0000144c    00000084     msp432p4xx_driverlib.lib : gpio.o (.text:GPIO_getEnabledInterruptStatus)
                  000014d0    00000080                              : interrupt.o (.text:Interrupt_enableInterrupt)
                  00001550    00000080     main.obj (.text:configTA2andGPIOsForUltrasoundDistSensor)
                  000015d0    0000007c     main.obj (.text:configTA0forMotorPWM)
                  0000164c    0000007c     printf.obj (.text:xtoa)
                  000016c8    0000007a     rtsv7M4_T_le_v4SPD16_eabi.lib : memset_t2.asm.obj (.text)
                  00001742    00000002     startup_msp432p401r_ccs.obj (.text:Default_Handler)
                  00001744    00000078     system_msp432p401r.obj (.text:SystemInit)
                  000017bc    00000078     main.obj (.text:configTA1forLiveTuning)
                  00001834    00000068     msp432p4xx_driverlib.lib : timer32.o (.text:Timer32_initModule)
                  0000189c    00000064     main.obj (.text:driveIndefinitely)
                  00001900    00000056     msp432p4xx_driverlib.lib : uart.o (.text:UART_getEnabledInterruptStatus)
                  00001956    00000002     --HOLE-- [fill = 0]
                  00001958    00000050     main.obj (.text:configADC)
                  000019a8    0000004c     msp432p4xx_driverlib.lib : gpio.o (.text:GPIO_setAsInputPin)
                  000019f4    00000044     rtsv7M4_T_le_v4SPD16_eabi.lib : autoinit.c.obj (.text:__TI_auto_init_nobinit_nopinit:__TI_auto_init_nobinit_nopinit)
                  00001a38    00000040     msp432p4xx_driverlib.lib : gpio.o (.text:GPIO_setAsOutputPin)
                  00001a78    0000003c                              : gpio.o (.text:GPIO_interruptEdgeSelect)
                  00001ab4    00000038     main.obj (.text:TA1_0_IRQHandler)
                  00001aec    00000038     msp432p4xx_driverlib.lib : timer32.o (.text:Timer32_startTimer)
                  00001b24    00000038     rtsv7M4_T_le_v4SPD16_eabi.lib : boot_cortex_m.c.obj (.text:_c_int00_noargs:_c_int00_noargs)
                  00001b5c    00000034     main.obj (.text:ADC14_IRQHandler)
                  00001b90    00000034     msp432p4xx_driverlib.lib : cs.o (.text:CS_setDCOCenteredFrequency)
                  00001bc4    00000034                              : uart.o (.text:UART_transmitData)
                  00001bf8    00000034     main.obj (.text:configClocks)
                  00001c2c    00000034     main.obj (.text:configUART)
                  00001c60    00000030     msp432p4xx_driverlib.lib : cs.o (.text:CS_setReferenceOscillatorFrequency)
                  00001c90    00000030                              : gpio.o (.text:GPIO_getInputPinValue)
                  00001cc0    00000030                              : uart.o (.text:UART_enableInterrupt)
                  00001cf0    00000030                              : uart.o (.text:UART_receiveData)
                  00001d20    00000030     main.obj (.text:configTimerA3PWMForADC)
                  00001d50    00000030     main.obj (.text:currentK)
                  00001d80    00000028     msp432p4xx_driverlib.lib : gpio.o (.text:GPIO_clearInterruptFlag)
                  00001da8    00000028                              : gpio.o (.text:GPIO_enableInterrupt)
                  00001dd0    00000028                              : gpio.o (.text:GPIO_setOutputHighOnPin)
                  00001df8    00000028                              : gpio.o (.text:GPIO_setOutputLowOnPin)
                  00001e20    00000028                              : pcm.o (.text:PCM_gotoLPM0)
                  00001e48    00000024                              : gpio.o (.text:GPIO_getInterruptStatus)
                  00001e6c    00000024                              : wdt_a.o (.text:WDT_A_holdTimer)
                  00001e90    00000024     printf.obj (.text:puts)
                  00001eb4    00000020     main.obj (.text:TA2_0_IRQHandler)
                  00001ed4    0000001c     msp432p4xx_driverlib.lib : pcm.o (.text:PCM_gotoLPM0InterruptSafe)
                  00001ef0    0000001c     printf.obj (.text:puth)
                  00001f0c    00000018     msp432p4xx_driverlib.lib : uart.o (.text:UART_getInterruptStatus)
                  00001f24    00000018     main.obj (.text:configGPIOOutput)
                  00001f3c    00000016     msp432p4xx_driverlib.lib : timer_a.o (.text:Timer_A_startCounter)
                  00001f52    00000016                              : uart.o (.text:UART_clearInterruptFlag)
                  00001f68    00000016                              : uart.o (.text:UART_enableModule)
                  00001f7e    00000014                              : timer_a.o (.text:Timer_A_stopTimer)
                  00001f92    00000002     --HOLE-- [fill = 0]
                  00001f94    00000014     main.obj (.text:configT32_1ForEncoder)
                  00001fa8    00000014     printf.obj (.text:sendByte)
                  00001fbc    00000012     printf.obj (.text:putc)
                  00001fce    00000010     msp432p4xx_driverlib.lib : interrupt.o (.text:Interrupt_disableMaster)
                  00001fde    00000002     --HOLE-- [fill = 0]
                  00001fe0    00000010                              : interrupt.o (.text:Interrupt_disableSleepOnIsrExit)
                  00001ff0    00000010                              : interrupt.o (.text:Interrupt_enableMaster)
                  00002000    0000000e                              : timer32.o (.text:Timer32_getValue)
                  0000200e    0000000c                              : cpu.o (.text:CPU_cpsid)
                  0000201a    0000000c                              : cpu.o (.text:CPU_cpsie)
                  00002026    0000000c     startup_msp432p401r_ccs.obj (.text:Reset_Handler)
                  00002032    0000000c     rtsv7M4_T_le_v4SPD16_eabi.lib : copy_zero_init.c.obj (.text:decompress:ZI:__TI_zero_init)
                  0000203e    00000004     msp432p4xx_driverlib.lib : cpu.o (.text:CPU_wfi)
                  00002042    00000004     rtsv7M4_T_le_v4SPD16_eabi.lib : pre_init.c.obj (.text:_system_pre_init)
                  00002046    00000004                                   : exit.c.obj (.text:abort:abort)

.const     0    0000204c    0000009c     
                  0000204c    00000030     msp432p4xx_driverlib.lib : gpio.o (.const:GPIO_PORT_TO_BASE)
                  0000207c    00000028     printf.obj (.const:dv)
                  000020a4    00000024     main.obj (.const:uartConfig)
                  000020c8    00000010     printf.obj (.const:.string:hex$1)
                  000020d8    00000008     msp432p4xx_driverlib.lib : interrupt.o (.const:g_pulEnRegs)
                  000020e0    00000008     main.obj (.const)

.cinit     0    000020e8    00000014     
                  000020e8    00000008     (.cinit..bss.load) [load image, compression = zero_init]
                  000020f0    00000004     (__TI_handler_table)
                  000020f4    00000008     (__TI_cinit_table)

.init_array 
*          0    00000000    00000000     UNINITIALIZED

.binit     0    00000000    00000000     

.bss       0    20000000    00000806     UNINITIALIZED
                  20000000    000007d0     (.common:circBuff)
                  200007d0    00000034     main.obj (.bss)
                  20000804    00000001     (.common:index_TransmitNext)
                  20000805    00000001     (.common:index_WriteNext)

.stack     0    2000fe00    00000200     UNINITIALIZED
                  2000fe00    00000004     rtsv7M4_T_le_v4SPD16_eabi.lib : boot_cortex_m.c.obj (.stack)
                  2000fe04    000001fc     --HOLE--

MODULE SUMMARY

       Module                        code   ro data   rw data
       ------                        ----   -------   -------
    .\
       main.obj                      4020   44        4108   
       printf.obj                    586    56        0      
       system_msp432p401r.obj        120    0         0      
    +--+-----------------------------+------+---------+---------+
       Total:                        4726   100       4108   
                                                             
    .\ccs\
       startup_msp432p401r_ccs.obj   14     228       0      
    +--+-----------------------------+------+---------+---------+
       Total:                        14     228       0      
                                                             
    C:/ti/simplelink_msp432p4_sdk_2_20_00_12/source/ti/devices/msp432p4xx/driverlib/ccs/msp432p4xx_driverlib.lib
       cs.o                          952    0         0      
       gpio.o                        848    48        0      
       uart.o                        554    0         0      
       interrupt.o                   176    8         0      
       timer32.o                     174    0         0      
       sysctl_a.o                    148    0         0      
       pcm.o                         68     0         0      
       timer_a.o                     42     0         0      
       wdt_a.o                       36     0         0      
       cpu.o                         28     0         0      
    +--+-----------------------------+------+---------+---------+
       Total:                        3026   56        0      
                                                             
    C:\ti\ccsv8\tools\compiler\ti-cgt-arm_18.1.3.LTS\lib\rtsv7M4_T_le_v4SPD16_eabi.lib
       memset_t2.asm.obj             122    0         0      
       autoinit.c.obj                68     0         0      
       boot_cortex_m.c.obj           56     0         0      
       copy_zero_init.c.obj          12     0         0      
       exit.c.obj                    4      0         0      
       pre_init.c.obj                4      0         0      
    +--+-----------------------------+------+---------+---------+
       Total:                        266    0         0      
                                                             
       Stack:                        0      0         1024   
       Linker Generated:             0      20        0      
    +--+-----------------------------+------+---------+---------+
       Grand Total:                  8032   404       5132   


LINKER GENERATED COPY TABLES

__TI_cinit_table @ 000020f4 records: 1, size/record: 8, table size: 8
	.bss: load addr=000020e8, load size=00000008 bytes, run addr=20000000, run size=00000806 bytes, compression=zero_init


LINKER GENERATED HANDLER TABLE

__TI_handler_table @ 000020f0 records: 1, size/record: 4, table size: 4
	index: 0, handler: __TI_zero_init


GLOBAL SYMBOLS: SORTED ALPHABETICALLY BY Name 

address   name                                       
-------   ----                                       
00001b5d  ADC14_IRQHandler                           
00001b5d  ADC14_IRQHandler                           
00001743  AES256_IRQHandler                          
00001743  BusFault_Handler                           
00002047  C$$EXIT                                    
00001743  COMP_E0_IRQHandler                         
00001743  COMP_E1_IRQHandler                         
0000200f  CPU_cpsid                                  
0000201b  CPU_cpsie                                  
0000203f  CPU_wfi                                    
00001743  CS_IRQHandler                              
00000ce5  CS_initClockSignal                         
00001b91  CS_setDCOCenteredFrequency                 
00000875  CS_setDCOFrequency                         
00001c61  CS_setReferenceOscillatorFrequency         
0000122d  CS_tuneDCOFrequency                        
00001743  DMA_ERR_IRQHandler                         
00001743  DMA_INT0_IRQHandler                        
00001743  DMA_INT1_IRQHandler                        
00001743  DMA_INT2_IRQHandler                        
00001743  DMA_INT3_IRQHandler                        
00001743  DebugMon_Handler                           
00001743  Default_Handler                            
000000e5  EUSCIA0_IRQHandler                         
000000e5  EUSCIA0_IRQHandler                         
00001743  EUSCIA1_IRQHandler                         
00001743  EUSCIA2_IRQHandler                         
00001743  EUSCIA3_IRQHandler                         
00001743  EUSCIB0_IRQHandler                         
00001743  EUSCIB1_IRQHandler                         
00001743  EUSCIB2_IRQHandler                         
00001743  EUSCIB3_IRQHandler                         
00001743  FLCTL_IRQHandler                           
00001743  FPU_IRQHandler                             
00001d81  GPIO_clearInterruptFlag                    
00001da9  GPIO_enableInterrupt                       
0000144d  GPIO_getEnabledInterruptStatus             
00001c91  GPIO_getInputPinValue                      
00001e49  GPIO_getInterruptStatus                    
00001a79  GPIO_interruptEdgeSelect                   
000019a9  GPIO_setAsInputPin                         
00001a39  GPIO_setAsOutputPin                        
000012b5  GPIO_setAsPeripheralModuleFunctionInputPin 
0000133d  GPIO_setAsPeripheralModuleFunctionOutputPin
00001dd1  GPIO_setOutputHighOnPin                    
00001df9  GPIO_setOutputLowOnPin                     
00001743  HardFault_Handler                          
00001fcf  Interrupt_disableMaster                    
00001fe1  Interrupt_disableSleepOnIsrExit            
000014d1  Interrupt_enableInterrupt                  
00001ff1  Interrupt_enableMaster                     
00001743  MemManage_Handler                          
00001743  NMI_Handler                                
00001743  PCM_IRQHandler                             
00001e21  PCM_gotoLPM0                               
00001ed5  PCM_gotoLPM0InterruptSafe                  
00001743  PORT1_IRQHandler                           
00001743  PORT2_IRQHandler                           
00001743  PORT3_IRQHandler                           
00001743  PORT4_IRQHandler                           
00000685  PORT5_IRQHandler                           
00000685  PORT5_IRQHandler                           
000013c5  PORT6_IRQHandler                           
000013c5  PORT6_IRQHandler                           
00001743  PSS_IRQHandler                             
00001743  PendSV_Handler                             
00001743  RTC_C_IRQHandler                           
00002027  Reset_Handler                              
00001743  SVC_Handler                                
00001199  SysCtl_A_getTLVInfo                        
00001743  SysTick_Handler                            
00001745  SystemInit                                 
00001743  T32_INT1_IRQHandler                        
00001743  T32_INT2_IRQHandler                        
00001743  T32_INTC_IRQHandler                        
00001743  TA0_0_IRQHandler                           
00001743  TA0_N_IRQHandler                           
00001ab5  TA1_0_IRQHandler                           
00001ab5  TA1_0_IRQHandler                           
00001743  TA1_N_IRQHandler                           
00001eb5  TA2_0_IRQHandler                           
00001eb5  TA2_0_IRQHandler                           
00001743  TA2_N_IRQHandler                           
00001743  TA3_0_IRQHandler                           
00001743  TA3_N_IRQHandler                           
00002001  Timer32_getValue                           
00001835  Timer32_initModule                         
00001aed  Timer32_startTimer                         
00001f3d  Timer_A_startCounter                       
00001f7f  Timer_A_stopTimer                          
00001f53  UART_clearInterruptFlag                    
00001cc1  UART_enableInterrupt                       
00001f69  UART_enableModule                          
00001901  UART_getEnabledInterruptStatus             
00001f0d  UART_getInterruptStatus                    
00000f41  UART_initModule                            
00001cf1  UART_receiveData                           
00001bc5  UART_transmitData                          
00001743  UsageFault_Handler                         
4000480c  WDTCTL_SYM                                 
00001743  WDT_A_IRQHandler                           
00001e6d  WDT_A_holdTimer                            
20010000  __STACK_END                                
00000200  __STACK_SIZE                               
000020f4  __TI_CINIT_Base                            
000020fc  __TI_CINIT_Limit                           
000020f0  __TI_Handler_Table_Base                    
000020f4  __TI_Handler_Table_Limit                   
000019f5  __TI_auto_init_nobinit_nopinit             
ffffffff  __TI_pprof_out_hndl                        
ffffffff  __TI_prof_data_size                        
ffffffff  __TI_prof_data_start                       
00000000  __TI_static_base__                         
00002033  __TI_zero_init                             
000016c9  __aeabi_memclr                             
000016c9  __aeabi_memclr4                            
000016c9  __aeabi_memclr8                            
000016cb  __aeabi_memset                             
000016cb  __aeabi_memset4                            
000016cb  __aeabi_memset8                            
ffffffff  __binit__                                  
ffffffff  __c_args__                                 
UNDEFED   __mpu_init                                 
2000fe00  __stack                                    
00001b25  _c_int00_noargs                            
UNDEFED   _system_post_cinit                         
00002043  _system_pre_init                           
00002047  abort                                      
ffffffff  binit                                      
20000000  circBuff                                   
00001959  configADC                                  
00001bf9  configClocks                               
0000103d  configEncoderGPIOInputs                    
00001f25  configGPIOOutput                           
00001f95  configT32_1ForEncoder                      
000015d1  configTA0forMotorPWM                       
000017bd  configTA1forLiveTuning                     
00001551  configTA2andGPIOsForUltrasoundDistSensor   
00001d21  configTimerA3PWMForADC                     
00001c2d  configUART                                 
00001d51  currentK                                   
0000189d  driveIndefinitely                          
20000804  index_TransmitNext                         
20000805  index_WriteNext                            
00000000  interruptVectors                           
00000e15  main                                       
000016d1  memset                                     
00001101  packageDataOntoBuffer                      
00000b7d  printf                                     
00001fbd  putc                                       
00001e91  puts                                       
00001fa9  sendByte                                   
000020a4  uartConfig                                 
00000a11  updatePIDController                        


GLOBAL SYMBOLS: SORTED BY Symbol Address 

address   name                                       
-------   ----                                       
00000000  __TI_static_base__                         
00000000  interruptVectors                           
000000e5  EUSCIA0_IRQHandler                         
000000e5  EUSCIA0_IRQHandler                         
00000200  __STACK_SIZE                               
00000685  PORT5_IRQHandler                           
00000685  PORT5_IRQHandler                           
00000875  CS_setDCOFrequency                         
00000a11  updatePIDController                        
00000b7d  printf                                     
00000ce5  CS_initClockSignal                         
00000e15  main                                       
00000f41  UART_initModule                            
0000103d  configEncoderGPIOInputs                    
00001101  packageDataOntoBuffer                      
00001199  SysCtl_A_getTLVInfo                        
0000122d  CS_tuneDCOFrequency                        
000012b5  GPIO_setAsPeripheralModuleFunctionInputPin 
0000133d  GPIO_setAsPeripheralModuleFunctionOutputPin
000013c5  PORT6_IRQHandler                           
000013c5  PORT6_IRQHandler                           
0000144d  GPIO_getEnabledInterruptStatus             
000014d1  Interrupt_enableInterrupt                  
00001551  configTA2andGPIOsForUltrasoundDistSensor   
000015d1  configTA0forMotorPWM                       
000016c9  __aeabi_memclr                             
000016c9  __aeabi_memclr4                            
000016c9  __aeabi_memclr8                            
000016cb  __aeabi_memset                             
000016cb  __aeabi_memset4                            
000016cb  __aeabi_memset8                            
000016d1  memset                                     
00001743  AES256_IRQHandler                          
00001743  BusFault_Handler                           
00001743  COMP_E0_IRQHandler                         
00001743  COMP_E1_IRQHandler                         
00001743  CS_IRQHandler                              
00001743  DMA_ERR_IRQHandler                         
00001743  DMA_INT0_IRQHandler                        
00001743  DMA_INT1_IRQHandler                        
00001743  DMA_INT2_IRQHandler                        
00001743  DMA_INT3_IRQHandler                        
00001743  DebugMon_Handler                           
00001743  Default_Handler                            
00001743  EUSCIA1_IRQHandler                         
00001743  EUSCIA2_IRQHandler                         
00001743  EUSCIA3_IRQHandler                         
00001743  EUSCIB0_IRQHandler                         
00001743  EUSCIB1_IRQHandler                         
00001743  EUSCIB2_IRQHandler                         
00001743  EUSCIB3_IRQHandler                         
00001743  FLCTL_IRQHandler                           
00001743  FPU_IRQHandler                             
00001743  HardFault_Handler                          
00001743  MemManage_Handler                          
00001743  NMI_Handler                                
00001743  PCM_IRQHandler                             
00001743  PORT1_IRQHandler                           
00001743  PORT2_IRQHandler                           
00001743  PORT3_IRQHandler                           
00001743  PORT4_IRQHandler                           
00001743  PSS_IRQHandler                             
00001743  PendSV_Handler                             
00001743  RTC_C_IRQHandler                           
00001743  SVC_Handler                                
00001743  SysTick_Handler                            
00001743  T32_INT1_IRQHandler                        
00001743  T32_INT2_IRQHandler                        
00001743  T32_INTC_IRQHandler                        
00001743  TA0_0_IRQHandler                           
00001743  TA0_N_IRQHandler                           
00001743  TA1_N_IRQHandler                           
00001743  TA2_N_IRQHandler                           
00001743  TA3_0_IRQHandler                           
00001743  TA3_N_IRQHandler                           
00001743  UsageFault_Handler                         
00001743  WDT_A_IRQHandler                           
00001745  SystemInit                                 
000017bd  configTA1forLiveTuning                     
00001835  Timer32_initModule                         
0000189d  driveIndefinitely                          
00001901  UART_getEnabledInterruptStatus             
00001959  configADC                                  
000019a9  GPIO_setAsInputPin                         
000019f5  __TI_auto_init_nobinit_nopinit             
00001a39  GPIO_setAsOutputPin                        
00001a79  GPIO_interruptEdgeSelect                   
00001ab5  TA1_0_IRQHandler                           
00001ab5  TA1_0_IRQHandler                           
00001aed  Timer32_startTimer                         
00001b25  _c_int00_noargs                            
00001b5d  ADC14_IRQHandler                           
00001b5d  ADC14_IRQHandler                           
00001b91  CS_setDCOCenteredFrequency                 
00001bc5  UART_transmitData                          
00001bf9  configClocks                               
00001c2d  configUART                                 
00001c61  CS_setReferenceOscillatorFrequency         
00001c91  GPIO_getInputPinValue                      
00001cc1  UART_enableInterrupt                       
00001cf1  UART_receiveData                           
00001d21  configTimerA3PWMForADC                     
00001d51  currentK                                   
00001d81  GPIO_clearInterruptFlag                    
00001da9  GPIO_enableInterrupt                       
00001dd1  GPIO_setOutputHighOnPin                    
00001df9  GPIO_setOutputLowOnPin                     
00001e21  PCM_gotoLPM0                               
00001e49  GPIO_getInterruptStatus                    
00001e6d  WDT_A_holdTimer                            
00001e91  puts                                       
00001eb5  TA2_0_IRQHandler                           
00001eb5  TA2_0_IRQHandler                           
00001ed5  PCM_gotoLPM0InterruptSafe                  
00001f0d  UART_getInterruptStatus                    
00001f25  configGPIOOutput                           
00001f3d  Timer_A_startCounter                       
00001f53  UART_clearInterruptFlag                    
00001f69  UART_enableModule                          
00001f7f  Timer_A_stopTimer                          
00001f95  configT32_1ForEncoder                      
00001fa9  sendByte                                   
00001fbd  putc                                       
00001fcf  Interrupt_disableMaster                    
00001fe1  Interrupt_disableSleepOnIsrExit            
00001ff1  Interrupt_enableMaster                     
00002001  Timer32_getValue                           
0000200f  CPU_cpsid                                  
0000201b  CPU_cpsie                                  
00002027  Reset_Handler                              
00002033  __TI_zero_init                             
0000203f  CPU_wfi                                    
00002043  _system_pre_init                           
00002047  C$$EXIT                                    
00002047  abort                                      
000020a4  uartConfig                                 
000020f0  __TI_Handler_Table_Base                    
000020f4  __TI_CINIT_Base                            
000020f4  __TI_Handler_Table_Limit                   
000020fc  __TI_CINIT_Limit                           
20000000  circBuff                                   
20000804  index_TransmitNext                         
20000805  index_WriteNext                            
2000fe00  __stack                                    
20010000  __STACK_END                                
4000480c  WDTCTL_SYM                                 
ffffffff  __TI_pprof_out_hndl                        
ffffffff  __TI_prof_data_size                        
ffffffff  __TI_prof_data_start                       
ffffffff  __binit__                                  
ffffffff  __c_args__                                 
ffffffff  binit                                      
UNDEFED   __mpu_init                                 
UNDEFED   _system_post_cinit                         

[154 symbols]
