******************************************************************************
                  TI ARM Linker PC v18.1.3                     
******************************************************************************
>> Linked Mon Feb 18 16:43:41 2019

OUTPUT FILE NAME:   <LabPID.out>
ENTRY POINT SYMBOL: "_c_int00_noargs"  address: 00001afd


MEMORY CONFIGURATION

         name            origin    length      used     unused   attr    fill
----------------------  --------  ---------  --------  --------  ----  --------
  MAIN                  00000000   00040000  000020ce  0003df32  R  X
  INFO                  00200000   00004000  00000000  00004000  R  X
  SRAM_CODE             01000000   00010000  00000a06  0000f5fa  RW X
  SRAM_DATA             20000000   00010000  00000a06  0000f5fa  RW  


SEGMENT ALLOCATION MAP

run origin  load origin   length   init length attrs members
----------  ----------- ---------- ----------- ----- -------
00000000    00000000    000020d4   000020d4    r-x
  00000000    00000000    000000e4   000000e4    r-- .intvecs
  000000e4    000000e4    00001f3e   00001f3e    r-x .text
  00002024    00002024    00000098   00000098    r-- .const
  000020c0    000020c0    00000014   00000014    r-- .cinit
20000000    20000000    00000806   00000000    rw-
  20000000    20000000    00000806   00000000    rw- .bss
2000fe00    2000fe00    00000200   00000000    rw-
  2000fe00    2000fe00    00000200   00000000    rw- .stack


SECTION ALLOCATION MAP

 output                                  attributes/
section   page    origin      length       input sections
--------  ----  ----------  ----------   ----------------
.intvecs   0    00000000    000000e4     
                  00000000    000000e4     startup_msp432p401r_ccs.obj (.intvecs:retain)

.text      0    000000e4    00001f3e     
                  000000e4    000005a0     main.obj (.text:EUSCIA0_IRQHandler)
                  00000684    000001f0     main.obj (.text:PORT5_IRQHandler)
                  00000874    0000019c     msp432p4xx_driverlib.lib : cs.o (.text:CS_setDCOFrequency)
                  00000a10    00000168     printf.obj (.text:printf)
                  00000b78    00000144     main.obj (.text:updatePIDController)
                  00000cbc    00000130     msp432p4xx_driverlib.lib : cs.o (.text:CS_initClockSignal)
                  00000dec    0000012c     main.obj (.text:main)
                  00000f18    000000fc     msp432p4xx_driverlib.lib : uart.o (.text:UART_initModule)
                  00001014    000000c4     main.obj (.text:configEncoderGPIOInputs)
                  000010d8    00000098     main.obj (.text:packageDataOntoBuffer)
                  00001170    00000094     msp432p4xx_driverlib.lib : sysctl_a.o (.text:SysCtl_A_getTLVInfo)
                  00001204    00000088                              : cs.o (.text:CS_tuneDCOFrequency)
                  0000128c    00000088                              : gpio.o (.text:GPIO_setAsPeripheralModuleFunctionInputPin)
                  00001314    00000088                              : gpio.o (.text:GPIO_setAsPeripheralModuleFunctionOutputPin)
                  0000139c    00000088     main.obj (.text:PORT6_IRQHandler)
                  00001424    00000084     msp432p4xx_driverlib.lib : gpio.o (.text:GPIO_getEnabledInterruptStatus)
                  000014a8    00000080                              : interrupt.o (.text:Interrupt_enableInterrupt)
                  00001528    00000080     main.obj (.text:configTA2andGPIOsForUltrasoundDistSensor)
                  000015a8    0000007c     main.obj (.text:configTA0forMotorPWM)
                  00001624    0000007c     printf.obj (.text:xtoa)
                  000016a0    0000007a     rtsv7M4_T_le_v4SPD16_eabi.lib : memset_t2.asm.obj (.text)
                  0000171a    00000002     startup_msp432p401r_ccs.obj (.text:Default_Handler)
                  0000171c    00000078     system_msp432p401r.obj (.text:SystemInit)
                  00001794    00000078     main.obj (.text:configTA1forLiveTuning)
                  0000180c    00000068     msp432p4xx_driverlib.lib : timer32.o (.text:Timer32_initModule)
                  00001874    00000064     main.obj (.text:driveIndefinitely)
                  000018d8    00000056     msp432p4xx_driverlib.lib : uart.o (.text:UART_getEnabledInterruptStatus)
                  0000192e    00000002     --HOLE-- [fill = 0]
                  00001930    00000050     main.obj (.text:configADC)
                  00001980    0000004c     msp432p4xx_driverlib.lib : gpio.o (.text:GPIO_setAsInputPin)
                  000019cc    00000044     rtsv7M4_T_le_v4SPD16_eabi.lib : autoinit.c.obj (.text:__TI_auto_init_nobinit_nopinit:__TI_auto_init_nobinit_nopinit)
                  00001a10    00000040     msp432p4xx_driverlib.lib : gpio.o (.text:GPIO_setAsOutputPin)
                  00001a50    0000003c                              : gpio.o (.text:GPIO_interruptEdgeSelect)
                  00001a8c    00000038     main.obj (.text:TA1_0_IRQHandler)
                  00001ac4    00000038     msp432p4xx_driverlib.lib : timer32.o (.text:Timer32_startTimer)
                  00001afc    00000038     rtsv7M4_T_le_v4SPD16_eabi.lib : boot_cortex_m.c.obj (.text:_c_int00_noargs:_c_int00_noargs)
                  00001b34    00000034     main.obj (.text:ADC14_IRQHandler)
                  00001b68    00000034     msp432p4xx_driverlib.lib : cs.o (.text:CS_setDCOCenteredFrequency)
                  00001b9c    00000034                              : uart.o (.text:UART_transmitData)
                  00001bd0    00000034     main.obj (.text:configClocks)
                  00001c04    00000034     main.obj (.text:configUART)
                  00001c38    00000030     msp432p4xx_driverlib.lib : cs.o (.text:CS_setReferenceOscillatorFrequency)
                  00001c68    00000030                              : gpio.o (.text:GPIO_getInputPinValue)
                  00001c98    00000030                              : uart.o (.text:UART_enableInterrupt)
                  00001cc8    00000030                              : uart.o (.text:UART_receiveData)
                  00001cf8    00000030     main.obj (.text:configTimerA3PWMForADC)
                  00001d28    00000030     main.obj (.text:currentK)
                  00001d58    00000028     msp432p4xx_driverlib.lib : gpio.o (.text:GPIO_clearInterruptFlag)
                  00001d80    00000028                              : gpio.o (.text:GPIO_enableInterrupt)
                  00001da8    00000028                              : gpio.o (.text:GPIO_setOutputHighOnPin)
                  00001dd0    00000028                              : gpio.o (.text:GPIO_setOutputLowOnPin)
                  00001df8    00000028                              : pcm.o (.text:PCM_gotoLPM0)
                  00001e20    00000024                              : gpio.o (.text:GPIO_getInterruptStatus)
                  00001e44    00000024                              : wdt_a.o (.text:WDT_A_holdTimer)
                  00001e68    00000024     printf.obj (.text:puts)
                  00001e8c    00000020     main.obj (.text:TA2_0_IRQHandler)
                  00001eac    0000001c     msp432p4xx_driverlib.lib : pcm.o (.text:PCM_gotoLPM0InterruptSafe)
                  00001ec8    0000001c     printf.obj (.text:puth)
                  00001ee4    00000018     msp432p4xx_driverlib.lib : uart.o (.text:UART_getInterruptStatus)
                  00001efc    00000018     main.obj (.text:configGPIOOutput)
                  00001f14    00000016     msp432p4xx_driverlib.lib : timer_a.o (.text:Timer_A_startCounter)
                  00001f2a    00000016                              : uart.o (.text:UART_clearInterruptFlag)
                  00001f40    00000016                              : uart.o (.text:UART_enableModule)
                  00001f56    00000014                              : timer_a.o (.text:Timer_A_stopTimer)
                  00001f6a    00000002     --HOLE-- [fill = 0]
                  00001f6c    00000014     main.obj (.text:configT32_1ForEncoder)
                  00001f80    00000014     printf.obj (.text:sendByte)
                  00001f94    00000012     printf.obj (.text:putc)
                  00001fa6    00000010     msp432p4xx_driverlib.lib : interrupt.o (.text:Interrupt_disableMaster)
                  00001fb6    00000002     --HOLE-- [fill = 0]
                  00001fb8    00000010                              : interrupt.o (.text:Interrupt_disableSleepOnIsrExit)
                  00001fc8    00000010                              : interrupt.o (.text:Interrupt_enableMaster)
                  00001fd8    0000000e                              : timer32.o (.text:Timer32_getValue)
                  00001fe6    0000000c                              : cpu.o (.text:CPU_cpsid)
                  00001ff2    0000000c                              : cpu.o (.text:CPU_cpsie)
                  00001ffe    0000000c     startup_msp432p401r_ccs.obj (.text:Reset_Handler)
                  0000200a    0000000c     rtsv7M4_T_le_v4SPD16_eabi.lib : copy_zero_init.c.obj (.text:decompress:ZI:__TI_zero_init)
                  00002016    00000004     msp432p4xx_driverlib.lib : cpu.o (.text:CPU_wfi)
                  0000201a    00000004     rtsv7M4_T_le_v4SPD16_eabi.lib : pre_init.c.obj (.text:_system_pre_init)
                  0000201e    00000004                                   : exit.c.obj (.text:abort:abort)

.const     0    00002024    00000098     
                  00002024    00000030     msp432p4xx_driverlib.lib : gpio.o (.const:GPIO_PORT_TO_BASE)
                  00002054    00000028     printf.obj (.const:dv)
                  0000207c    00000024     main.obj (.const:uartConfig)
                  000020a0    00000010     printf.obj (.const:.string:hex$1)
                  000020b0    00000008     msp432p4xx_driverlib.lib : interrupt.o (.const:g_pulEnRegs)
                  000020b8    00000004     main.obj (.const)

.cinit     0    000020c0    00000014     
                  000020c0    00000008     (.cinit..bss.load) [load image, compression = zero_init]
                  000020c8    00000004     (__TI_handler_table)
                  000020cc    00000008     (__TI_cinit_table)

.init_array 
*          0    00000000    00000000     UNINITIALIZED

.binit     0    00000000    00000000     

.bss       0    20000000    00000806     UNINITIALIZED
                  20000000    000007d0     (.common:circBuff)
                  200007d0    00000034     main.obj (.bss)
                  20000804    00000001     (.common:index_TransmitNext)
                  20000805    00000001     (.common:index_WriteNext)

.stack     0    2000fe00    00000200     UNINITIALIZED
                  2000fe00    00000004     rtsv7M4_T_le_v4SPD16_eabi.lib : boot_cortex_m.c.obj (.stack)
                  2000fe04    000001fc     --HOLE--

MODULE SUMMARY

       Module                        code   ro data   rw data
       ------                        ----   -------   -------
    .\
       main.obj                      3980   40        4108   
       printf.obj                    586    56        0      
       system_msp432p401r.obj        120    0         0      
    +--+-----------------------------+------+---------+---------+
       Total:                        4686   96        4108   
                                                             
    .\ccs\
       startup_msp432p401r_ccs.obj   14     228       0      
    +--+-----------------------------+------+---------+---------+
       Total:                        14     228       0      
                                                             
    C:/ti/simplelink_msp432p4_sdk_2_20_00_12/source/ti/devices/msp432p4xx/driverlib/ccs/msp432p4xx_driverlib.lib
       cs.o                          952    0         0      
       gpio.o                        848    48        0      
       uart.o                        554    0         0      
       interrupt.o                   176    8         0      
       timer32.o                     174    0         0      
       sysctl_a.o                    148    0         0      
       pcm.o                         68     0         0      
       timer_a.o                     42     0         0      
       wdt_a.o                       36     0         0      
       cpu.o                         28     0         0      
    +--+-----------------------------+------+---------+---------+
       Total:                        3026   56        0      
                                                             
    C:\ti\ccsv8\tools\compiler\ti-cgt-arm_18.1.3.LTS\lib\rtsv7M4_T_le_v4SPD16_eabi.lib
       memset_t2.asm.obj             122    0         0      
       autoinit.c.obj                68     0         0      
       boot_cortex_m.c.obj           56     0         0      
       copy_zero_init.c.obj          12     0         0      
       exit.c.obj                    4      0         0      
       pre_init.c.obj                4      0         0      
    +--+-----------------------------+------+---------+---------+
       Total:                        266    0         0      
                                                             
       Stack:                        0      0         1024   
       Linker Generated:             0      20        0      
    +--+-----------------------------+------+---------+---------+
       Grand Total:                  7992   400       5132   


LINKER GENERATED COPY TABLES

__TI_cinit_table @ 000020cc records: 1, size/record: 8, table size: 8
	.bss: load addr=000020c0, load size=00000008 bytes, run addr=20000000, run size=00000806 bytes, compression=zero_init


LINKER GENERATED HANDLER TABLE

__TI_handler_table @ 000020c8 records: 1, size/record: 4, table size: 4
	index: 0, handler: __TI_zero_init


GLOBAL SYMBOLS: SORTED ALPHABETICALLY BY Name 

address   name                                       
-------   ----                                       
00001b35  ADC14_IRQHandler                           
00001b35  ADC14_IRQHandler                           
0000171b  AES256_IRQHandler                          
0000171b  BusFault_Handler                           
0000201f  C$$EXIT                                    
0000171b  COMP_E0_IRQHandler                         
0000171b  COMP_E1_IRQHandler                         
00001fe7  CPU_cpsid                                  
00001ff3  CPU_cpsie                                  
00002017  CPU_wfi                                    
0000171b  CS_IRQHandler                              
00000cbd  CS_initClockSignal                         
00001b69  CS_setDCOCenteredFrequency                 
00000875  CS_setDCOFrequency                         
00001c39  CS_setReferenceOscillatorFrequency         
00001205  CS_tuneDCOFrequency                        
0000171b  DMA_ERR_IRQHandler                         
0000171b  DMA_INT0_IRQHandler                        
0000171b  DMA_INT1_IRQHandler                        
0000171b  DMA_INT2_IRQHandler                        
0000171b  DMA_INT3_IRQHandler                        
0000171b  DebugMon_Handler                           
0000171b  Default_Handler                            
000000e5  EUSCIA0_IRQHandler                         
000000e5  EUSCIA0_IRQHandler                         
0000171b  EUSCIA1_IRQHandler                         
0000171b  EUSCIA2_IRQHandler                         
0000171b  EUSCIA3_IRQHandler                         
0000171b  EUSCIB0_IRQHandler                         
0000171b  EUSCIB1_IRQHandler                         
0000171b  EUSCIB2_IRQHandler                         
0000171b  EUSCIB3_IRQHandler                         
0000171b  FLCTL_IRQHandler                           
0000171b  FPU_IRQHandler                             
00001d59  GPIO_clearInterruptFlag                    
00001d81  GPIO_enableInterrupt                       
00001425  GPIO_getEnabledInterruptStatus             
00001c69  GPIO_getInputPinValue                      
00001e21  GPIO_getInterruptStatus                    
00001a51  GPIO_interruptEdgeSelect                   
00001981  GPIO_setAsInputPin                         
00001a11  GPIO_setAsOutputPin                        
0000128d  GPIO_setAsPeripheralModuleFunctionInputPin 
00001315  GPIO_setAsPeripheralModuleFunctionOutputPin
00001da9  GPIO_setOutputHighOnPin                    
00001dd1  GPIO_setOutputLowOnPin                     
0000171b  HardFault_Handler                          
00001fa7  Interrupt_disableMaster                    
00001fb9  Interrupt_disableSleepOnIsrExit            
000014a9  Interrupt_enableInterrupt                  
00001fc9  Interrupt_enableMaster                     
0000171b  MemManage_Handler                          
0000171b  NMI_Handler                                
0000171b  PCM_IRQHandler                             
00001df9  PCM_gotoLPM0                               
00001ead  PCM_gotoLPM0InterruptSafe                  
0000171b  PORT1_IRQHandler                           
0000171b  PORT2_IRQHandler                           
0000171b  PORT3_IRQHandler                           
0000171b  PORT4_IRQHandler                           
00000685  PORT5_IRQHandler                           
00000685  PORT5_IRQHandler                           
0000139d  PORT6_IRQHandler                           
0000139d  PORT6_IRQHandler                           
0000171b  PSS_IRQHandler                             
0000171b  PendSV_Handler                             
0000171b  RTC_C_IRQHandler                           
00001fff  Reset_Handler                              
0000171b  SVC_Handler                                
00001171  SysCtl_A_getTLVInfo                        
0000171b  SysTick_Handler                            
0000171d  SystemInit                                 
0000171b  T32_INT1_IRQHandler                        
0000171b  T32_INT2_IRQHandler                        
0000171b  T32_INTC_IRQHandler                        
0000171b  TA0_0_IRQHandler                           
0000171b  TA0_N_IRQHandler                           
00001a8d  TA1_0_IRQHandler                           
00001a8d  TA1_0_IRQHandler                           
0000171b  TA1_N_IRQHandler                           
00001e8d  TA2_0_IRQHandler                           
00001e8d  TA2_0_IRQHandler                           
0000171b  TA2_N_IRQHandler                           
0000171b  TA3_0_IRQHandler                           
0000171b  TA3_N_IRQHandler                           
00001fd9  Timer32_getValue                           
0000180d  Timer32_initModule                         
00001ac5  Timer32_startTimer                         
00001f15  Timer_A_startCounter                       
00001f57  Timer_A_stopTimer                          
00001f2b  UART_clearInterruptFlag                    
00001c99  UART_enableInterrupt                       
00001f41  UART_enableModule                          
000018d9  UART_getEnabledInterruptStatus             
00001ee5  UART_getInterruptStatus                    
00000f19  UART_initModule                            
00001cc9  UART_receiveData                           
00001b9d  UART_transmitData                          
0000171b  UsageFault_Handler                         
4000480c  WDTCTL_SYM                                 
0000171b  WDT_A_IRQHandler                           
00001e45  WDT_A_holdTimer                            
20010000  __STACK_END                                
00000200  __STACK_SIZE                               
000020cc  __TI_CINIT_Base                            
000020d4  __TI_CINIT_Limit                           
000020c8  __TI_Handler_Table_Base                    
000020cc  __TI_Handler_Table_Limit                   
000019cd  __TI_auto_init_nobinit_nopinit             
ffffffff  __TI_pprof_out_hndl                        
ffffffff  __TI_prof_data_size                        
ffffffff  __TI_prof_data_start                       
00000000  __TI_static_base__                         
0000200b  __TI_zero_init                             
000016a1  __aeabi_memclr                             
000016a1  __aeabi_memclr4                            
000016a1  __aeabi_memclr8                            
000016a3  __aeabi_memset                             
000016a3  __aeabi_memset4                            
000016a3  __aeabi_memset8                            
ffffffff  __binit__                                  
ffffffff  __c_args__                                 
UNDEFED   __mpu_init                                 
2000fe00  __stack                                    
00001afd  _c_int00_noargs                            
UNDEFED   _system_post_cinit                         
0000201b  _system_pre_init                           
0000201f  abort                                      
ffffffff  binit                                      
20000000  circBuff                                   
00001931  configADC                                  
00001bd1  configClocks                               
00001015  configEncoderGPIOInputs                    
00001efd  configGPIOOutput                           
00001f6d  configT32_1ForEncoder                      
000015a9  configTA0forMotorPWM                       
00001795  configTA1forLiveTuning                     
00001529  configTA2andGPIOsForUltrasoundDistSensor   
00001cf9  configTimerA3PWMForADC                     
00001c05  configUART                                 
00001d29  currentK                                   
00001875  driveIndefinitely                          
20000804  index_TransmitNext                         
20000805  index_WriteNext                            
00000000  interruptVectors                           
00000ded  main                                       
000016a9  memset                                     
000010d9  packageDataOntoBuffer                      
00000a11  printf                                     
00001f95  putc                                       
00001e69  puts                                       
00001f81  sendByte                                   
0000207c  uartConfig                                 
00000b79  updatePIDController                        


GLOBAL SYMBOLS: SORTED BY Symbol Address 

address   name                                       
-------   ----                                       
00000000  __TI_static_base__                         
00000000  interruptVectors                           
000000e5  EUSCIA0_IRQHandler                         
000000e5  EUSCIA0_IRQHandler                         
00000200  __STACK_SIZE                               
00000685  PORT5_IRQHandler                           
00000685  PORT5_IRQHandler                           
00000875  CS_setDCOFrequency                         
00000a11  printf                                     
00000b79  updatePIDController                        
00000cbd  CS_initClockSignal                         
00000ded  main                                       
00000f19  UART_initModule                            
00001015  configEncoderGPIOInputs                    
000010d9  packageDataOntoBuffer                      
00001171  SysCtl_A_getTLVInfo                        
00001205  CS_tuneDCOFrequency                        
0000128d  GPIO_setAsPeripheralModuleFunctionInputPin 
00001315  GPIO_setAsPeripheralModuleFunctionOutputPin
0000139d  PORT6_IRQHandler                           
0000139d  PORT6_IRQHandler                           
00001425  GPIO_getEnabledInterruptStatus             
000014a9  Interrupt_enableInterrupt                  
00001529  configTA2andGPIOsForUltrasoundDistSensor   
000015a9  configTA0forMotorPWM                       
000016a1  __aeabi_memclr                             
000016a1  __aeabi_memclr4                            
000016a1  __aeabi_memclr8                            
000016a3  __aeabi_memset                             
000016a3  __aeabi_memset4                            
000016a3  __aeabi_memset8                            
000016a9  memset                                     
0000171b  AES256_IRQHandler                          
0000171b  BusFault_Handler                           
0000171b  COMP_E0_IRQHandler                         
0000171b  COMP_E1_IRQHandler                         
0000171b  CS_IRQHandler                              
0000171b  DMA_ERR_IRQHandler                         
0000171b  DMA_INT0_IRQHandler                        
0000171b  DMA_INT1_IRQHandler                        
0000171b  DMA_INT2_IRQHandler                        
0000171b  DMA_INT3_IRQHandler                        
0000171b  DebugMon_Handler                           
0000171b  Default_Handler                            
0000171b  EUSCIA1_IRQHandler                         
0000171b  EUSCIA2_IRQHandler                         
0000171b  EUSCIA3_IRQHandler                         
0000171b  EUSCIB0_IRQHandler                         
0000171b  EUSCIB1_IRQHandler                         
0000171b  EUSCIB2_IRQHandler                         
0000171b  EUSCIB3_IRQHandler                         
0000171b  FLCTL_IRQHandler                           
0000171b  FPU_IRQHandler                             
0000171b  HardFault_Handler                          
0000171b  MemManage_Handler                          
0000171b  NMI_Handler                                
0000171b  PCM_IRQHandler                             
0000171b  PORT1_IRQHandler                           
0000171b  PORT2_IRQHandler                           
0000171b  PORT3_IRQHandler                           
0000171b  PORT4_IRQHandler                           
0000171b  PSS_IRQHandler                             
0000171b  PendSV_Handler                             
0000171b  RTC_C_IRQHandler                           
0000171b  SVC_Handler                                
0000171b  SysTick_Handler                            
0000171b  T32_INT1_IRQHandler                        
0000171b  T32_INT2_IRQHandler                        
0000171b  T32_INTC_IRQHandler                        
0000171b  TA0_0_IRQHandler                           
0000171b  TA0_N_IRQHandler                           
0000171b  TA1_N_IRQHandler                           
0000171b  TA2_N_IRQHandler                           
0000171b  TA3_0_IRQHandler                           
0000171b  TA3_N_IRQHandler                           
0000171b  UsageFault_Handler                         
0000171b  WDT_A_IRQHandler                           
0000171d  SystemInit                                 
00001795  configTA1forLiveTuning                     
0000180d  Timer32_initModule                         
00001875  driveIndefinitely                          
000018d9  UART_getEnabledInterruptStatus             
00001931  configADC                                  
00001981  GPIO_setAsInputPin                         
000019cd  __TI_auto_init_nobinit_nopinit             
00001a11  GPIO_setAsOutputPin                        
00001a51  GPIO_interruptEdgeSelect                   
00001a8d  TA1_0_IRQHandler                           
00001a8d  TA1_0_IRQHandler                           
00001ac5  Timer32_startTimer                         
00001afd  _c_int00_noargs                            
00001b35  ADC14_IRQHandler                           
00001b35  ADC14_IRQHandler                           
00001b69  CS_setDCOCenteredFrequency                 
00001b9d  UART_transmitData                          
00001bd1  configClocks                               
00001c05  configUART                                 
00001c39  CS_setReferenceOscillatorFrequency         
00001c69  GPIO_getInputPinValue                      
00001c99  UART_enableInterrupt                       
00001cc9  UART_receiveData                           
00001cf9  configTimerA3PWMForADC                     
00001d29  currentK                                   
00001d59  GPIO_clearInterruptFlag                    
00001d81  GPIO_enableInterrupt                       
00001da9  GPIO_setOutputHighOnPin                    
00001dd1  GPIO_setOutputLowOnPin                     
00001df9  PCM_gotoLPM0                               
00001e21  GPIO_getInterruptStatus                    
00001e45  WDT_A_holdTimer                            
00001e69  puts                                       
00001e8d  TA2_0_IRQHandler                           
00001e8d  TA2_0_IRQHandler                           
00001ead  PCM_gotoLPM0InterruptSafe                  
00001ee5  UART_getInterruptStatus                    
00001efd  configGPIOOutput                           
00001f15  Timer_A_startCounter                       
00001f2b  UART_clearInterruptFlag                    
00001f41  UART_enableModule                          
00001f57  Timer_A_stopTimer                          
00001f6d  configT32_1ForEncoder                      
00001f81  sendByte                                   
00001f95  putc                                       
00001fa7  Interrupt_disableMaster                    
00001fb9  Interrupt_disableSleepOnIsrExit            
00001fc9  Interrupt_enableMaster                     
00001fd9  Timer32_getValue                           
00001fe7  CPU_cpsid                                  
00001ff3  CPU_cpsie                                  
00001fff  Reset_Handler                              
0000200b  __TI_zero_init                             
00002017  CPU_wfi                                    
0000201b  _system_pre_init                           
0000201f  C$$EXIT                                    
0000201f  abort                                      
0000207c  uartConfig                                 
000020c8  __TI_Handler_Table_Base                    
000020cc  __TI_CINIT_Base                            
000020cc  __TI_Handler_Table_Limit                   
000020d4  __TI_CINIT_Limit                           
20000000  circBuff                                   
20000804  index_TransmitNext                         
20000805  index_WriteNext                            
2000fe00  __stack                                    
20010000  __STACK_END                                
4000480c  WDTCTL_SYM                                 
ffffffff  __TI_pprof_out_hndl                        
ffffffff  __TI_prof_data_size                        
ffffffff  __TI_prof_data_start                       
ffffffff  __binit__                                  
ffffffff  __c_args__                                 
ffffffff  binit                                      
UNDEFED   __mpu_init                                 
UNDEFED   _system_post_cinit                         

[154 symbols]
