<?xml version="1.0" encoding="ISO-8859-1" ?>
<link_info>
   <banner>TI ARM Linker PC v18.1.3.LTS</banner>
   <copyright>Copyright (c) 1996-2017 Texas Instruments Incorporated</copyright>
   <link_time>0x5c6b270d</link_time>
   <link_errors>0x0</link_errors>
   <output_file>LabPID.out</output_file>
   <entry_point>
      <name>_c_int00_noargs</name>
      <address>0x1afd</address>
   </entry_point>
   <input_file_list>
      <input_file id="fl-2">
         <path>.\</path>
         <kind>object</kind>
         <file>main.obj</file>
         <name>main.obj</name>
      </input_file>
      <input_file id="fl-3">
         <path>.\</path>
         <kind>object</kind>
         <file>printf.obj</file>
         <name>printf.obj</name>
      </input_file>
      <input_file id="fl-4">
         <path>.\</path>
         <kind>object</kind>
         <file>system_msp432p401r.obj</file>
         <name>system_msp432p401r.obj</name>
      </input_file>
      <input_file id="fl-5">
         <path>.\ccs\</path>
         <kind>object</kind>
         <file>startup_msp432p401r_ccs.obj</file>
         <name>startup_msp432p401r_ccs.obj</name>
      </input_file>
      <input_file id="fl-f">
         <kind>object</kind>
         <file>&lt;internal&gt;</file>
         <name>&lt;internal&gt;</name>
      </input_file>
      <input_file id="fl-10">
         <path>C:\ti\simplelink_msp432p4_sdk_2_20_00_12\source\ti\devices\msp432p4xx\driverlib\ccs\</path>
         <kind>archive</kind>
         <file>msp432p4xx_driverlib.lib</file>
         <name>cs.o</name>
      </input_file>
      <input_file id="fl-11">
         <path>C:\ti\simplelink_msp432p4_sdk_2_20_00_12\source\ti\devices\msp432p4xx\driverlib\ccs\</path>
         <kind>archive</kind>
         <file>msp432p4xx_driverlib.lib</file>
         <name>gpio.o</name>
      </input_file>
      <input_file id="fl-12">
         <path>C:\ti\simplelink_msp432p4_sdk_2_20_00_12\source\ti\devices\msp432p4xx\driverlib\ccs\</path>
         <kind>archive</kind>
         <file>msp432p4xx_driverlib.lib</file>
         <name>interrupt.o</name>
      </input_file>
      <input_file id="fl-13">
         <path>C:\ti\simplelink_msp432p4_sdk_2_20_00_12\source\ti\devices\msp432p4xx\driverlib\ccs\</path>
         <kind>archive</kind>
         <file>msp432p4xx_driverlib.lib</file>
         <name>pcm.o</name>
      </input_file>
      <input_file id="fl-14">
         <path>C:\ti\simplelink_msp432p4_sdk_2_20_00_12\source\ti\devices\msp432p4xx\driverlib\ccs\</path>
         <kind>archive</kind>
         <file>msp432p4xx_driverlib.lib</file>
         <name>rtc_c.o</name>
      </input_file>
      <input_file id="fl-15">
         <path>C:\ti\simplelink_msp432p4_sdk_2_20_00_12\source\ti\devices\msp432p4xx\driverlib\ccs\</path>
         <kind>archive</kind>
         <file>msp432p4xx_driverlib.lib</file>
         <name>sysctl_a.o</name>
      </input_file>
      <input_file id="fl-16">
         <path>C:\ti\simplelink_msp432p4_sdk_2_20_00_12\source\ti\devices\msp432p4xx\driverlib\ccs\</path>
         <kind>archive</kind>
         <file>msp432p4xx_driverlib.lib</file>
         <name>timer32.o</name>
      </input_file>
      <input_file id="fl-17">
         <path>C:\ti\simplelink_msp432p4_sdk_2_20_00_12\source\ti\devices\msp432p4xx\driverlib\ccs\</path>
         <kind>archive</kind>
         <file>msp432p4xx_driverlib.lib</file>
         <name>timer_a.o</name>
      </input_file>
      <input_file id="fl-18">
         <path>C:\ti\simplelink_msp432p4_sdk_2_20_00_12\source\ti\devices\msp432p4xx\driverlib\ccs\</path>
         <kind>archive</kind>
         <file>msp432p4xx_driverlib.lib</file>
         <name>uart.o</name>
      </input_file>
      <input_file id="fl-19">
         <path>C:\ti\simplelink_msp432p4_sdk_2_20_00_12\source\ti\devices\msp432p4xx\driverlib\ccs\</path>
         <kind>archive</kind>
         <file>msp432p4xx_driverlib.lib</file>
         <name>wdt_a.o</name>
      </input_file>
      <input_file id="fl-1a">
         <path>C:\ti\simplelink_msp432p4_sdk_2_20_00_12\source\ti\devices\msp432p4xx\driverlib\ccs\</path>
         <kind>archive</kind>
         <file>msp432p4xx_driverlib.lib</file>
         <name>cpu.o</name>
      </input_file>
      <input_file id="fl-d0">
         <path>C:\ti\ccsv8\tools\compiler\ti-cgt-arm_18.1.3.LTS\lib\</path>
         <kind>archive</kind>
         <file>rtsv7M4_T_le_v4SPD16_eabi.lib</file>
         <name>copy_zero_init.c.obj</name>
      </input_file>
      <input_file id="fl-d1">
         <path>C:\ti\ccsv8\tools\compiler\ti-cgt-arm_18.1.3.LTS\lib\</path>
         <kind>archive</kind>
         <file>rtsv7M4_T_le_v4SPD16_eabi.lib</file>
         <name>copy_decompress_none.c.obj</name>
      </input_file>
      <input_file id="fl-d2">
         <path>C:\ti\ccsv8\tools\compiler\ti-cgt-arm_18.1.3.LTS\lib\</path>
         <kind>archive</kind>
         <file>rtsv7M4_T_le_v4SPD16_eabi.lib</file>
         <name>copy_decompress_lzss.c.obj</name>
      </input_file>
      <input_file id="fl-d3">
         <path>C:\ti\ccsv8\tools\compiler\ti-cgt-arm_18.1.3.LTS\lib\</path>
         <kind>archive</kind>
         <file>rtsv7M4_T_le_v4SPD16_eabi.lib</file>
         <name>boot_cortex_m.c.obj</name>
      </input_file>
      <input_file id="fl-d4">
         <path>C:\ti\ccsv8\tools\compiler\ti-cgt-arm_18.1.3.LTS\lib\</path>
         <kind>archive</kind>
         <file>rtsv7M4_T_le_v4SPD16_eabi.lib</file>
         <name>memset_t2.asm.obj</name>
      </input_file>
      <input_file id="fl-d5">
         <path>C:\ti\ccsv8\tools\compiler\ti-cgt-arm_18.1.3.LTS\lib\</path>
         <kind>archive</kind>
         <file>rtsv7M4_T_le_v4SPD16_eabi.lib</file>
         <name>memcpy_t2.asm.obj</name>
      </input_file>
      <input_file id="fl-d6">
         <path>C:\ti\ccsv8\tools\compiler\ti-cgt-arm_18.1.3.LTS\lib\</path>
         <kind>archive</kind>
         <file>rtsv7M4_T_le_v4SPD16_eabi.lib</file>
         <name>autoinit.c.obj</name>
      </input_file>
      <input_file id="fl-d7">
         <path>C:\ti\ccsv8\tools\compiler\ti-cgt-arm_18.1.3.LTS\lib\</path>
         <kind>archive</kind>
         <file>rtsv7M4_T_le_v4SPD16_eabi.lib</file>
         <name>pre_init.c.obj</name>
      </input_file>
      <input_file id="fl-d8">
         <path>C:\ti\ccsv8\tools\compiler\ti-cgt-arm_18.1.3.LTS\lib\</path>
         <kind>archive</kind>
         <file>rtsv7M4_T_le_v4SPD16_eabi.lib</file>
         <name>cpy_tbl.c.obj</name>
      </input_file>
      <input_file id="fl-d9">
         <path>C:\ti\ccsv8\tools\compiler\ti-cgt-arm_18.1.3.LTS\lib\</path>
         <kind>archive</kind>
         <file>rtsv7M4_T_le_v4SPD16_eabi.lib</file>
         <name>exit.c.obj</name>
      </input_file>
      <input_file id="fl-da">
         <path>C:\ti\ccsv8\tools\compiler\ti-cgt-arm_18.1.3.LTS\lib\</path>
         <kind>archive</kind>
         <file>rtsv7M4_T_le_v4SPD16_eabi.lib</file>
         <name>_lock.c.obj</name>
      </input_file>
      <input_file id="fl-db">
         <path>C:\ti\ccsv8\tools\compiler\ti-cgt-arm_18.1.3.LTS\lib\</path>
         <kind>archive</kind>
         <file>rtsv7M4_T_le_v4SPD16_eabi.lib</file>
         <name>args_main.c.obj</name>
      </input_file>
   </input_file_list>
   <object_component_list>
      <object_component id="oc-23">
         <name>.intvecs:retain</name>
         <load_address>0x0</load_address>
         <run_address>0x0</run_address>
         <size>0xe4</size>
         <input_file_ref idref="fl-5"/>
      </object_component>
      <object_component id="oc-7c">
         <name>.text:EUSCIA0_IRQHandler</name>
         <load_address>0xe4</load_address>
         <run_address>0xe4</run_address>
         <size>0x5a0</size>
         <input_file_ref idref="fl-2"/>
      </object_component>
      <object_component id="oc-88">
         <name>.text:PORT5_IRQHandler</name>
         <load_address>0x684</load_address>
         <run_address>0x684</run_address>
         <size>0x1f0</size>
         <input_file_ref idref="fl-2"/>
      </object_component>
      <object_component id="oc-252">
         <name>.text:CS_setDCOFrequency</name>
         <load_address>0x874</load_address>
         <run_address>0x874</run_address>
         <size>0x19c</size>
         <input_file_ref idref="fl-10"/>
      </object_component>
      <object_component id="oc-f6">
         <name>.text:printf</name>
         <load_address>0xa10</load_address>
         <run_address>0xa10</run_address>
         <size>0x168</size>
         <input_file_ref idref="fl-3"/>
      </object_component>
      <object_component id="oc-13f">
         <name>.text:updatePIDController</name>
         <load_address>0xb78</load_address>
         <run_address>0xb78</run_address>
         <size>0x144</size>
         <input_file_ref idref="fl-2"/>
      </object_component>
      <object_component id="oc-258">
         <name>.text:CS_initClockSignal</name>
         <load_address>0xcbc</load_address>
         <run_address>0xcbc</run_address>
         <size>0x130</size>
         <input_file_ref idref="fl-10"/>
      </object_component>
      <object_component id="oc-ba">
         <name>.text:main</name>
         <load_address>0xdec</load_address>
         <run_address>0xdec</run_address>
         <size>0x12c</size>
         <input_file_ref idref="fl-2"/>
      </object_component>
      <object_component id="oc-273">
         <name>.text:UART_initModule</name>
         <load_address>0xf18</load_address>
         <run_address>0xf18</run_address>
         <size>0xfc</size>
         <input_file_ref idref="fl-18"/>
      </object_component>
      <object_component id="oc-193">
         <name>.text:configEncoderGPIOInputs</name>
         <load_address>0x1014</load_address>
         <run_address>0x1014</run_address>
         <size>0xc4</size>
         <input_file_ref idref="fl-2"/>
      </object_component>
      <object_component id="oc-dd">
         <name>.text:packageDataOntoBuffer</name>
         <load_address>0x10d8</load_address>
         <run_address>0x10d8</run_address>
         <size>0x98</size>
         <input_file_ref idref="fl-2"/>
      </object_component>
      <object_component id="oc-310">
         <name>.text:SysCtl_A_getTLVInfo</name>
         <load_address>0x1170</load_address>
         <run_address>0x1170</run_address>
         <size>0x94</size>
         <input_file_ref idref="fl-15"/>
      </object_component>
      <object_component id="oc-31c">
         <name>.text:CS_tuneDCOFrequency</name>
         <load_address>0x1204</load_address>
         <run_address>0x1204</run_address>
         <size>0x88</size>
         <input_file_ref idref="fl-10"/>
      </object_component>
      <object_component id="oc-279">
         <name>.text:GPIO_setAsPeripheralModuleFunctionInputPin</name>
         <load_address>0x128c</load_address>
         <run_address>0x128c</run_address>
         <size>0x88</size>
         <input_file_ref idref="fl-11"/>
      </object_component>
      <object_component id="oc-26c">
         <name>.text:GPIO_setAsPeripheralModuleFunctionOutputPin</name>
         <load_address>0x1314</load_address>
         <run_address>0x1314</run_address>
         <size>0x88</size>
         <input_file_ref idref="fl-11"/>
      </object_component>
      <object_component id="oc-8e">
         <name>.text:PORT6_IRQHandler</name>
         <load_address>0x139c</load_address>
         <run_address>0x139c</run_address>
         <size>0x88</size>
         <input_file_ref idref="fl-2"/>
      </object_component>
      <object_component id="oc-127">
         <name>.text:GPIO_getEnabledInterruptStatus</name>
         <load_address>0x1424</load_address>
         <run_address>0x1424</run_address>
         <size>0x84</size>
         <input_file_ref idref="fl-11"/>
      </object_component>
      <object_component id="oc-28b">
         <name>.text:Interrupt_enableInterrupt</name>
         <load_address>0x14a8</load_address>
         <run_address>0x14a8</run_address>
         <size>0x80</size>
         <input_file_ref idref="fl-12"/>
      </object_component>
      <object_component id="oc-18d">
         <name>.text:configTA2andGPIOsForUltrasoundDistSensor</name>
         <load_address>0x1528</load_address>
         <run_address>0x1528</run_address>
         <size>0x80</size>
         <input_file_ref idref="fl-2"/>
      </object_component>
      <object_component id="oc-175">
         <name>.text:configTA0forMotorPWM</name>
         <load_address>0x15a8</load_address>
         <run_address>0x15a8</run_address>
         <size>0x7c</size>
         <input_file_ref idref="fl-2"/>
      </object_component>
      <object_component id="oc-224">
         <name>.text:xtoa</name>
         <load_address>0x1624</load_address>
         <run_address>0x1624</run_address>
         <size>0x7c</size>
         <input_file_ref idref="fl-3"/>
      </object_component>
      <object_component id="oc-ae">
         <name>.text</name>
         <load_address>0x16a0</load_address>
         <run_address>0x16a0</run_address>
         <size>0x7a</size>
         <input_file_ref idref="fl-d4"/>
      </object_component>
      <object_component id="oc-6a">
         <name>.text:Default_Handler</name>
         <load_address>0x171a</load_address>
         <run_address>0x171a</run_address>
         <size>0x2</size>
         <input_file_ref idref="fl-5"/>
      </object_component>
      <object_component id="oc-cc">
         <name>.text:SystemInit</name>
         <load_address>0x171c</load_address>
         <run_address>0x171c</run_address>
         <size>0x78</size>
         <input_file_ref idref="fl-4"/>
      </object_component>
      <object_component id="oc-19f">
         <name>.text:configTA1forLiveTuning</name>
         <load_address>0x1794</load_address>
         <run_address>0x1794</run_address>
         <size>0x78</size>
         <input_file_ref idref="fl-2"/>
      </object_component>
      <object_component id="oc-2ab">
         <name>.text:Timer32_initModule</name>
         <load_address>0x180c</load_address>
         <run_address>0x180c</run_address>
         <size>0x68</size>
         <input_file_ref idref="fl-16"/>
      </object_component>
      <object_component id="oc-fc">
         <name>.text:driveIndefinitely</name>
         <load_address>0x1874</load_address>
         <run_address>0x1874</run_address>
         <size>0x64</size>
         <input_file_ref idref="fl-2"/>
      </object_component>
      <object_component id="oc-e4">
         <name>.text:UART_getEnabledInterruptStatus</name>
         <load_address>0x18d8</load_address>
         <run_address>0x18d8</run_address>
         <size>0x56</size>
         <input_file_ref idref="fl-18"/>
      </object_component>
      <object_component id="oc-181">
         <name>.text:configADC</name>
         <load_address>0x1930</load_address>
         <run_address>0x1930</run_address>
         <size>0x50</size>
         <input_file_ref idref="fl-2"/>
      </object_component>
      <object_component id="oc-297">
         <name>.text:GPIO_setAsInputPin</name>
         <load_address>0x1980</load_address>
         <run_address>0x1980</run_address>
         <size>0x4c</size>
         <input_file_ref idref="fl-11"/>
      </object_component>
      <object_component id="oc-1d4">
         <name>.text:__TI_auto_init_nobinit_nopinit:__TI_auto_init_nobinit_nopinit</name>
         <load_address>0x19cc</load_address>
         <run_address>0x19cc</run_address>
         <size>0x44</size>
         <input_file_ref idref="fl-d6"/>
      </object_component>
      <object_component id="oc-265">
         <name>.text:GPIO_setAsOutputPin</name>
         <load_address>0x1a10</load_address>
         <run_address>0x1a10</run_address>
         <size>0x40</size>
         <input_file_ref idref="fl-11"/>
      </object_component>
      <object_component id="oc-139">
         <name>.text:GPIO_interruptEdgeSelect</name>
         <load_address>0x1a50</load_address>
         <run_address>0x1a50</run_address>
         <size>0x3c</size>
         <input_file_ref idref="fl-11"/>
      </object_component>
      <object_component id="oc-70">
         <name>.text:TA1_0_IRQHandler</name>
         <load_address>0x1a8c</load_address>
         <run_address>0x1a8c</run_address>
         <size>0x38</size>
         <input_file_ref idref="fl-2"/>
      </object_component>
      <object_component id="oc-1ab">
         <name>.text:Timer32_startTimer</name>
         <load_address>0x1ac4</load_address>
         <run_address>0x1ac4</run_address>
         <size>0x38</size>
         <input_file_ref idref="fl-16"/>
      </object_component>
      <object_component id="oc-52">
         <name>.text:_c_int00_noargs:_c_int00_noargs</name>
         <load_address>0x1afc</load_address>
         <run_address>0x1afc</run_address>
         <size>0x38</size>
         <input_file_ref idref="fl-d3"/>
      </object_component>
      <object_component id="oc-82">
         <name>.text:ADC14_IRQHandler</name>
         <load_address>0x1b34</load_address>
         <run_address>0x1b34</run_address>
         <size>0x34</size>
         <input_file_ref idref="fl-2"/>
      </object_component>
      <object_component id="oc-316">
         <name>.text:CS_setDCOCenteredFrequency</name>
         <load_address>0x1b68</load_address>
         <run_address>0x1b68</run_address>
         <size>0x34</size>
         <input_file_ref idref="fl-10"/>
      </object_component>
      <object_component id="oc-367">
         <name>.text:UART_transmitData</name>
         <load_address>0x1b9c</load_address>
         <run_address>0x1b9c</run_address>
         <size>0x34</size>
         <input_file_ref idref="fl-18"/>
      </object_component>
      <object_component id="oc-169">
         <name>.text:configClocks</name>
         <load_address>0x1bd0</load_address>
         <run_address>0x1bd0</run_address>
         <size>0x34</size>
         <input_file_ref idref="fl-2"/>
      </object_component>
      <object_component id="oc-17b">
         <name>.text:configUART</name>
         <load_address>0x1c04</load_address>
         <run_address>0x1c04</run_address>
         <size>0x34</size>
         <input_file_ref idref="fl-2"/>
      </object_component>
      <object_component id="oc-25e">
         <name>.text:CS_setReferenceOscillatorFrequency</name>
         <load_address>0x1c38</load_address>
         <run_address>0x1c38</run_address>
         <size>0x30</size>
         <input_file_ref idref="fl-10"/>
      </object_component>
      <object_component id="oc-2a4">
         <name>.text:GPIO_getInputPinValue</name>
         <load_address>0x1c68</load_address>
         <run_address>0x1c68</run_address>
         <size>0x30</size>
         <input_file_ref idref="fl-11"/>
      </object_component>
      <object_component id="oc-285">
         <name>.text:UART_enableInterrupt</name>
         <load_address>0x1c98</load_address>
         <run_address>0x1c98</run_address>
         <size>0x30</size>
         <input_file_ref idref="fl-18"/>
      </object_component>
      <object_component id="oc-f0">
         <name>.text:UART_receiveData</name>
         <load_address>0x1cc8</load_address>
         <run_address>0x1cc8</run_address>
         <size>0x30</size>
         <input_file_ref idref="fl-18"/>
      </object_component>
      <object_component id="oc-187">
         <name>.text:configTimerA3PWMForADC</name>
         <load_address>0x1cf8</load_address>
         <run_address>0x1cf8</run_address>
         <size>0x30</size>
         <input_file_ref idref="fl-2"/>
      </object_component>
      <object_component id="oc-11a">
         <name>.text:currentK</name>
         <load_address>0x1d28</load_address>
         <run_address>0x1d28</run_address>
         <size>0x30</size>
         <input_file_ref idref="fl-2"/>
      </object_component>
      <object_component id="oc-12d">
         <name>.text:GPIO_clearInterruptFlag</name>
         <load_address>0x1d58</load_address>
         <run_address>0x1d58</run_address>
         <size>0x28</size>
         <input_file_ref idref="fl-11"/>
      </object_component>
      <object_component id="oc-29d">
         <name>.text:GPIO_enableInterrupt</name>
         <load_address>0x1d80</load_address>
         <run_address>0x1d80</run_address>
         <size>0x28</size>
         <input_file_ref idref="fl-11"/>
      </object_component>
      <object_component id="oc-102">
         <name>.text:GPIO_setOutputHighOnPin</name>
         <load_address>0x1da8</load_address>
         <run_address>0x1da8</run_address>
         <size>0x28</size>
         <input_file_ref idref="fl-11"/>
      </object_component>
      <object_component id="oc-108">
         <name>.text:GPIO_setOutputLowOnPin</name>
         <load_address>0x1dd0</load_address>
         <run_address>0x1dd0</run_address>
         <size>0x28</size>
         <input_file_ref idref="fl-11"/>
      </object_component>
      <object_component id="oc-2c2">
         <name>.text:PCM_gotoLPM0</name>
         <load_address>0x1df8</load_address>
         <run_address>0x1df8</run_address>
         <size>0x28</size>
         <input_file_ref idref="fl-13"/>
      </object_component>
      <object_component id="oc-243">
         <name>.text:GPIO_getInterruptStatus</name>
         <load_address>0x1e20</load_address>
         <run_address>0x1e20</run_address>
         <size>0x24</size>
         <input_file_ref idref="fl-11"/>
      </object_component>
      <object_component id="oc-163">
         <name>.text:WDT_A_holdTimer</name>
         <load_address>0x1e44</load_address>
         <run_address>0x1e44</run_address>
         <size>0x24</size>
         <input_file_ref idref="fl-19"/>
      </object_component>
      <object_component id="oc-218">
         <name>.text:puts</name>
         <load_address>0x1e68</load_address>
         <run_address>0x1e68</run_address>
         <size>0x24</size>
         <input_file_ref idref="fl-3"/>
      </object_component>
      <object_component id="oc-76">
         <name>.text:TA2_0_IRQHandler</name>
         <load_address>0x1e8c</load_address>
         <run_address>0x1e8c</run_address>
         <size>0x20</size>
         <input_file_ref idref="fl-2"/>
      </object_component>
      <object_component id="oc-1b7">
         <name>.text:PCM_gotoLPM0InterruptSafe</name>
         <load_address>0x1eac</load_address>
         <run_address>0x1eac</run_address>
         <size>0x1c</size>
         <input_file_ref idref="fl-13"/>
      </object_component>
      <object_component id="oc-22a">
         <name>.text:puth</name>
         <load_address>0x1ec8</load_address>
         <run_address>0x1ec8</run_address>
         <size>0x1c</size>
         <input_file_ref idref="fl-3"/>
      </object_component>
      <object_component id="oc-20f">
         <name>.text:UART_getInterruptStatus</name>
         <load_address>0x1ee4</load_address>
         <run_address>0x1ee4</run_address>
         <size>0x18</size>
         <input_file_ref idref="fl-18"/>
      </object_component>
      <object_component id="oc-16f">
         <name>.text:configGPIOOutput</name>
         <load_address>0x1efc</load_address>
         <run_address>0x1efc</run_address>
         <size>0x18</size>
         <input_file_ref idref="fl-2"/>
      </object_component>
      <object_component id="oc-10e">
         <name>.text:Timer_A_startCounter</name>
         <load_address>0x1f14</load_address>
         <run_address>0x1f14</run_address>
         <size>0x16</size>
         <input_file_ref idref="fl-17"/>
      </object_component>
      <object_component id="oc-ea">
         <name>.text:UART_clearInterruptFlag</name>
         <load_address>0x1f2a</load_address>
         <run_address>0x1f2a</run_address>
         <size>0x16</size>
         <input_file_ref idref="fl-18"/>
      </object_component>
      <object_component id="oc-27f">
         <name>.text:UART_enableModule</name>
         <load_address>0x1f40</load_address>
         <run_address>0x1f40</run_address>
         <size>0x16</size>
         <input_file_ref idref="fl-18"/>
      </object_component>
      <object_component id="oc-114">
         <name>.text:Timer_A_stopTimer</name>
         <load_address>0x1f56</load_address>
         <run_address>0x1f56</run_address>
         <size>0x14</size>
         <input_file_ref idref="fl-17"/>
      </object_component>
      <object_component id="oc-199">
         <name>.text:configT32_1ForEncoder</name>
         <load_address>0x1f6c</load_address>
         <run_address>0x1f6c</run_address>
         <size>0x14</size>
         <input_file_ref idref="fl-2"/>
      </object_component>
      <object_component id="oc-2fb">
         <name>.text:sendByte</name>
         <load_address>0x1f80</load_address>
         <run_address>0x1f80</run_address>
         <size>0x14</size>
         <input_file_ref idref="fl-3"/>
      </object_component>
      <object_component id="oc-21e">
         <name>.text:putc</name>
         <load_address>0x1f94</load_address>
         <run_address>0x1f94</run_address>
         <size>0x12</size>
         <input_file_ref idref="fl-3"/>
      </object_component>
      <object_component id="oc-2bc">
         <name>.text:Interrupt_disableMaster</name>
         <load_address>0x1fa6</load_address>
         <run_address>0x1fa6</run_address>
         <size>0x10</size>
         <input_file_ref idref="fl-12"/>
      </object_component>
      <object_component id="oc-1a5">
         <name>.text:Interrupt_disableSleepOnIsrExit</name>
         <load_address>0x1fb8</load_address>
         <run_address>0x1fb8</run_address>
         <size>0x10</size>
         <input_file_ref idref="fl-12"/>
      </object_component>
      <object_component id="oc-1b1">
         <name>.text:Interrupt_enableMaster</name>
         <load_address>0x1fc8</load_address>
         <run_address>0x1fc8</run_address>
         <size>0x10</size>
         <input_file_ref idref="fl-12"/>
      </object_component>
      <object_component id="oc-133">
         <name>.text:Timer32_getValue</name>
         <load_address>0x1fd8</load_address>
         <run_address>0x1fd8</run_address>
         <size>0xe</size>
         <input_file_ref idref="fl-16"/>
      </object_component>
      <object_component id="oc-338">
         <name>.text:CPU_cpsid</name>
         <load_address>0x1fe6</load_address>
         <run_address>0x1fe6</run_address>
         <size>0xc</size>
         <input_file_ref idref="fl-1a"/>
      </object_component>
      <object_component id="oc-2b5">
         <name>.text:CPU_cpsie</name>
         <load_address>0x1ff2</load_address>
         <run_address>0x1ff2</run_address>
         <size>0xc</size>
         <input_file_ref idref="fl-1a"/>
      </object_component>
      <object_component id="oc-64">
         <name>.text:Reset_Handler</name>
         <load_address>0x1ffe</load_address>
         <run_address>0x1ffe</run_address>
         <size>0xc</size>
         <input_file_ref idref="fl-5"/>
      </object_component>
      <object_component id="oc-46">
         <name>.text:decompress:ZI:__TI_zero_init</name>
         <load_address>0x200a</load_address>
         <run_address>0x200a</run_address>
         <size>0xc</size>
         <input_file_ref idref="fl-d0"/>
      </object_component>
      <object_component id="oc-33f">
         <name>.text:CPU_wfi</name>
         <load_address>0x2016</load_address>
         <run_address>0x2016</run_address>
         <size>0x4</size>
         <input_file_ref idref="fl-1a"/>
      </object_component>
      <object_component id="oc-b4">
         <name>.text:_system_pre_init</name>
         <load_address>0x201a</load_address>
         <run_address>0x201a</run_address>
         <size>0x4</size>
         <input_file_ref idref="fl-d7"/>
      </object_component>
      <object_component id="oc-1c8">
         <name>.text:abort:abort</name>
         <load_address>0x201e</load_address>
         <run_address>0x201e</run_address>
         <size>0x4</size>
         <input_file_ref idref="fl-d9"/>
      </object_component>
      <object_component id="oc-23b">
         <name>.const:GPIO_PORT_TO_BASE</name>
         <load_address>0x2024</load_address>
         <run_address>0x2024</run_address>
         <size>0x30</size>
         <input_file_ref idref="fl-11"/>
      </object_component>
      <object_component id="oc-230">
         <name>.const:dv</name>
         <load_address>0x2054</load_address>
         <run_address>0x2054</run_address>
         <size>0x28</size>
         <input_file_ref idref="fl-3"/>
      </object_component>
      <object_component id="oc-291">
         <name>.const:uartConfig</name>
         <load_address>0x207c</load_address>
         <run_address>0x207c</run_address>
         <size>0x24</size>
         <input_file_ref idref="fl-2"/>
      </object_component>
      <object_component id="oc-304">
         <name>.const:.string:hex$1</name>
         <load_address>0x20a0</load_address>
         <run_address>0x20a0</run_address>
         <size>0x10</size>
         <input_file_ref idref="fl-3"/>
      </object_component>
      <object_component id="oc-32d">
         <name>.const:g_pulEnRegs</name>
         <load_address>0x20b0</load_address>
         <run_address>0x20b0</run_address>
         <size>0x8</size>
         <input_file_ref idref="fl-12"/>
      </object_component>
      <object_component id="oc-24d">
         <name>.const</name>
         <load_address>0x20b8</load_address>
         <run_address>0x20b8</run_address>
         <size>0x4</size>
         <input_file_ref idref="fl-2"/>
      </object_component>
      <object_component id="oc-3ca">
         <name>.cinit..bss.load</name>
         <load_address>0x20c0</load_address>
         <run_address>0x20c0</run_address>
         <size>0x8</size>
      </object_component>
      <object_component id="oc-3c8">
         <name>__TI_handler_table</name>
         <load_address>0x20c8</load_address>
         <run_address>0x20c8</run_address>
         <size>0x4</size>
      </object_component>
      <object_component id="oc-3c9">
         <name>__TI_cinit_table</name>
         <load_address>0x20cc</load_address>
         <run_address>0x20cc</run_address>
         <size>0x8</size>
      </object_component>
      <object_component id="oc-39d">
         <name>.binit</name>
         <load_address>0x0</load_address>
         <run_address>0x0</run_address>
         <size>0x0</size>
      </object_component>
      <object_component id="oc-d4">
         <name>.bss</name>
         <uninitialized>true</uninitialized>
         <run_address>0x200007d0</run_address>
         <size>0x34</size>
         <input_file_ref idref="fl-2"/>
      </object_component>
      <object_component id="oc-1c1">
         <name>.common:circBuff</name>
         <uninitialized>true</uninitialized>
         <run_address>0x20000000</run_address>
         <size>0x7d0</size>
      </object_component>
      <object_component id="oc-1c0">
         <name>.common:index_WriteNext</name>
         <uninitialized>true</uninitialized>
         <run_address>0x20000805</run_address>
         <size>0x1</size>
      </object_component>
      <object_component id="oc-1bd">
         <name>.common:index_TransmitNext</name>
         <uninitialized>true</uninitialized>
         <run_address>0x20000804</run_address>
         <size>0x1</size>
      </object_component>
      <object_component id="oc-26">
         <name>.stack</name>
         <uninitialized>true</uninitialized>
         <run_address>0x2000fe00</run_address>
         <size>0x4</size>
         <input_file_ref idref="fl-d3"/>
      </object_component>
      <object_component id="oc-3cb">
         <name>.stack</name>
         <uninitialized>true</uninitialized>
         <run_address>0x2000fe00</run_address>
         <size>0x0</size>
      </object_component>
      <object_component id="oc-1be">
         <name>.debug_info</name>
         <load_address>0x0</load_address>
         <run_address>0x0</run_address>
         <size>0xe1a</size>
         <input_file_ref idref="fl-2"/>
      </object_component>
      <object_component id="oc-d5">
         <name>.debug_info</name>
         <load_address>0xe1a</load_address>
         <run_address>0xe1a</run_address>
         <size>0x46a</size>
         <input_file_ref idref="fl-2"/>
      </object_component>
      <object_component id="oc-24e">
         <name>.debug_info</name>
         <load_address>0x1284</load_address>
         <run_address>0x1284</run_address>
         <size>0xd0</size>
         <input_file_ref idref="fl-2"/>
      </object_component>
      <object_component id="oc-292">
         <name>.debug_info</name>
         <load_address>0x1354</load_address>
         <run_address>0x1354</run_address>
         <size>0xcd</size>
         <input_file_ref idref="fl-2"/>
      </object_component>
      <object_component id="oc-16a">
         <name>.debug_info</name>
         <load_address>0x1421</load_address>
         <run_address>0x1421</run_address>
         <size>0x188</size>
         <input_file_ref idref="fl-2"/>
      </object_component>
      <object_component id="oc-11b">
         <name>.debug_info</name>
         <load_address>0x15a9</load_address>
         <run_address>0x15a9</run_address>
         <size>0xf7</size>
         <input_file_ref idref="fl-2"/>
      </object_component>
      <object_component id="oc-de">
         <name>.debug_info</name>
         <load_address>0x16a0</load_address>
         <run_address>0x16a0</run_address>
         <size>0x130</size>
         <input_file_ref idref="fl-2"/>
      </object_component>
      <object_component id="oc-188">
         <name>.debug_info</name>
         <load_address>0x17d0</load_address>
         <run_address>0x17d0</run_address>
         <size>0x10f</size>
         <input_file_ref idref="fl-2"/>
      </object_component>
      <object_component id="oc-17c">
         <name>.debug_info</name>
         <load_address>0x18df</load_address>
         <run_address>0x18df</run_address>
         <size>0x191</size>
         <input_file_ref idref="fl-2"/>
      </object_component>
      <object_component id="oc-182">
         <name>.debug_info</name>
         <load_address>0x1a70</load_address>
         <run_address>0x1a70</run_address>
         <size>0x146</size>
         <input_file_ref idref="fl-2"/>
      </object_component>
      <object_component id="oc-1a0">
         <name>.debug_info</name>
         <load_address>0x1bb6</load_address>
         <run_address>0x1bb6</run_address>
         <size>0x166</size>
         <input_file_ref idref="fl-2"/>
      </object_component>
      <object_component id="oc-18e">
         <name>.debug_info</name>
         <load_address>0x1d1c</load_address>
         <run_address>0x1d1c</run_address>
         <size>0x1f9</size>
         <input_file_ref idref="fl-2"/>
      </object_component>
      <object_component id="oc-170">
         <name>.debug_info</name>
         <load_address>0x1f15</load_address>
         <run_address>0x1f15</run_address>
         <size>0x183</size>
         <input_file_ref idref="fl-2"/>
      </object_component>
      <object_component id="oc-176">
         <name>.debug_info</name>
         <load_address>0x2098</load_address>
         <run_address>0x2098</run_address>
         <size>0x140</size>
         <input_file_ref idref="fl-2"/>
      </object_component>
      <object_component id="oc-194">
         <name>.debug_info</name>
         <load_address>0x21d8</load_address>
         <run_address>0x21d8</run_address>
         <size>0x26f</size>
         <input_file_ref idref="fl-2"/>
      </object_component>
      <object_component id="oc-19a">
         <name>.debug_info</name>
         <load_address>0x2447</load_address>
         <run_address>0x2447</run_address>
         <size>0x129</size>
         <input_file_ref idref="fl-2"/>
      </object_component>
      <object_component id="oc-bb">
         <name>.debug_info</name>
         <load_address>0x2570</load_address>
         <run_address>0x2570</run_address>
         <size>0x2f5</size>
         <input_file_ref idref="fl-2"/>
      </object_component>
      <object_component id="oc-77">
         <name>.debug_info</name>
         <load_address>0x2865</load_address>
         <run_address>0x2865</run_address>
         <size>0x122</size>
         <input_file_ref idref="fl-2"/>
      </object_component>
      <object_component id="oc-71">
         <name>.debug_info</name>
         <load_address>0x2987</load_address>
         <run_address>0x2987</run_address>
         <size>0x118</size>
         <input_file_ref idref="fl-2"/>
      </object_component>
      <object_component id="oc-fd">
         <name>.debug_info</name>
         <load_address>0x2a9f</load_address>
         <run_address>0x2a9f</run_address>
         <size>0x1cc</size>
         <input_file_ref idref="fl-2"/>
      </object_component>
      <object_component id="oc-140">
         <name>.debug_info</name>
         <load_address>0x2c6b</load_address>
         <run_address>0x2c6b</run_address>
         <size>0x15a</size>
         <input_file_ref idref="fl-2"/>
      </object_component>
      <object_component id="oc-8f">
         <name>.debug_info</name>
         <load_address>0x2dc5</load_address>
         <run_address>0x2dc5</run_address>
         <size>0x1eb</size>
         <input_file_ref idref="fl-2"/>
      </object_component>
      <object_component id="oc-89">
         <name>.debug_info</name>
         <load_address>0x2fb0</load_address>
         <run_address>0x2fb0</run_address>
         <size>0x2eb</size>
         <input_file_ref idref="fl-2"/>
      </object_component>
      <object_component id="oc-7d">
         <name>.debug_info</name>
         <load_address>0x329b</load_address>
         <run_address>0x329b</run_address>
         <size>0x523</size>
         <input_file_ref idref="fl-2"/>
      </object_component>
      <object_component id="oc-83">
         <name>.debug_info</name>
         <load_address>0x37be</load_address>
         <run_address>0x37be</run_address>
         <size>0x11c</size>
         <input_file_ref idref="fl-2"/>
      </object_component>
      <object_component id="oc-1c3">
         <name>.debug_info</name>
         <load_address>0x38da</load_address>
         <run_address>0x38da</run_address>
         <size>0x109</size>
         <input_file_ref idref="fl-2"/>
      </object_component>
      <object_component id="oc-2cb">
         <name>.debug_info</name>
         <load_address>0x39e3</load_address>
         <run_address>0x39e3</run_address>
         <size>0x37e2</size>
         <input_file_ref idref="fl-2"/>
      </object_component>
      <object_component id="oc-14e">
         <name>.debug_info</name>
         <load_address>0x71c5</load_address>
         <run_address>0x71c5</run_address>
         <size>0x26b</size>
         <input_file_ref idref="fl-2"/>
      </object_component>
      <object_component id="oc-2d0">
         <name>.debug_info</name>
         <load_address>0x7430</load_address>
         <run_address>0x7430</run_address>
         <size>0x1055</size>
         <input_file_ref idref="fl-2"/>
      </object_component>
      <object_component id="oc-121">
         <name>.debug_info</name>
         <load_address>0x8485</load_address>
         <run_address>0x8485</run_address>
         <size>0x8b</size>
         <input_file_ref idref="fl-2"/>
      </object_component>
      <object_component id="oc-209">
         <name>.debug_info</name>
         <load_address>0x8510</load_address>
         <run_address>0x8510</run_address>
         <size>0x297</size>
         <input_file_ref idref="fl-2"/>
      </object_component>
      <object_component id="oc-146">
         <name>.debug_info</name>
         <load_address>0x87a7</load_address>
         <run_address>0x87a7</run_address>
         <size>0xef</size>
         <input_file_ref idref="fl-2"/>
      </object_component>
      <object_component id="oc-d8">
         <name>.debug_info</name>
         <load_address>0x8896</load_address>
         <run_address>0x8896</run_address>
         <size>0xbb</size>
         <input_file_ref idref="fl-2"/>
      </object_component>
      <object_component id="oc-2d5">
         <name>.debug_info</name>
         <load_address>0x8951</load_address>
         <run_address>0x8951</run_address>
         <size>0xee</size>
         <input_file_ref idref="fl-2"/>
      </object_component>
      <object_component id="oc-234">
         <name>.debug_info</name>
         <load_address>0x8a3f</load_address>
         <run_address>0x8a3f</run_address>
         <size>0x598</size>
         <input_file_ref idref="fl-3"/>
      </object_component>
      <object_component id="oc-231">
         <name>.debug_info</name>
         <load_address>0x8fd7</load_address>
         <run_address>0x8fd7</run_address>
         <size>0xbe</size>
         <input_file_ref idref="fl-3"/>
      </object_component>
      <object_component id="oc-2fc">
         <name>.debug_info</name>
         <load_address>0x9095</load_address>
         <run_address>0x9095</run_address>
         <size>0x173</size>
         <input_file_ref idref="fl-3"/>
      </object_component>
      <object_component id="oc-219">
         <name>.debug_info</name>
         <load_address>0x9208</load_address>
         <run_address>0x9208</run_address>
         <size>0x16e</size>
         <input_file_ref idref="fl-3"/>
      </object_component>
      <object_component id="oc-21f">
         <name>.debug_info</name>
         <load_address>0x9376</load_address>
         <run_address>0x9376</run_address>
         <size>0x162</size>
         <input_file_ref idref="fl-3"/>
      </object_component>
      <object_component id="oc-225">
         <name>.debug_info</name>
         <load_address>0x94d8</load_address>
         <run_address>0x94d8</run_address>
         <size>0x19b</size>
         <input_file_ref idref="fl-3"/>
      </object_component>
      <object_component id="oc-22b">
         <name>.debug_info</name>
         <load_address>0x9673</load_address>
         <run_address>0x9673</run_address>
         <size>0x172</size>
         <input_file_ref idref="fl-3"/>
      </object_component>
      <object_component id="oc-f7">
         <name>.debug_info</name>
         <load_address>0x97e5</load_address>
         <run_address>0x97e5</run_address>
         <size>0x215</size>
         <input_file_ref idref="fl-3"/>
      </object_component>
      <object_component id="oc-2f">
         <name>.debug_info</name>
         <load_address>0x99fa</load_address>
         <run_address>0x99fa</run_address>
         <size>0x84</size>
         <input_file_ref idref="fl-3"/>
      </object_component>
      <object_component id="oc-235">
         <name>.debug_info</name>
         <load_address>0x9a7e</load_address>
         <run_address>0x9a7e</run_address>
         <size>0x2c</size>
         <input_file_ref idref="fl-3"/>
      </object_component>
      <object_component id="oc-cf">
         <name>.debug_info</name>
         <load_address>0x9aaa</load_address>
         <run_address>0x9aaa</run_address>
         <size>0x124</size>
         <input_file_ref idref="fl-4"/>
      </object_component>
      <object_component id="oc-96">
         <name>.debug_info</name>
         <load_address>0x9bce</load_address>
         <run_address>0x9bce</run_address>
         <size>0x2c4</size>
         <input_file_ref idref="fl-5"/>
      </object_component>
      <object_component id="oc-24">
         <name>.debug_info</name>
         <load_address>0x9e92</load_address>
         <run_address>0x9e92</run_address>
         <size>0xf0</size>
         <input_file_ref idref="fl-5"/>
      </object_component>
      <object_component id="oc-66">
         <name>.debug_info</name>
         <load_address>0x9f82</load_address>
         <run_address>0x9f82</run_address>
         <size>0x153</size>
         <input_file_ref idref="fl-5"/>
      </object_component>
      <object_component id="oc-6b">
         <name>.debug_info</name>
         <load_address>0xa0d5</load_address>
         <run_address>0xa0d5</run_address>
         <size>0x13b</size>
         <input_file_ref idref="fl-5"/>
      </object_component>
      <object_component id="oc-323">
         <name>.debug_info</name>
         <load_address>0xa210</load_address>
         <run_address>0xa210</run_address>
         <size>0x803</size>
         <input_file_ref idref="fl-10"/>
      </object_component>
      <object_component id="oc-259">
         <name>.debug_info</name>
         <load_address>0xaa13</load_address>
         <run_address>0xaa13</run_address>
         <size>0x299</size>
         <input_file_ref idref="fl-10"/>
      </object_component>
      <object_component id="oc-260">
         <name>.debug_info</name>
         <load_address>0xacac</load_address>
         <run_address>0xacac</run_address>
         <size>0x21d</size>
         <input_file_ref idref="fl-10"/>
      </object_component>
      <object_component id="oc-318">
         <name>.debug_info</name>
         <load_address>0xaec9</load_address>
         <run_address>0xaec9</run_address>
         <size>0x1e1</size>
         <input_file_ref idref="fl-10"/>
      </object_component>
      <object_component id="oc-31e">
         <name>.debug_info</name>
         <load_address>0xb0aa</load_address>
         <run_address>0xb0aa</run_address>
         <size>0x22f</size>
         <input_file_ref idref="fl-10"/>
      </object_component>
      <object_component id="oc-254">
         <name>.debug_info</name>
         <load_address>0xb2d9</load_address>
         <run_address>0xb2d9</run_address>
         <size>0x3bb</size>
         <input_file_ref idref="fl-10"/>
      </object_component>
      <object_component id="oc-370">
         <name>.debug_info</name>
         <load_address>0xb694</load_address>
         <run_address>0xb694</run_address>
         <size>0x431a</size>
         <input_file_ref idref="fl-10"/>
      </object_component>
      <object_component id="oc-37b">
         <name>.debug_info</name>
         <load_address>0xf9ae</load_address>
         <run_address>0xf9ae</run_address>
         <size>0x1b5</size>
         <input_file_ref idref="fl-10"/>
      </object_component>
      <object_component id="oc-30c">
         <name>.debug_info</name>
         <load_address>0xfb63</load_address>
         <run_address>0xfb63</run_address>
         <size>0x6fd</size>
         <input_file_ref idref="fl-11"/>
      </object_component>
      <object_component id="oc-23c">
         <name>.debug_info</name>
         <load_address>0x10260</load_address>
         <run_address>0x10260</run_address>
         <size>0x131</size>
         <input_file_ref idref="fl-11"/>
      </object_component>
      <object_component id="oc-268">
         <name>.debug_info</name>
         <load_address>0x10391</load_address>
         <run_address>0x10391</run_address>
         <size>0x24e</size>
         <input_file_ref idref="fl-11"/>
      </object_component>
      <object_component id="oc-29a">
         <name>.debug_info</name>
         <load_address>0x105df</load_address>
         <run_address>0x105df</run_address>
         <size>0x24c</size>
         <input_file_ref idref="fl-11"/>
      </object_component>
      <object_component id="oc-26f">
         <name>.debug_info</name>
         <load_address>0x1082b</load_address>
         <run_address>0x1082b</run_address>
         <size>0x2a1</size>
         <input_file_ref idref="fl-11"/>
      </object_component>
      <object_component id="oc-27c">
         <name>.debug_info</name>
         <load_address>0x10acc</load_address>
         <run_address>0x10acc</run_address>
         <size>0x29f</size>
         <input_file_ref idref="fl-11"/>
      </object_component>
      <object_component id="oc-105">
         <name>.debug_info</name>
         <load_address>0x10d6b</load_address>
         <run_address>0x10d6b</run_address>
         <size>0x256</size>
         <input_file_ref idref="fl-11"/>
      </object_component>
      <object_component id="oc-10b">
         <name>.debug_info</name>
         <load_address>0x10fc1</load_address>
         <run_address>0x10fc1</run_address>
         <size>0x254</size>
         <input_file_ref idref="fl-11"/>
      </object_component>
      <object_component id="oc-2a6">
         <name>.debug_info</name>
         <load_address>0x11215</load_address>
         <run_address>0x11215</run_address>
         <size>0x27a</size>
         <input_file_ref idref="fl-11"/>
      </object_component>
      <object_component id="oc-29f">
         <name>.debug_info</name>
         <load_address>0x1148f</load_address>
         <run_address>0x1148f</run_address>
         <size>0x250</size>
         <input_file_ref idref="fl-11"/>
      </object_component>
      <object_component id="oc-245">
         <name>.debug_info</name>
         <load_address>0x116df</load_address>
         <run_address>0x116df</run_address>
         <size>0x25a</size>
         <input_file_ref idref="fl-11"/>
      </object_component>
      <object_component id="oc-12f">
         <name>.debug_info</name>
         <load_address>0x11939</load_address>
         <run_address>0x11939</run_address>
         <size>0x256</size>
         <input_file_ref idref="fl-11"/>
      </object_component>
      <object_component id="oc-13b">
         <name>.debug_info</name>
         <load_address>0x11b8f</load_address>
         <run_address>0x11b8f</run_address>
         <size>0x294</size>
         <input_file_ref idref="fl-11"/>
      </object_component>
      <object_component id="oc-129">
         <name>.debug_info</name>
         <load_address>0x11e23</load_address>
         <run_address>0x11e23</run_address>
         <size>0x260</size>
         <input_file_ref idref="fl-11"/>
      </object_component>
      <object_component id="oc-384">
         <name>.debug_info</name>
         <load_address>0x12083</load_address>
         <run_address>0x12083</run_address>
         <size>0x68b</size>
         <input_file_ref idref="fl-12"/>
      </object_component>
      <object_component id="oc-32e">
         <name>.debug_info</name>
         <load_address>0x1270e</load_address>
         <run_address>0x1270e</run_address>
         <size>0x12a</size>
         <input_file_ref idref="fl-12"/>
      </object_component>
      <object_component id="oc-1b3">
         <name>.debug_info</name>
         <load_address>0x12838</load_address>
         <run_address>0x12838</run_address>
         <size>0x1d1</size>
         <input_file_ref idref="fl-12"/>
      </object_component>
      <object_component id="oc-2be">
         <name>.debug_info</name>
         <load_address>0x12a09</load_address>
         <run_address>0x12a09</run_address>
         <size>0x1d3</size>
         <input_file_ref idref="fl-12"/>
      </object_component>
      <object_component id="oc-28d">
         <name>.debug_info</name>
         <load_address>0x12bdc</load_address>
         <run_address>0x12bdc</run_address>
         <size>0x215</size>
         <input_file_ref idref="fl-12"/>
      </object_component>
      <object_component id="oc-1a7">
         <name>.debug_info</name>
         <load_address>0x12df1</load_address>
         <run_address>0x12df1</run_address>
         <size>0x1d2</size>
         <input_file_ref idref="fl-12"/>
      </object_component>
      <object_component id="oc-2c4">
         <name>.debug_info</name>
         <load_address>0x12fc3</load_address>
         <run_address>0x12fc3</run_address>
         <size>0x1ac</size>
         <input_file_ref idref="fl-13"/>
      </object_component>
      <object_component id="oc-1b9">
         <name>.debug_info</name>
         <load_address>0x1316f</load_address>
         <run_address>0x1316f</run_address>
         <size>0x250</size>
         <input_file_ref idref="fl-13"/>
      </object_component>
      <object_component id="oc-376">
         <name>.debug_info</name>
         <load_address>0x133bf</load_address>
         <run_address>0x133bf</run_address>
         <size>0x5c5</size>
         <input_file_ref idref="fl-15"/>
      </object_component>
      <object_component id="oc-311">
         <name>.debug_info</name>
         <load_address>0x13984</load_address>
         <run_address>0x13984</run_address>
         <size>0x294</size>
         <input_file_ref idref="fl-15"/>
      </object_component>
      <object_component id="oc-2ad">
         <name>.debug_info</name>
         <load_address>0x13c18</load_address>
         <run_address>0x13c18</run_address>
         <size>0x26b</size>
         <input_file_ref idref="fl-16"/>
      </object_component>
      <object_component id="oc-135">
         <name>.debug_info</name>
         <load_address>0x13e83</load_address>
         <run_address>0x13e83</run_address>
         <size>0x1d6</size>
         <input_file_ref idref="fl-16"/>
      </object_component>
      <object_component id="oc-1ad">
         <name>.debug_info</name>
         <load_address>0x14059</load_address>
         <run_address>0x14059</run_address>
         <size>0x205</size>
         <input_file_ref idref="fl-16"/>
      </object_component>
      <object_component id="oc-111">
         <name>.debug_info</name>
         <load_address>0x1425e</load_address>
         <run_address>0x1425e</run_address>
         <size>0x210</size>
         <input_file_ref idref="fl-17"/>
      </object_component>
      <object_component id="oc-118">
         <name>.debug_info</name>
         <load_address>0x1446e</load_address>
         <run_address>0x1446e</run_address>
         <size>0x1d6</size>
         <input_file_ref idref="fl-17"/>
      </object_component>
      <object_component id="oc-329">
         <name>.debug_info</name>
         <load_address>0x14644</load_address>
         <run_address>0x14644</run_address>
         <size>0x6e7</size>
         <input_file_ref idref="fl-18"/>
      </object_component>
      <object_component id="oc-276">
         <name>.debug_info</name>
         <load_address>0x14d2b</load_address>
         <run_address>0x14d2b</run_address>
         <size>0x230</size>
         <input_file_ref idref="fl-18"/>
      </object_component>
      <object_component id="oc-36a">
         <name>.debug_info</name>
         <load_address>0x14f5b</load_address>
         <run_address>0x14f5b</run_address>
         <size>0x232</size>
         <input_file_ref idref="fl-18"/>
      </object_component>
      <object_component id="oc-f3">
         <name>.debug_info</name>
         <load_address>0x1518d</load_address>
         <run_address>0x1518d</run_address>
         <size>0x1f1</size>
         <input_file_ref idref="fl-18"/>
      </object_component>
      <object_component id="oc-282">
         <name>.debug_info</name>
         <load_address>0x1537e</load_address>
         <run_address>0x1537e</run_address>
         <size>0x1ef</size>
         <input_file_ref idref="fl-18"/>
      </object_component>
      <object_component id="oc-287">
         <name>.debug_info</name>
         <load_address>0x1556d</load_address>
         <run_address>0x1556d</run_address>
         <size>0x230</size>
         <input_file_ref idref="fl-18"/>
      </object_component>
      <object_component id="oc-211">
         <name>.debug_info</name>
         <load_address>0x1579d</load_address>
         <run_address>0x1579d</run_address>
         <size>0x225</size>
         <input_file_ref idref="fl-18"/>
      </object_component>
      <object_component id="oc-e6">
         <name>.debug_info</name>
         <load_address>0x159c2</load_address>
         <run_address>0x159c2</run_address>
         <size>0x268</size>
         <input_file_ref idref="fl-18"/>
      </object_component>
      <object_component id="oc-ec">
         <name>.debug_info</name>
         <load_address>0x15c2a</load_address>
         <run_address>0x15c2a</run_address>
         <size>0x221</size>
         <input_file_ref idref="fl-18"/>
      </object_component>
      <object_component id="oc-165">
         <name>.debug_info</name>
         <load_address>0x15e4b</load_address>
         <run_address>0x15e4b</run_address>
         <size>0x1c5</size>
         <input_file_ref idref="fl-19"/>
      </object_component>
      <object_component id="oc-339">
         <name>.debug_info</name>
         <load_address>0x16010</load_address>
         <run_address>0x16010</run_address>
         <size>0x195</size>
         <input_file_ref idref="fl-1a"/>
      </object_component>
      <object_component id="oc-2b7">
         <name>.debug_info</name>
         <load_address>0x161a5</load_address>
         <run_address>0x161a5</run_address>
         <size>0x196</size>
         <input_file_ref idref="fl-1a"/>
      </object_component>
      <object_component id="oc-340">
         <name>.debug_info</name>
         <load_address>0x1633b</load_address>
         <run_address>0x1633b</run_address>
         <size>0x190</size>
         <input_file_ref idref="fl-1a"/>
      </object_component>
      <object_component id="oc-ad">
         <name>.debug_info</name>
         <load_address>0x164cb</load_address>
         <run_address>0x164cb</run_address>
         <size>0x313</size>
         <input_file_ref idref="fl-d0"/>
      </object_component>
      <object_component id="oc-48">
         <name>.debug_info</name>
         <load_address>0x167de</load_address>
         <run_address>0x167de</run_address>
         <size>0x1aa</size>
         <input_file_ref idref="fl-d0"/>
      </object_component>
      <object_component id="oc-a8">
         <name>.debug_info</name>
         <load_address>0x16988</load_address>
         <run_address>0x16988</run_address>
         <size>0x46</size>
         <input_file_ref idref="fl-d0"/>
      </object_component>
      <object_component id="oc-15a">
         <name>.debug_info</name>
         <load_address>0x169ce</load_address>
         <run_address>0x169ce</run_address>
         <size>0x2c</size>
         <input_file_ref idref="fl-d0"/>
      </object_component>
      <object_component id="oc-27">
         <name>.debug_info</name>
         <load_address>0x169fa</load_address>
         <run_address>0x169fa</run_address>
         <size>0x100</size>
         <input_file_ref idref="fl-d3"/>
      </object_component>
      <object_component id="oc-53">
         <name>.debug_info</name>
         <load_address>0x16afa</load_address>
         <run_address>0x16afa</run_address>
         <size>0x1a4</size>
         <input_file_ref idref="fl-d3"/>
      </object_component>
      <object_component id="oc-af">
         <name>.debug_info</name>
         <load_address>0x16c9e</load_address>
         <run_address>0x16c9e</run_address>
         <size>0x13f</size>
         <input_file_ref idref="fl-d4"/>
      </object_component>
      <object_component id="oc-2e5">
         <name>.debug_info</name>
         <load_address>0x16ddd</load_address>
         <run_address>0x16ddd</run_address>
         <size>0x547</size>
         <input_file_ref idref="fl-d6"/>
      </object_component>
      <object_component id="oc-1d5">
         <name>.debug_info</name>
         <load_address>0x17324</load_address>
         <run_address>0x17324</run_address>
         <size>0x19b</size>
         <input_file_ref idref="fl-d6"/>
      </object_component>
      <object_component id="oc-356">
         <name>.debug_info</name>
         <load_address>0x174bf</load_address>
         <run_address>0x174bf</run_address>
         <size>0x39</size>
         <input_file_ref idref="fl-d6"/>
      </object_component>
      <object_component id="oc-38a">
         <name>.debug_info</name>
         <load_address>0x174f8</load_address>
         <run_address>0x174f8</run_address>
         <size>0x39</size>
         <input_file_ref idref="fl-d6"/>
      </object_component>
      <object_component id="oc-35b">
         <name>.debug_info</name>
         <load_address>0x17531</load_address>
         <run_address>0x17531</run_address>
         <size>0x39</size>
         <input_file_ref idref="fl-d6"/>
      </object_component>
      <object_component id="oc-360">
         <name>.debug_info</name>
         <load_address>0x1756a</load_address>
         <run_address>0x1756a</run_address>
         <size>0xcd</size>
         <input_file_ref idref="fl-d6"/>
      </object_component>
      <object_component id="oc-b7">
         <name>.debug_info</name>
         <load_address>0x17637</load_address>
         <run_address>0x17637</run_address>
         <size>0x148</size>
         <input_file_ref idref="fl-d7"/>
      </object_component>
      <object_component id="oc-1ca">
         <name>.debug_info</name>
         <load_address>0x1777f</load_address>
         <run_address>0x1777f</run_address>
         <size>0x117</size>
         <input_file_ref idref="fl-d9"/>
      </object_component>
      <object_component id="oc-3cc">
         <name>.debug_info</name>
         <load_address>0x17896</load_address>
         <run_address>0x17896</run_address>
         <size>0x9b</size>
      </object_component>
      <object_component id="oc-2ca">
         <name>.debug_line</name>
         <load_address>0x0</load_address>
         <run_address>0x0</run_address>
         <size>0x315</size>
         <input_file_ref idref="fl-2"/>
      </object_component>
      <object_component id="oc-208">
         <name>.debug_line</name>
         <load_address>0x315</load_address>
         <run_address>0x315</run_address>
         <size>0x2d</size>
         <input_file_ref idref="fl-2"/>
      </object_component>
      <object_component id="oc-30f">
         <name>.debug_line</name>
         <load_address>0x342</load_address>
         <run_address>0x342</run_address>
         <size>0x2d</size>
         <input_file_ref idref="fl-2"/>
      </object_component>
      <object_component id="oc-332">
         <name>.debug_line</name>
         <load_address>0x36f</load_address>
         <run_address>0x36f</run_address>
         <size>0x2d</size>
         <input_file_ref idref="fl-2"/>
      </object_component>
      <object_component id="oc-16d">
         <name>.debug_line</name>
         <load_address>0x39c</load_address>
         <run_address>0x39c</run_address>
         <size>0x49</size>
         <input_file_ref idref="fl-2"/>
      </object_component>
      <object_component id="oc-11e">
         <name>.debug_line</name>
         <load_address>0x3e5</load_address>
         <run_address>0x3e5</run_address>
         <size>0x4d</size>
         <input_file_ref idref="fl-2"/>
      </object_component>
      <object_component id="oc-e1">
         <name>.debug_line</name>
         <load_address>0x432</load_address>
         <run_address>0x432</run_address>
         <size>0x5a</size>
         <input_file_ref idref="fl-2"/>
      </object_component>
      <object_component id="oc-18b">
         <name>.debug_line</name>
         <load_address>0x48c</load_address>
         <run_address>0x48c</run_address>
         <size>0x48</size>
         <input_file_ref idref="fl-2"/>
      </object_component>
      <object_component id="oc-17f">
         <name>.debug_line</name>
         <load_address>0x4d4</load_address>
         <run_address>0x4d4</run_address>
         <size>0x49</size>
         <input_file_ref idref="fl-2"/>
      </object_component>
      <object_component id="oc-185">
         <name>.debug_line</name>
         <load_address>0x51d</load_address>
         <run_address>0x51d</run_address>
         <size>0x4c</size>
         <input_file_ref idref="fl-2"/>
      </object_component>
      <object_component id="oc-1a3">
         <name>.debug_line</name>
         <load_address>0x569</load_address>
         <run_address>0x569</run_address>
         <size>0x50</size>
         <input_file_ref idref="fl-2"/>
      </object_component>
      <object_component id="oc-191">
         <name>.debug_line</name>
         <load_address>0x5b9</load_address>
         <run_address>0x5b9</run_address>
         <size>0x51</size>
         <input_file_ref idref="fl-2"/>
      </object_component>
      <object_component id="oc-173">
         <name>.debug_line</name>
         <load_address>0x60a</load_address>
         <run_address>0x60a</run_address>
         <size>0x46</size>
         <input_file_ref idref="fl-2"/>
      </object_component>
      <object_component id="oc-179">
         <name>.debug_line</name>
         <load_address>0x650</load_address>
         <run_address>0x650</run_address>
         <size>0x50</size>
         <input_file_ref idref="fl-2"/>
      </object_component>
      <object_component id="oc-197">
         <name>.debug_line</name>
         <load_address>0x6a0</load_address>
         <run_address>0x6a0</run_address>
         <size>0x67</size>
         <input_file_ref idref="fl-2"/>
      </object_component>
      <object_component id="oc-19d">
         <name>.debug_line</name>
         <load_address>0x707</load_address>
         <run_address>0x707</run_address>
         <size>0x45</size>
         <input_file_ref idref="fl-2"/>
      </object_component>
      <object_component id="oc-be">
         <name>.debug_line</name>
         <load_address>0x74c</load_address>
         <run_address>0x74c</run_address>
         <size>0x71</size>
         <input_file_ref idref="fl-2"/>
      </object_component>
      <object_component id="oc-7a">
         <name>.debug_line</name>
         <load_address>0x7bd</load_address>
         <run_address>0x7bd</run_address>
         <size>0x4c</size>
         <input_file_ref idref="fl-2"/>
      </object_component>
      <object_component id="oc-74">
         <name>.debug_line</name>
         <load_address>0x809</load_address>
         <run_address>0x809</run_address>
         <size>0x4c</size>
         <input_file_ref idref="fl-2"/>
      </object_component>
      <object_component id="oc-100">
         <name>.debug_line</name>
         <load_address>0x855</load_address>
         <run_address>0x855</run_address>
         <size>0x56</size>
         <input_file_ref idref="fl-2"/>
      </object_component>
      <object_component id="oc-143">
         <name>.debug_line</name>
         <load_address>0x8ab</load_address>
         <run_address>0x8ab</run_address>
         <size>0x5f</size>
         <input_file_ref idref="fl-2"/>
      </object_component>
      <object_component id="oc-92">
         <name>.debug_line</name>
         <load_address>0x90a</load_address>
         <run_address>0x90a</run_address>
         <size>0x5d</size>
         <input_file_ref idref="fl-2"/>
      </object_component>
      <object_component id="oc-8c">
         <name>.debug_line</name>
         <load_address>0x967</load_address>
         <run_address>0x967</run_address>
         <size>0xa7</size>
         <input_file_ref idref="fl-2"/>
      </object_component>
      <object_component id="oc-80">
         <name>.debug_line</name>
         <load_address>0xa0e</load_address>
         <run_address>0xa0e</run_address>
         <size>0x26b</size>
         <input_file_ref idref="fl-2"/>
      </object_component>
      <object_component id="oc-86">
         <name>.debug_line</name>
         <load_address>0xc79</load_address>
         <run_address>0xc79</run_address>
         <size>0x4a</size>
         <input_file_ref idref="fl-2"/>
      </object_component>
      <object_component id="oc-1c6">
         <name>.debug_line</name>
         <load_address>0xcc3</load_address>
         <run_address>0xcc3</run_address>
         <size>0x2d</size>
         <input_file_ref idref="fl-2"/>
      </object_component>
      <object_component id="oc-2ce">
         <name>.debug_line</name>
         <load_address>0xcf0</load_address>
         <run_address>0xcf0</run_address>
         <size>0x7b</size>
         <input_file_ref idref="fl-2"/>
      </object_component>
      <object_component id="oc-151">
         <name>.debug_line</name>
         <load_address>0xd6b</load_address>
         <run_address>0xd6b</run_address>
         <size>0x69</size>
         <input_file_ref idref="fl-2"/>
      </object_component>
      <object_component id="oc-2d3">
         <name>.debug_line</name>
         <load_address>0xdd4</load_address>
         <run_address>0xdd4</run_address>
         <size>0x78</size>
         <input_file_ref idref="fl-2"/>
      </object_component>
      <object_component id="oc-124">
         <name>.debug_line</name>
         <load_address>0xe4c</load_address>
         <run_address>0xe4c</run_address>
         <size>0x20</size>
         <input_file_ref idref="fl-2"/>
      </object_component>
      <object_component id="oc-20c">
         <name>.debug_line</name>
         <load_address>0xe6c</load_address>
         <run_address>0xe6c</run_address>
         <size>0x6d</size>
         <input_file_ref idref="fl-2"/>
      </object_component>
      <object_component id="oc-149">
         <name>.debug_line</name>
         <load_address>0xed9</load_address>
         <run_address>0xed9</run_address>
         <size>0x69</size>
         <input_file_ref idref="fl-2"/>
      </object_component>
      <object_component id="oc-db">
         <name>.debug_line</name>
         <load_address>0xf42</load_address>
         <run_address>0xf42</run_address>
         <size>0x6a</size>
         <input_file_ref idref="fl-2"/>
      </object_component>
      <object_component id="oc-2d8">
         <name>.debug_line</name>
         <load_address>0xfac</load_address>
         <run_address>0xfac</run_address>
         <size>0x7a</size>
         <input_file_ref idref="fl-2"/>
      </object_component>
      <object_component id="oc-309">
         <name>.debug_line</name>
         <load_address>0x1026</load_address>
         <run_address>0x1026</run_address>
         <size>0x7a</size>
         <input_file_ref idref="fl-3"/>
      </object_component>
      <object_component id="oc-307">
         <name>.debug_line</name>
         <load_address>0x10a0</load_address>
         <run_address>0x10a0</run_address>
         <size>0x2f</size>
         <input_file_ref idref="fl-3"/>
      </object_component>
      <object_component id="oc-300">
         <name>.debug_line</name>
         <load_address>0x10cf</load_address>
         <run_address>0x10cf</run_address>
         <size>0x44</size>
         <input_file_ref idref="fl-3"/>
      </object_component>
      <object_component id="oc-21c">
         <name>.debug_line</name>
         <load_address>0x1113</load_address>
         <run_address>0x1113</run_address>
         <size>0x4c</size>
         <input_file_ref idref="fl-3"/>
      </object_component>
      <object_component id="oc-222">
         <name>.debug_line</name>
         <load_address>0x115f</load_address>
         <run_address>0x115f</run_address>
         <size>0x46</size>
         <input_file_ref idref="fl-3"/>
      </object_component>
      <object_component id="oc-228">
         <name>.debug_line</name>
         <load_address>0x11a5</load_address>
         <run_address>0x11a5</run_address>
         <size>0x68</size>
         <input_file_ref idref="fl-3"/>
      </object_component>
      <object_component id="oc-22e">
         <name>.debug_line</name>
         <load_address>0x120d</load_address>
         <run_address>0x120d</run_address>
         <size>0x46</size>
         <input_file_ref idref="fl-3"/>
      </object_component>
      <object_component id="oc-fa">
         <name>.debug_line</name>
         <load_address>0x1253</load_address>
         <run_address>0x1253</run_address>
         <size>0x9e</size>
         <input_file_ref idref="fl-3"/>
      </object_component>
      <object_component id="oc-32">
         <name>.debug_line</name>
         <load_address>0x12f1</load_address>
         <run_address>0x12f1</run_address>
         <size>0x20</size>
         <input_file_ref idref="fl-3"/>
      </object_component>
      <object_component id="oc-238">
         <name>.debug_line</name>
         <load_address>0x1311</load_address>
         <run_address>0x1311</run_address>
         <size>0x65</size>
         <input_file_ref idref="fl-3"/>
      </object_component>
      <object_component id="oc-cd">
         <name>.debug_line</name>
         <load_address>0x1376</load_address>
         <run_address>0x1376</run_address>
         <size>0x66</size>
         <input_file_ref idref="fl-4"/>
      </object_component>
      <object_component id="oc-14d">
         <name>.debug_line</name>
         <load_address>0x13dc</load_address>
         <run_address>0x13dc</run_address>
         <size>0x44</size>
         <input_file_ref idref="fl-5"/>
      </object_component>
      <object_component id="oc-95">
         <name>.debug_line</name>
         <load_address>0x1420</load_address>
         <run_address>0x1420</run_address>
         <size>0x44</size>
         <input_file_ref idref="fl-5"/>
      </object_component>
      <object_component id="oc-65">
         <name>.debug_line</name>
         <load_address>0x1464</load_address>
         <run_address>0x1464</run_address>
         <size>0x5d</size>
         <input_file_ref idref="fl-5"/>
      </object_component>
      <object_component id="oc-6e">
         <name>.debug_line</name>
         <load_address>0x14c1</load_address>
         <run_address>0x14c1</run_address>
         <size>0x59</size>
         <input_file_ref idref="fl-5"/>
      </object_component>
      <object_component id="oc-37a">
         <name>.debug_line</name>
         <load_address>0x151a</load_address>
         <run_address>0x151a</run_address>
         <size>0x8b</size>
         <input_file_ref idref="fl-10"/>
      </object_component>
      <object_component id="oc-25c">
         <name>.debug_line</name>
         <load_address>0x15a5</load_address>
         <run_address>0x15a5</run_address>
         <size>0xe2</size>
         <input_file_ref idref="fl-10"/>
      </object_component>
      <object_component id="oc-262">
         <name>.debug_line</name>
         <load_address>0x1687</load_address>
         <run_address>0x1687</run_address>
         <size>0x69</size>
         <input_file_ref idref="fl-10"/>
      </object_component>
      <object_component id="oc-31a">
         <name>.debug_line</name>
         <load_address>0x16f0</load_address>
         <run_address>0x16f0</run_address>
         <size>0x69</size>
         <input_file_ref idref="fl-10"/>
      </object_component>
      <object_component id="oc-320">
         <name>.debug_line</name>
         <load_address>0x1759</load_address>
         <run_address>0x1759</run_address>
         <size>0x7e</size>
         <input_file_ref idref="fl-10"/>
      </object_component>
      <object_component id="oc-256">
         <name>.debug_line</name>
         <load_address>0x17d7</load_address>
         <run_address>0x17d7</run_address>
         <size>0xd5</size>
         <input_file_ref idref="fl-10"/>
      </object_component>
      <object_component id="oc-373">
         <name>.debug_line</name>
         <load_address>0x18ac</load_address>
         <run_address>0x18ac</run_address>
         <size>0x51</size>
         <input_file_ref idref="fl-10"/>
      </object_component>
      <object_component id="oc-37e">
         <name>.debug_line</name>
         <load_address>0x18fd</load_address>
         <run_address>0x18fd</run_address>
         <size>0x55</size>
         <input_file_ref idref="fl-10"/>
      </object_component>
      <object_component id="oc-36f">
         <name>.debug_line</name>
         <load_address>0x1952</load_address>
         <run_address>0x1952</run_address>
         <size>0x56</size>
         <input_file_ref idref="fl-11"/>
      </object_component>
      <object_component id="oc-30b">
         <name>.debug_line</name>
         <load_address>0x19a8</load_address>
         <run_address>0x19a8</run_address>
         <size>0x51</size>
         <input_file_ref idref="fl-11"/>
      </object_component>
      <object_component id="oc-267">
         <name>.debug_line</name>
         <load_address>0x19f9</load_address>
         <run_address>0x19f9</run_address>
         <size>0x6e</size>
         <input_file_ref idref="fl-11"/>
      </object_component>
      <object_component id="oc-299">
         <name>.debug_line</name>
         <load_address>0x1a67</load_address>
         <run_address>0x1a67</run_address>
         <size>0x6f</size>
         <input_file_ref idref="fl-11"/>
      </object_component>
      <object_component id="oc-26e">
         <name>.debug_line</name>
         <load_address>0x1ad6</load_address>
         <run_address>0x1ad6</run_address>
         <size>0x78</size>
         <input_file_ref idref="fl-11"/>
      </object_component>
      <object_component id="oc-27b">
         <name>.debug_line</name>
         <load_address>0x1b4e</load_address>
         <run_address>0x1b4e</run_address>
         <size>0x78</size>
         <input_file_ref idref="fl-11"/>
      </object_component>
      <object_component id="oc-104">
         <name>.debug_line</name>
         <load_address>0x1bc6</load_address>
         <run_address>0x1bc6</run_address>
         <size>0x6c</size>
         <input_file_ref idref="fl-11"/>
      </object_component>
      <object_component id="oc-10a">
         <name>.debug_line</name>
         <load_address>0x1c32</load_address>
         <run_address>0x1c32</run_address>
         <size>0x6c</size>
         <input_file_ref idref="fl-11"/>
      </object_component>
      <object_component id="oc-2a5">
         <name>.debug_line</name>
         <load_address>0x1c9e</load_address>
         <run_address>0x1c9e</run_address>
         <size>0x73</size>
         <input_file_ref idref="fl-11"/>
      </object_component>
      <object_component id="oc-29e">
         <name>.debug_line</name>
         <load_address>0x1d11</load_address>
         <run_address>0x1d11</run_address>
         <size>0x6c</size>
         <input_file_ref idref="fl-11"/>
      </object_component>
      <object_component id="oc-244">
         <name>.debug_line</name>
         <load_address>0x1d7d</load_address>
         <run_address>0x1d7d</run_address>
         <size>0x6c</size>
         <input_file_ref idref="fl-11"/>
      </object_component>
      <object_component id="oc-12e">
         <name>.debug_line</name>
         <load_address>0x1de9</load_address>
         <run_address>0x1de9</run_address>
         <size>0x6c</size>
         <input_file_ref idref="fl-11"/>
      </object_component>
      <object_component id="oc-13a">
         <name>.debug_line</name>
         <load_address>0x1e55</load_address>
         <run_address>0x1e55</run_address>
         <size>0x70</size>
         <input_file_ref idref="fl-11"/>
      </object_component>
      <object_component id="oc-128">
         <name>.debug_line</name>
         <load_address>0x1ec5</load_address>
         <run_address>0x1ec5</run_address>
         <size>0x78</size>
         <input_file_ref idref="fl-11"/>
      </object_component>
      <object_component id="oc-39a">
         <name>.debug_line</name>
         <load_address>0x1f3d</load_address>
         <run_address>0x1f3d</run_address>
         <size>0x50</size>
         <input_file_ref idref="fl-12"/>
      </object_component>
      <object_component id="oc-383">
         <name>.debug_line</name>
         <load_address>0x1f8d</load_address>
         <run_address>0x1f8d</run_address>
         <size>0x56</size>
         <input_file_ref idref="fl-12"/>
      </object_component>
      <object_component id="oc-1b5">
         <name>.debug_line</name>
         <load_address>0x1fe3</load_address>
         <run_address>0x1fe3</run_address>
         <size>0x6e</size>
         <input_file_ref idref="fl-12"/>
      </object_component>
      <object_component id="oc-2c0">
         <name>.debug_line</name>
         <load_address>0x2051</load_address>
         <run_address>0x2051</run_address>
         <size>0x6e</size>
         <input_file_ref idref="fl-12"/>
      </object_component>
      <object_component id="oc-28f">
         <name>.debug_line</name>
         <load_address>0x20bf</load_address>
         <run_address>0x20bf</run_address>
         <size>0x95</size>
         <input_file_ref idref="fl-12"/>
[...]
      </symbol>
      <symbol id="sm-236">
         <name>index_TransmitNext</name>
         <value>0x20000804</value>
      </symbol>
      <symbol id="sm-237">
         <name>configTimerA3PWMForADC</name>
         <value>0x1cf9</value>
         <object_component_ref idref="oc-187"/>
      </symbol>
      <symbol id="sm-238">
         <name>uartConfig</name>
         <value>0x207c</value>
         <object_component_ref idref="oc-291"/>
      </symbol>
      <symbol id="sm-239">
         <name>TA2_0_IRQHandler</name>
         <value>0x1e8d</value>
         <object_component_ref idref="oc-76"/>
      </symbol>
      <symbol id="sm-23a">
         <name>packageDataOntoBuffer</name>
         <value>0x10d9</value>
         <object_component_ref idref="oc-dd"/>
      </symbol>
      <symbol id="sm-23b">
         <name>configTA0forMotorPWM</name>
         <value>0x15a9</value>
         <object_component_ref idref="oc-175"/>
      </symbol>
      <symbol id="sm-23c">
         <name>currentK</name>
         <value>0x1d29</value>
         <object_component_ref idref="oc-11a"/>
      </symbol>
      <symbol id="sm-23d">
         <name>updatePIDController</name>
         <value>0xb79</value>
         <object_component_ref idref="oc-13f"/>
      </symbol>
      <symbol id="sm-23e">
         <name>main</name>
         <value>0xded</value>
         <object_component_ref idref="oc-ba"/>
      </symbol>
      <symbol id="sm-23f">
         <name>configTA2andGPIOsForUltrasoundDistSensor</name>
         <value>0x1529</value>
         <object_component_ref idref="oc-18d"/>
      </symbol>
      <symbol id="sm-240">
         <name>ADC14_IRQHandler</name>
         <value>0x1b35</value>
         <object_component_ref idref="oc-82"/>
      </symbol>
      <symbol id="sm-241">
         <name>configADC</name>
         <value>0x1931</value>
         <object_component_ref idref="oc-181"/>
      </symbol>
      <symbol id="sm-242">
         <name>EUSCIA0_IRQHandler</name>
         <value>0xe5</value>
         <object_component_ref idref="oc-7c"/>
      </symbol>
      <symbol id="sm-243">
         <name>PORT5_IRQHandler</name>
         <value>0x685</value>
         <object_component_ref idref="oc-88"/>
      </symbol>
      <symbol id="sm-244">
         <name>TA1_0_IRQHandler</name>
         <value>0x1a8d</value>
         <object_component_ref idref="oc-70"/>
      </symbol>
      <symbol id="sm-245">
         <name>configTA1forLiveTuning</name>
         <value>0x1795</value>
         <object_component_ref idref="oc-19f"/>
      </symbol>
      <symbol id="sm-246">
         <name>PORT6_IRQHandler</name>
         <value>0x139d</value>
         <object_component_ref idref="oc-8e"/>
      </symbol>
      <symbol id="sm-247">
         <name>configGPIOOutput</name>
         <value>0x1efd</value>
         <object_component_ref idref="oc-16f"/>
      </symbol>
      <symbol id="sm-248">
         <name>configUART</name>
         <value>0x1c05</value>
         <object_component_ref idref="oc-17b"/>
      </symbol>
      <symbol id="sm-249">
         <name>configClocks</name>
         <value>0x1bd1</value>
         <object_component_ref idref="oc-169"/>
      </symbol>
      <symbol id="sm-24a">
         <name>driveIndefinitely</name>
         <value>0x1875</value>
         <object_component_ref idref="oc-fc"/>
      </symbol>
      <symbol id="sm-24b">
         <name>configEncoderGPIOInputs</name>
         <value>0x1015</value>
         <object_component_ref idref="oc-193"/>
      </symbol>
      <symbol id="sm-24c">
         <name>configT32_1ForEncoder</name>
         <value>0x1f6d</value>
         <object_component_ref idref="oc-199"/>
      </symbol>
      <symbol id="sm-2b0">
         <name>puts</name>
         <value>0x1e69</value>
         <object_component_ref idref="oc-218"/>
      </symbol>
      <symbol id="sm-2b1">
         <name>putc</name>
         <value>0x1f95</value>
         <object_component_ref idref="oc-21e"/>
      </symbol>
      <symbol id="sm-2b2">
         <name>printf</name>
         <value>0xa11</value>
         <object_component_ref idref="oc-f6"/>
      </symbol>
      <symbol id="sm-2b3">
         <name>sendByte</name>
         <value>0x1f81</value>
         <object_component_ref idref="oc-2fb"/>
      </symbol>
      <symbol id="sm-2c6">
         <name>SystemInit</name>
         <value>0x171d</value>
         <object_component_ref idref="oc-cc"/>
      </symbol>
      <symbol id="sm-2e2">
         <name>Reset_Handler</name>
         <value>0x1fff</value>
         <object_component_ref idref="oc-64"/>
      </symbol>
      <symbol id="sm-2e3">
         <name>Default_Handler</name>
         <value>0x171b</value>
         <object_component_ref idref="oc-6a"/>
      </symbol>
      <symbol id="sm-2e4">
         <name>interruptVectors</name>
         <value>0x0</value>
         <object_component_ref idref="oc-23"/>
      </symbol>
      <symbol id="sm-35f">
         <name>CS_setDCOFrequency</name>
         <value>0x875</value>
         <object_component_ref idref="oc-252"/>
      </symbol>
      <symbol id="sm-360">
         <name>CS_setDCOCenteredFrequency</name>
         <value>0x1b69</value>
         <object_component_ref idref="oc-316"/>
      </symbol>
      <symbol id="sm-361">
         <name>CS_setReferenceOscillatorFrequency</name>
         <value>0x1c39</value>
         <object_component_ref idref="oc-25e"/>
      </symbol>
      <symbol id="sm-362">
         <name>CS_tuneDCOFrequency</name>
         <value>0x1205</value>
         <object_component_ref idref="oc-31c"/>
      </symbol>
      <symbol id="sm-363">
         <name>CS_initClockSignal</name>
         <value>0xcbd</value>
         <object_component_ref idref="oc-258"/>
      </symbol>
      <symbol id="sm-3fe">
         <name>GPIO_setAsInputPin</name>
         <value>0x1981</value>
         <object_component_ref idref="oc-297"/>
      </symbol>
      <symbol id="sm-3ff">
         <name>GPIO_setOutputHighOnPin</name>
         <value>0x1da9</value>
         <object_component_ref idref="oc-102"/>
      </symbol>
      <symbol id="sm-400">
         <name>GPIO_getInterruptStatus</name>
         <value>0x1e21</value>
         <object_component_ref idref="oc-243"/>
      </symbol>
      <symbol id="sm-401">
         <name>GPIO_enableInterrupt</name>
         <value>0x1d81</value>
         <object_component_ref idref="oc-29d"/>
      </symbol>
      <symbol id="sm-402">
         <name>GPIO_getEnabledInterruptStatus</name>
         <value>0x1425</value>
         <object_component_ref idref="oc-127"/>
      </symbol>
      <symbol id="sm-403">
         <name>GPIO_setAsOutputPin</name>
         <value>0x1a11</value>
         <object_component_ref idref="oc-265"/>
      </symbol>
      <symbol id="sm-404">
         <name>GPIO_interruptEdgeSelect</name>
         <value>0x1a51</value>
         <object_component_ref idref="oc-139"/>
      </symbol>
      <symbol id="sm-405">
         <name>GPIO_setOutputLowOnPin</name>
         <value>0x1dd1</value>
         <object_component_ref idref="oc-108"/>
      </symbol>
      <symbol id="sm-406">
         <name>GPIO_clearInterruptFlag</name>
         <value>0x1d59</value>
         <object_component_ref idref="oc-12d"/>
      </symbol>
      <symbol id="sm-407">
         <name>GPIO_setAsPeripheralModuleFunctionOutputPin</name>
         <value>0x1315</value>
         <object_component_ref idref="oc-26c"/>
      </symbol>
      <symbol id="sm-408">
         <name>GPIO_getInputPinValue</name>
         <value>0x1c69</value>
         <object_component_ref idref="oc-2a4"/>
      </symbol>
      <symbol id="sm-409">
         <name>GPIO_setAsPeripheralModuleFunctionInputPin</name>
         <value>0x128d</value>
         <object_component_ref idref="oc-279"/>
      </symbol>
      <symbol id="sm-442">
         <name>Interrupt_disableMaster</name>
         <value>0x1fa7</value>
         <object_component_ref idref="oc-2bc"/>
      </symbol>
      <symbol id="sm-443">
         <name>Interrupt_enableMaster</name>
         <value>0x1fc9</value>
         <object_component_ref idref="oc-1b1"/>
      </symbol>
      <symbol id="sm-444">
         <name>Interrupt_enableInterrupt</name>
         <value>0x14a9</value>
         <object_component_ref idref="oc-28b"/>
      </symbol>
      <symbol id="sm-445">
         <name>Interrupt_disableSleepOnIsrExit</name>
         <value>0x1fb9</value>
         <object_component_ref idref="oc-1a5"/>
      </symbol>
      <symbol id="sm-45c">
         <name>PCM_gotoLPM0InterruptSafe</name>
         <value>0x1ead</value>
         <object_component_ref idref="oc-1b7"/>
      </symbol>
      <symbol id="sm-45d">
         <name>PCM_gotoLPM0</name>
         <value>0x1df9</value>
         <object_component_ref idref="oc-2c2"/>
      </symbol>
      <symbol id="sm-474">
         <name>SysCtl_A_getTLVInfo</name>
         <value>0x1171</value>
         <object_component_ref idref="oc-310"/>
      </symbol>
      <symbol id="sm-499">
         <name>Timer32_startTimer</name>
         <value>0x1ac5</value>
         <object_component_ref idref="oc-1ab"/>
      </symbol>
      <symbol id="sm-49a">
         <name>Timer32_getValue</name>
         <value>0x1fd9</value>
         <object_component_ref idref="oc-133"/>
      </symbol>
      <symbol id="sm-49b">
         <name>Timer32_initModule</name>
         <value>0x180d</value>
         <object_component_ref idref="oc-2ab"/>
      </symbol>
      <symbol id="sm-4ad">
         <name>Timer_A_startCounter</name>
         <value>0x1f15</value>
         <object_component_ref idref="oc-10e"/>
      </symbol>
      <symbol id="sm-4ae">
         <name>Timer_A_stopTimer</name>
         <value>0x1f57</value>
         <object_component_ref idref="oc-114"/>
      </symbol>
      <symbol id="sm-50f">
         <name>UART_enableInterrupt</name>
         <value>0x1c99</value>
         <object_component_ref idref="oc-285"/>
      </symbol>
      <symbol id="sm-510">
         <name>UART_receiveData</name>
         <value>0x1cc9</value>
         <object_component_ref idref="oc-f0"/>
      </symbol>
      <symbol id="sm-511">
         <name>UART_enableModule</name>
         <value>0x1f41</value>
         <object_component_ref idref="oc-27f"/>
      </symbol>
      <symbol id="sm-512">
         <name>UART_getEnabledInterruptStatus</name>
         <value>0x18d9</value>
         <object_component_ref idref="oc-e4"/>
      </symbol>
      <symbol id="sm-513">
         <name>UART_transmitData</name>
         <value>0x1b9d</value>
         <object_component_ref idref="oc-367"/>
      </symbol>
      <symbol id="sm-514">
         <name>UART_getInterruptStatus</name>
         <value>0x1ee5</value>
         <object_component_ref idref="oc-20f"/>
      </symbol>
      <symbol id="sm-515">
         <name>UART_initModule</name>
         <value>0xf19</value>
         <object_component_ref idref="oc-273"/>
      </symbol>
      <symbol id="sm-516">
         <name>UART_clearInterruptFlag</name>
         <value>0x1f2b</value>
         <object_component_ref idref="oc-ea"/>
      </symbol>
      <symbol id="sm-522">
         <name>WDT_A_holdTimer</name>
         <value>0x1e45</value>
         <object_component_ref idref="oc-163"/>
      </symbol>
      <symbol id="sm-53c">
         <name>CPU_wfi</name>
         <value>0x2017</value>
         <object_component_ref idref="oc-33f"/>
      </symbol>
      <symbol id="sm-53d">
         <name>CPU_cpsie</name>
         <value>0x1ff3</value>
         <object_component_ref idref="oc-2b5"/>
      </symbol>
      <symbol id="sm-53e">
         <name>CPU_cpsid</name>
         <value>0x1fe7</value>
         <object_component_ref idref="oc-338"/>
      </symbol>
      <symbol id="sm-555">
         <name>__TI_zero_init</name>
         <value>0x200b</value>
         <object_component_ref idref="oc-46"/>
      </symbol>
      <symbol id="sm-56a">
         <name>__stack</name>
         <value>0x2000fe00</value>
         <object_component_ref idref="oc-26"/>
      </symbol>
      <symbol id="sm-56b">
         <name>_c_int00_noargs</name>
         <value>0x1afd</value>
         <object_component_ref idref="oc-52"/>
      </symbol>
      <symbol id="sm-57a">
         <name>__aeabi_memset</name>
         <value>0x16a3</value>
         <object_component_ref idref="oc-ae"/>
      </symbol>
      <symbol id="sm-57b">
         <name>memset</name>
         <value>0x16a9</value>
         <object_component_ref idref="oc-ae"/>
      </symbol>
      <symbol id="sm-57c">
         <name>__aeabi_memset8</name>
         <value>0x16a3</value>
         <object_component_ref idref="oc-ae"/>
      </symbol>
      <symbol id="sm-57d">
         <name>__aeabi_memset4</name>
         <value>0x16a3</value>
         <object_component_ref idref="oc-ae"/>
      </symbol>
      <symbol id="sm-57e">
         <name>__aeabi_memclr8</name>
         <value>0x16a1</value>
         <object_component_ref idref="oc-ae"/>
      </symbol>
      <symbol id="sm-57f">
         <name>__aeabi_memclr4</name>
         <value>0x16a1</value>
         <object_component_ref idref="oc-ae"/>
      </symbol>
      <symbol id="sm-580">
         <name>__aeabi_memclr</name>
         <value>0x16a1</value>
         <object_component_ref idref="oc-ae"/>
      </symbol>
      <symbol id="sm-5a9">
         <name>__TI_auto_init_nobinit_nopinit</name>
         <value>0x19cd</value>
         <object_component_ref idref="oc-1d4"/>
      </symbol>
      <symbol id="sm-5b3">
         <name>_system_pre_init</name>
         <value>0x201b</value>
         <object_component_ref idref="oc-b4"/>
      </symbol>
      <symbol id="sm-5bf">
         <name>C$$EXIT</name>
         <value>0x201f</value>
         <object_component_ref idref="oc-1c8"/>
      </symbol>
      <symbol id="sm-5c0">
         <name>abort</name>
         <value>0x201f</value>
         <object_component_ref idref="oc-1c8"/>
      </symbol>
      <symbol id="sm-5c3">
         <name>__TI_static_base__</name>
         <value>0x0</value>
      </symbol>
      <symbol id="sm-5c5">
         <name>__mpu_init</name>
         <value>0x0</value>
      </symbol>
      <symbol id="sm-5c6">
         <name>_system_post_cinit</name>
         <value>0x0</value>
      </symbol>
      <symbol id="sm-5c7">
         <name>NMI_Handler</name>
         <value>0x171b</value>
      </symbol>
      <symbol id="sm-5c8">
         <name>HardFault_Handler</name>
         <value>0x171b</value>
      </symbol>
      <symbol id="sm-5c9">
         <name>MemManage_Handler</name>
         <value>0x171b</value>
      </symbol>
      <symbol id="sm-5ca">
         <name>BusFault_Handler</name>
         <value>0x171b</value>
      </symbol>
      <symbol id="sm-5cb">
         <name>UsageFault_Handler</name>
         <value>0x171b</value>
      </symbol>
      <symbol id="sm-5cc">
         <name>SVC_Handler</name>
         <value>0x171b</value>
      </symbol>
      <symbol id="sm-5cd">
         <name>DebugMon_Handler</name>
         <value>0x171b</value>
      </symbol>
      <symbol id="sm-5ce">
         <name>PendSV_Handler</name>
         <value>0x171b</value>
      </symbol>
      <symbol id="sm-5cf">
         <name>SysTick_Handler</name>
         <value>0x171b</value>
      </symbol>
      <symbol id="sm-5d0">
         <name>PSS_IRQHandler</name>
         <value>0x171b</value>
      </symbol>
      <symbol id="sm-5d1">
         <name>CS_IRQHandler</name>
         <value>0x171b</value>
      </symbol>
      <symbol id="sm-5d2">
         <name>PCM_IRQHandler</name>
         <value>0x171b</value>
      </symbol>
      <symbol id="sm-5d3">
         <name>WDT_A_IRQHandler</name>
         <value>0x171b</value>
      </symbol>
      <symbol id="sm-5d4">
         <name>FPU_IRQHandler</name>
         <value>0x171b</value>
      </symbol>
      <symbol id="sm-5d5">
         <name>FLCTL_IRQHandler</name>
         <value>0x171b</value>
      </symbol>
      <symbol id="sm-5d6">
         <name>COMP_E0_IRQHandler</name>
         <value>0x171b</value>
      </symbol>
      <symbol id="sm-5d7">
         <name>COMP_E1_IRQHandler</name>
         <value>0x171b</value>
      </symbol>
      <symbol id="sm-5d8">
         <name>TA0_0_IRQHandler</name>
         <value>0x171b</value>
      </symbol>
      <symbol id="sm-5d9">
         <name>TA0_N_IRQHandler</name>
         <value>0x171b</value>
      </symbol>
      <symbol id="sm-5da">
         <name>TA1_0_IRQHandler</name>
         <value>0x1a8d</value>
      </symbol>
      <symbol id="sm-5db">
         <name>TA1_N_IRQHandler</name>
         <value>0x171b</value>
      </symbol>
      <symbol id="sm-5dc">
         <name>TA2_0_IRQHandler</name>
         <value>0x1e8d</value>
      </symbol>
      <symbol id="sm-5dd">
         <name>TA2_N_IRQHandler</name>
         <value>0x171b</value>
      </symbol>
      <symbol id="sm-5de">
         <name>TA3_0_IRQHandler</name>
         <value>0x171b</value>
      </symbol>
      <symbol id="sm-5df">
         <name>TA3_N_IRQHandler</name>
         <value>0x171b</value>
      </symbol>
      <symbol id="sm-5e0">
         <name>EUSCIA0_IRQHandler</name>
         <value>0xe5</value>
      </symbol>
      <symbol id="sm-5e1">
         <name>EUSCIA1_IRQHandler</name>
         <value>0x171b</value>
      </symbol>
      <symbol id="sm-5e2">
         <name>EUSCIA2_IRQHandler</name>
         <value>0x171b</value>
      </symbol>
      <symbol id="sm-5e3">
         <name>EUSCIA3_IRQHandler</name>
         <value>0x171b</value>
      </symbol>
      <symbol id="sm-5e4">
         <name>EUSCIB0_IRQHandler</name>
         <value>0x171b</value>
      </symbol>
      <symbol id="sm-5e5">
         <name>EUSCIB1_IRQHandler</name>
         <value>0x171b</value>
      </symbol>
      <symbol id="sm-5e6">
         <name>EUSCIB2_IRQHandler</name>
         <value>0x171b</value>
      </symbol>
      <symbol id="sm-5e7">
         <name>EUSCIB3_IRQHandler</name>
         <value>0x171b</value>
      </symbol>
      <symbol id="sm-5e8">
         <name>ADC14_IRQHandler</name>
         <value>0x1b35</value>
      </symbol>
      <symbol id="sm-5e9">
         <name>T32_INT1_IRQHandler</name>
         <value>0x171b</value>
      </symbol>
      <symbol id="sm-5ea">
         <name>T32_INT2_IRQHandler</name>
         <value>0x171b</value>
      </symbol>
      <symbol id="sm-5eb">
         <name>T32_INTC_IRQHandler</name>
         <value>0x171b</value>
      </symbol>
      <symbol id="sm-5ec">
         <name>AES256_IRQHandler</name>
         <value>0x171b</value>
      </symbol>
      <symbol id="sm-5ed">
         <name>RTC_C_IRQHandler</name>
         <value>0x171b</value>
      </symbol>
      <symbol id="sm-5ee">
         <name>DMA_ERR_IRQHandler</name>
         <value>0x171b</value>
      </symbol>
      <symbol id="sm-5ef">
         <name>DMA_INT3_IRQHandler</name>
         <value>0x171b</value>
      </symbol>
      <symbol id="sm-5f0">
         <name>DMA_INT2_IRQHandler</name>
         <value>0x171b</value>
      </symbol>
      <symbol id="sm-5f1">
         <name>DMA_INT1_IRQHandler</name>
         <value>0x171b</value>
      </symbol>
      <symbol id="sm-5f2">
         <name>DMA_INT0_IRQHandler</name>
         <value>0x171b</value>
      </symbol>
      <symbol id="sm-5f3">
         <name>PORT1_IRQHandler</name>
         <value>0x171b</value>
      </symbol>
      <symbol id="sm-5f4">
         <name>PORT2_IRQHandler</name>
         <value>0x171b</value>
      </symbol>
      <symbol id="sm-5f5">
         <name>PORT3_IRQHandler</name>
         <value>0x171b</value>
      </symbol>
      <symbol id="sm-5f6">
         <name>PORT4_IRQHandler</name>
         <value>0x171b</value>
      </symbol>
      <symbol id="sm-5f7">
         <name>PORT5_IRQHandler</name>
         <value>0x685</value>
      </symbol>
      <symbol id="sm-5f8">
         <name>PORT6_IRQHandler</name>
         <value>0x139d</value>
      </symbol>
   </symbol_table>
   <title>Link successful</title>
</link_info>
