******************************************************************************
                  TI ARM Linker PC v18.1.3                     
******************************************************************************
>> Linked Wed Oct 24 18:17:55 2018

OUTPUT FILE NAME:   <Prelab5.out>
ENTRY POINT SYMBOL: "_c_int00_noargs"  address: 00000b35


MEMORY CONFIGURATION

         name            origin    length      used     unused   attr    fill
----------------------  --------  ---------  --------  --------  ----  --------
  MAIN                  00000000   00040000  00000f08  0003f0f8  R  X
  INFO                  00200000   00004000  00000000  00004000  R  X
  SRAM_CODE             01000000   00010000  00000201  0000fdff  RW X
  SRAM_DATA             20000000   00010000  00000201  0000fdff  RW  


SEGMENT ALLOCATION MAP

run origin  load origin   length   init length attrs members
----------  ----------- ---------- ----------- ----- -------
00000000    00000000    00000f0c   00000f0c    r-x
  00000000    00000000    000000e4   000000e4    r-- .intvecs
  000000e4    000000e4    00000d7c   00000d7c    r-x .text
  00000e60    00000e60    00000094   00000094    r-- .const
  00000ef8    00000ef8    00000014   00000014    r-- .cinit
20000000    20000000    00000001   00000000    rw-
  20000000    20000000    00000001   00000000    rw- .bss
2000fe00    2000fe00    00000200   00000000    rw-
  2000fe00    2000fe00    00000200   00000000    rw- .stack


SECTION ALLOCATION MAP

 output                                  attributes/
section   page    origin      length       input sections
--------  ----  ----------  ----------   ----------------
.intvecs   0    00000000    000000e4     
                  00000000    000000e4     startup_msp432p401r_ccs.obj (.intvecs:retain)

.text      0    000000e4    00000d7c     
                  000000e4    0000019c     msp432p4xx_driverlib.lib : cs.o (.text:CS_setDCOFrequency)
                  00000280    00000168     printf.obj (.text:printf)
                  000003e8    00000130     msp432p4xx_driverlib.lib : cs.o (.text:CS_initClockSignal)
                  00000518    000000fc                              : uart.o (.text:UART_initModule)
                  00000614    000000d8     msp432p401x_p1_01.obj (.text:EUSCIA0_IRQHandler)
                  000006ec    00000094     msp432p4xx_driverlib.lib : sysctl_a.o (.text:SysCtl_A_getTLVInfo)
                  00000780    00000088                              : cs.o (.text:CS_tuneDCOFrequency)
                  00000808    00000088                              : gpio.o (.text:GPIO_setAsPeripheralModuleFunctionInputPin)
                  00000890    00000080                              : interrupt.o (.text:Interrupt_enableInterrupt)
                  00000910    0000007c     printf.obj (.text:xtoa)
                  0000098c    00000078     system_msp432p401r.obj (.text:SystemInit)
                  00000a04    00000056     msp432p4xx_driverlib.lib : uart.o (.text:UART_getEnabledInterruptStatus)
                  00000a5a    00000002     startup_msp432p401r_ccs.obj (.text:Default_Handler)
                  00000a5c    00000050     msp432p401x_p1_01.obj (.text:configADC)
                  00000aac    00000044     msp432p401x_p1_01.obj (.text:ADC14_IRQHandler)
                  00000af0    00000044     rtsv7M4_T_le_v4SPD16_eabi.lib : autoinit.c.obj (.text:__TI_auto_init_nobinit_nopinit:__TI_auto_init_nobinit_nopinit)
                  00000b34    00000038                                   : boot_cortex_m.c.obj (.text:_c_int00_noargs:_c_int00_noargs)
                  00000b6c    00000034     msp432p4xx_driverlib.lib : cs.o (.text:CS_setDCOCenteredFrequency)
                  00000ba0    00000034                              : uart.o (.text:UART_transmitData)
                  00000bd4    00000034     msp432p401x_p1_01.obj (.text:configClocks)
                  00000c08    00000034     msp432p401x_p1_01.obj (.text:configUART)
                  00000c3c    00000030     msp432p4xx_driverlib.lib : cs.o (.text:CS_setReferenceOscillatorFrequency)
                  00000c6c    00000030                              : uart.o (.text:UART_enableInterrupt)
                  00000c9c    00000030                              : uart.o (.text:UART_receiveData)
                  00000ccc    0000002c     msp432p401x_p1_01.obj (.text:configTimerA0PWMForADC)
                  00000cf8    0000002c     msp432p401x_p1_01.obj (.text:main)
                  00000d24    00000028     msp432p4xx_driverlib.lib : pcm.o (.text:PCM_gotoLPM0)
                  00000d4c    00000024                              : wdt_a.o (.text:WDT_A_holdTimer)
                  00000d70    00000024     printf.obj (.text:puts)
                  00000d94    0000001c     printf.obj (.text:puth)
                  00000db0    00000018     msp432p4xx_driverlib.lib : uart.o (.text:UART_getInterruptStatus)
                  00000dc8    00000016                              : uart.o (.text:UART_clearInterruptFlag)
                  00000dde    00000016                              : uart.o (.text:UART_enableModule)
                  00000df4    00000014     printf.obj (.text:sendByte)
                  00000e08    00000012     rtsv7M4_T_le_v4SPD16_eabi.lib : copy_zero_init.c.obj (.text:decompress:ZI:__TI_zero_init_nomemset:__TI_zero_init_nomemset)
                  00000e1a    00000012     printf.obj (.text:putc)
                  00000e2c    00000010     msp432p4xx_driverlib.lib : interrupt.o (.text:Interrupt_enableMaster)
                  00000e3c    0000000c                              : cpu.o (.text:CPU_cpsie)
                  00000e48    0000000c     startup_msp432p401r_ccs.obj (.text:Reset_Handler)
                  00000e54    00000004     msp432p4xx_driverlib.lib : cpu.o (.text:CPU_wfi)
                  00000e58    00000004     rtsv7M4_T_le_v4SPD16_eabi.lib : pre_init.c.obj (.text:_system_pre_init)
                  00000e5c    00000004                                   : exit.c.obj (.text:abort:abort)

.const     0    00000e60    00000094     
                  00000e60    00000030     msp432p4xx_driverlib.lib : gpio.o (.const:GPIO_PORT_TO_BASE)
                  00000e90    00000028     printf.obj (.const:dv)
                  00000eb8    00000024     msp432p401x_p1_01.obj (.const:uartConfig)
                  00000edc    00000010     printf.obj (.const:.string:hex$1)
                  00000eec    00000008     msp432p4xx_driverlib.lib : interrupt.o (.const:g_pulEnRegs)

.cinit     0    00000ef8    00000014     
                  00000ef8    00000008     (.cinit..bss.load) [load image, compression = zero_init]
                  00000f00    00000004     (__TI_handler_table)
                  00000f04    00000008     (__TI_cinit_table)

.init_array 
*          0    00000000    00000000     UNINITIALIZED

.binit     0    00000000    00000000     

.bss       0    20000000    00000001     UNINITIALIZED
                  20000000    00000001     msp432p401x_p1_01.obj (.bss)

.stack     0    2000fe00    00000200     UNINITIALIZED
                  2000fe00    00000004     rtsv7M4_T_le_v4SPD16_eabi.lib : boot_cortex_m.c.obj (.stack)
                  2000fe04    000001fc     --HOLE--

MODULE SUMMARY

       Module                        code   ro data   rw data
       ------                        ----   -------   -------
    .\
       printf.obj                    586    56        0      
       msp432p401x_p1_01.obj         556    36        2      
       system_msp432p401r.obj        120    0         0      
    +--+-----------------------------+------+---------+---------+
       Total:                        1262   92        2      
                                                             
    .\ccs\
       startup_msp432p401r_ccs.obj   14     228       0      
    +--+-----------------------------+------+---------+---------+
       Total:                        14     228       0      
                                                             
    C:/ti/simplelink_msp432p4_sdk_2_20_00_12/source/ti/devices/msp432p4xx/driverlib/ccs/msp432p4xx_driverlib.lib
       cs.o                          952    0         0      
       uart.o                        554    0         0      
       gpio.o                        136    48        0      
       interrupt.o                   144    8         0      
       sysctl_a.o                    148    0         0      
       pcm.o                         40     0         0      
       wdt_a.o                       36     0         0      
       cpu.o                         16     0         0      
    +--+-----------------------------+------+---------+---------+
       Total:                        2026   56        0      
                                                             
    C:\ti\ccsv8\tools\compiler\ti-cgt-arm_18.1.3.LTS\lib\rtsv7M4_T_le_v4SPD16_eabi.lib
       autoinit.c.obj                68     0         0      
       boot_cortex_m.c.obj           56     0         0      
       copy_zero_init.c.obj          18     0         0      
       exit.c.obj                    4      0         0      
       pre_init.c.obj                4      0         0      
    +--+-----------------------------+------+---------+---------+
       Total:                        150    0         0      
                                                             
       Stack:                        0      0         1024   
       Linker Generated:             0      20        0      
    +--+-----------------------------+------+---------+---------+
       Grand Total:                  3452   396       1026   


LINKER GENERATED COPY TABLES

__TI_cinit_table @ 00000f04 records: 1, size/record: 8, table size: 8
	.bss: load addr=00000ef8, load size=00000008 bytes, run addr=20000000, run size=00000001 bytes, compression=zero_init


LINKER GENERATED HANDLER TABLE

__TI_handler_table @ 00000f00 records: 1, size/record: 4, table size: 4
	index: 0, handler: __TI_zero_init


GLOBAL SYMBOLS: SORTED ALPHABETICALLY BY Name 

address   name                                      
-------   ----                                      
00000aad  ADC14_IRQHandler                          
00000aad  ADC14_IRQHandler                          
00000a5b  AES256_IRQHandler                         
00000a5b  BusFault_Handler                          
00000e5d  C$$EXIT                                   
00000a5b  COMP_E0_IRQHandler                        
00000a5b  COMP_E1_IRQHandler                        
00000e3d  CPU_cpsie                                 
00000e55  CPU_wfi                                   
00000a5b  CS_IRQHandler                             
000003e9  CS_initClockSignal                        
00000b6d  CS_setDCOCenteredFrequency                
000000e5  CS_setDCOFrequency                        
00000c3d  CS_setReferenceOscillatorFrequency        
00000781  CS_tuneDCOFrequency                       
00000a5b  DMA_ERR_IRQHandler                        
00000a5b  DMA_INT0_IRQHandler                       
00000a5b  DMA_INT1_IRQHandler                       
00000a5b  DMA_INT2_IRQHandler                       
00000a5b  DMA_INT3_IRQHandler                       
00000a5b  DebugMon_Handler                          
00000a5b  Default_Handler                           
00000615  EUSCIA0_IRQHandler                        
00000615  EUSCIA0_IRQHandler                        
00000a5b  EUSCIA1_IRQHandler                        
00000a5b  EUSCIA2_IRQHandler                        
00000a5b  EUSCIA3_IRQHandler                        
00000a5b  EUSCIB0_IRQHandler                        
00000a5b  EUSCIB1_IRQHandler                        
00000a5b  EUSCIB2_IRQHandler                        
00000a5b  EUSCIB3_IRQHandler                        
00000a5b  FLCTL_IRQHandler                          
00000a5b  FPU_IRQHandler                            
00000809  GPIO_setAsPeripheralModuleFunctionInputPin
00000a5b  HardFault_Handler                         
00000891  Interrupt_enableInterrupt                 
00000e2d  Interrupt_enableMaster                    
00000a5b  MemManage_Handler                         
00000a5b  NMI_Handler                               
00000a5b  PCM_IRQHandler                            
00000d25  PCM_gotoLPM0                              
00000a5b  PORT1_IRQHandler                          
00000a5b  PORT2_IRQHandler                          
00000a5b  PORT3_IRQHandler                          
00000a5b  PORT4_IRQHandler                          
00000a5b  PORT5_IRQHandler                          
00000a5b  PORT6_IRQHandler                          
00000a5b  PSS_IRQHandler                            
00000a5b  PendSV_Handler                            
00000a5b  RTC_C_IRQHandler                          
00000e49  Reset_Handler                             
00000a5b  SVC_Handler                               
000006ed  SysCtl_A_getTLVInfo                       
00000a5b  SysTick_Handler                           
0000098d  SystemInit                                
00000a5b  T32_INT1_IRQHandler                       
00000a5b  T32_INT2_IRQHandler                       
00000a5b  T32_INTC_IRQHandler                       
00000a5b  TA0_0_IRQHandler                          
00000a5b  TA0_N_IRQHandler                          
00000a5b  TA1_0_IRQHandler                          
00000a5b  TA1_N_IRQHandler                          
00000a5b  TA2_0_IRQHandler                          
00000a5b  TA2_N_IRQHandler                          
00000a5b  TA3_0_IRQHandler                          
00000a5b  TA3_N_IRQHandler                          
00000dc9  UART_clearInterruptFlag                   
00000c6d  UART_enableInterrupt                      
00000ddf  UART_enableModule                         
00000a05  UART_getEnabledInterruptStatus            
00000db1  UART_getInterruptStatus                   
00000519  UART_initModule                           
00000c9d  UART_receiveData                          
00000ba1  UART_transmitData                         
00000a5b  UsageFault_Handler                        
4000480c  WDTCTL_SYM                                
00000a5b  WDT_A_IRQHandler                          
00000d4d  WDT_A_holdTimer                           
20010000  __STACK_END                               
00000200  __STACK_SIZE                              
00000f04  __TI_CINIT_Base                           
00000f0c  __TI_CINIT_Limit                          
00000f00  __TI_Handler_Table_Base                   
00000f04  __TI_Handler_Table_Limit                  
00000af1  __TI_auto_init_nobinit_nopinit            
ffffffff  __TI_pprof_out_hndl                       
ffffffff  __TI_prof_data_size                       
ffffffff  __TI_prof_data_start                      
00000000  __TI_static_base__                        
00000e09  __TI_zero_init_nomemset                   
ffffffff  __binit__                                 
ffffffff  __c_args__                                
UNDEFED   __mpu_init                                
2000fe00  __stack                                   
00000b35  _c_int00_noargs                           
UNDEFED   _system_post_cinit                        
00000e59  _system_pre_init                          
00000e5d  abort                                     
ffffffff  binit                                     
00000a5d  configADC                                 
00000bd5  configClocks                              
00000ccd  configTimerA0PWMForADC                    
00000c09  configUART                                
00000000  interruptVectors                          
00000cf9  main                                      
00000281  printf                                    
00000e1b  putc                                      
00000d71  puts                                      
00000df5  sendByte                                  
00000eb8  uartConfig                                


GLOBAL SYMBOLS: SORTED BY Symbol Address 

address   name                                      
-------   ----                                      
00000000  __TI_static_base__                        
00000000  interruptVectors                          
000000e5  CS_setDCOFrequency                        
00000200  __STACK_SIZE                              
00000281  printf                                    
000003e9  CS_initClockSignal                        
00000519  UART_initModule                           
00000615  EUSCIA0_IRQHandler                        
00000615  EUSCIA0_IRQHandler                        
000006ed  SysCtl_A_getTLVInfo                       
00000781  CS_tuneDCOFrequency                       
00000809  GPIO_setAsPeripheralModuleFunctionInputPin
00000891  Interrupt_enableInterrupt                 
0000098d  SystemInit                                
00000a05  UART_getEnabledInterruptStatus            
00000a5b  AES256_IRQHandler                         
00000a5b  BusFault_Handler                          
00000a5b  COMP_E0_IRQHandler                        
00000a5b  COMP_E1_IRQHandler                        
00000a5b  CS_IRQHandler                             
00000a5b  DMA_ERR_IRQHandler                        
00000a5b  DMA_INT0_IRQHandler                       
00000a5b  DMA_INT1_IRQHandler                       
00000a5b  DMA_INT2_IRQHandler                       
00000a5b  DMA_INT3_IRQHandler                       
00000a5b  DebugMon_Handler                          
00000a5b  Default_Handler                           
00000a5b  EUSCIA1_IRQHandler                        
00000a5b  EUSCIA2_IRQHandler                        
00000a5b  EUSCIA3_IRQHandler                        
00000a5b  EUSCIB0_IRQHandler                        
00000a5b  EUSCIB1_IRQHandler                        
00000a5b  EUSCIB2_IRQHandler                        
00000a5b  EUSCIB3_IRQHandler                        
00000a5b  FLCTL_IRQHandler                          
00000a5b  FPU_IRQHandler                            
00000a5b  HardFault_Handler                         
00000a5b  MemManage_Handler                         
00000a5b  NMI_Handler                               
00000a5b  PCM_IRQHandler                            
00000a5b  PORT1_IRQHandler                          
00000a5b  PORT2_IRQHandler                          
00000a5b  PORT3_IRQHandler                          
00000a5b  PORT4_IRQHandler                          
00000a5b  PORT5_IRQHandler                          
00000a5b  PORT6_IRQHandler                          
00000a5b  PSS_IRQHandler                            
00000a5b  PendSV_Handler                            
00000a5b  RTC_C_IRQHandler                          
00000a5b  SVC_Handler                               
00000a5b  SysTick_Handler                           
00000a5b  T32_INT1_IRQHandler                       
00000a5b  T32_INT2_IRQHandler                       
00000a5b  T32_INTC_IRQHandler                       
00000a5b  TA0_0_IRQHandler                          
00000a5b  TA0_N_IRQHandler                          
00000a5b  TA1_0_IRQHandler                          
00000a5b  TA1_N_IRQHandler                          
00000a5b  TA2_0_IRQHandler                          
00000a5b  TA2_N_IRQHandler                          
00000a5b  TA3_0_IRQHandler                          
00000a5b  TA3_N_IRQHandler                          
00000a5b  UsageFault_Handler                        
00000a5b  WDT_A_IRQHandler                          
00000a5d  configADC                                 
00000aad  ADC14_IRQHandler                          
00000aad  ADC14_IRQHandler                          
00000af1  __TI_auto_init_nobinit_nopinit            
00000b35  _c_int00_noargs                           
00000b6d  CS_setDCOCenteredFrequency                
00000ba1  UART_transmitData                         
00000bd5  configClocks                              
00000c09  configUART                                
00000c3d  CS_setReferenceOscillatorFrequency        
00000c6d  UART_enableInterrupt                      
00000c9d  UART_receiveData                          
00000ccd  configTimerA0PWMForADC                    
00000cf9  main                                      
00000d25  PCM_gotoLPM0                              
00000d4d  WDT_A_holdTimer                           
00000d71  puts                                      
00000db1  UART_getInterruptStatus                   
00000dc9  UART_clearInterruptFlag                   
00000ddf  UART_enableModule                         
00000df5  sendByte                                  
00000e09  __TI_zero_init_nomemset                   
00000e1b  putc                                      
00000e2d  Interrupt_enableMaster                    
00000e3d  CPU_cpsie                                 
00000e49  Reset_Handler                             
00000e55  CPU_wfi                                   
00000e59  _system_pre_init                          
00000e5d  C$$EXIT                                   
00000e5d  abort                                     
00000eb8  uartConfig                                
00000f00  __TI_Handler_Table_Base                   
00000f04  __TI_CINIT_Base                           
00000f04  __TI_Handler_Table_Limit                  
00000f0c  __TI_CINIT_Limit                          
2000fe00  __stack                                   
20010000  __STACK_END                               
4000480c  WDTCTL_SYM                                
ffffffff  __TI_pprof_out_hndl                       
ffffffff  __TI_prof_data_size                       
ffffffff  __TI_prof_data_start                      
ffffffff  __binit__                                 
ffffffff  __c_args__                                
ffffffff  binit                                     
UNDEFED   __mpu_init                                
UNDEFED   _system_post_cinit                        

[110 symbols]
